[curric] D2 excision: 165028 -> 164896 rows
[caf] mode=zero k_bp=1 seed=23 cell=qual_zero_k1_s23_lr0.0003: stock 164490 seq
[curric] D2 excision: 165028 -> 164896 rows
164896 rows; charset 42; uncovered chars: [':', 'C', 'H', 'I', 'S', '_', 'a', 'b', 'c', 'e']
skipped 388 out-of-language rows (strict encode; historically silently mangled)
164490 sequences, vocab 40
model: 18.9M params on mps [fast: bf16 + token-budget]
[curric] NO-OP PASS: 100 tuples + epoch length 5140 match the trainer path
[caf] stream digests verified stock e0..e2
[caf] zero-credit: 50 frozen tensors, 9 trainable
[caf] steps_total 15420 (5140/epoch) peak lr 0.0003
[caf] ep0: 5140 batches
  step 200/15420 loss 1.265 (13.7 it/s)
  step 400/15420 loss 0.966 (14.5 it/s)
  step 600/15420 loss 0.878 (14.6 it/s)
  step 800/15420 loss 1.196 (14.9 it/s)
  step 1000/15420 loss 0.500 (15.3 it/s)
  step 1200/15420 loss 0.778 (15.3 it/s)
  step 1400/15420 loss 0.651 (15.6 it/s)
  step 1600/15420 loss 0.667 (15.5 it/s)
  step 1800/15420 loss 1.067 (15.5 it/s)
  step 2000/15420 loss 0.799 (15.6 it/s)
  step 2200/15420 loss 0.529 (15.7 it/s)
  step 2400/15420 loss 0.661 (15.6 it/s)
  step 2600/15420 loss 0.792 (15.8 it/s)
  step 2800/15420 loss 0.408 (15.7 it/s)
  step 3000/15420 loss 0.869 (15.6 it/s)
  step 3200/15420 loss 0.693 (15.7 it/s)
  step 3400/15420 loss 0.822 (15.7 it/s)
  step 3600/15420 loss 0.501 (15.7 it/s)
  step 3800/15420 loss 0.478 (15.8 it/s)
  step 4000/15420 loss 0.610 (15.7 it/s)
  step 4200/15420 loss 0.328 (15.8 it/s)
  step 4400/15420 loss 0.713 (15.8 it/s)
  step 4600/15420 loss 0.515 (15.8 it/s)
  step 4800/15420 loss 0.713 (15.8 it/s)
  step 5000/15420 loss 0.825 (15.8 it/s)
[caf] ep1: 5140 batches
  step 5200/15420 loss 0.455 (15.8 it/s)
  step 5400/15420 loss 0.455 (15.8 it/s)
  step 5600/15420 loss 0.635 (15.8 it/s)
  step 5800/15420 loss 0.447 (15.8 it/s)
  step 6000/15420 loss 0.462 (15.8 it/s)
  step 6200/15420 loss 0.397 (15.7 it/s)
  step 6400/15420 loss 0.577 (15.6 it/s)
  step 6600/15420 loss 0.813 (15.6 it/s)
  step 6800/15420 loss 0.473 (15.6 it/s)
  step 7000/15420 loss 0.771 (15.5 it/s)
  step 7200/15420 loss 0.473 (15.5 it/s)
  step 7400/15420 loss 0.680 (15.4 it/s)
  step 7600/15420 loss 0.583 (15.4 it/s)
  step 7800/15420 loss 0.386 (15.4 it/s)
  step 8000/15420 loss 0.522 (15.3 it/s)
  step 8200/15420 loss 0.450 (15.3 it/s)
  step 8400/15420 loss 0.569 (15.4 it/s)
  step 8600/15420 loss 0.513 (15.4 it/s)
  step 8800/15420 loss 0.409 (15.4 it/s)
  step 9000/15420 loss 0.436 (15.4 it/s)
  step 9200/15420 loss 0.432 (15.4 it/s)
  step 9400/15420 loss 0.792 (15.4 it/s)
  step 9600/15420 loss 0.397 (15.4 it/s)
  step 9800/15420 loss 0.498 (15.4 it/s)
  step 10000/15420 loss 0.482 (15.5 it/s)
  step 10200/15420 loss 0.427 (15.5 it/s)
[caf] ep2: 5140 batches
  step 10400/15420 loss 0.413 (15.5 it/s)
  step 10600/15420 loss 0.387 (15.5 it/s)
  step 10800/15420 loss 0.459 (15.5 it/s)
  step 11000/15420 loss 0.419 (15.5 it/s)
  step 11200/15420 loss 0.661 (15.5 it/s)
  step 11400/15420 loss 0.468 (15.6 it/s)
  step 11600/15420 loss 0.438 (15.6 it/s)
  step 11800/15420 loss 0.446 (15.6 it/s)
  step 12000/15420 loss 0.431 (15.6 it/s)
  step 12200/15420 loss 0.423 (15.6 it/s)
  step 12400/15420 loss 0.679 (15.6 it/s)
  step 12600/15420 loss 0.242 (15.6 it/s)
  step 12800/15420 loss 0.413 (15.6 it/s)
  step 13000/15420 loss 0.441 (15.6 it/s)
  step 13200/15420 loss 0.433 (15.6 it/s)
  step 13400/15420 loss 0.432 (15.6 it/s)
  step 13600/15420 loss 0.394 (15.6 it/s)
  step 13800/15420 loss 0.908 (15.7 it/s)
  step 14000/15420 loss 0.457 (15.7 it/s)
  step 14200/15420 loss 0.451 (15.7 it/s)
  step 14400/15420 loss 0.281 (15.7 it/s)
  step 14600/15420 loss 0.444 (15.6 it/s)
  step 14800/15420 loss 0.469 (15.6 it/s)
  step 15000/15420 loss 0.394 (15.6 it/s)
  step 15200/15420 loss 0.845 (15.6 it/s)
  step 15400/15420 loss 0.637 (15.7 it/s)
[caf] zero-credit freeze law verified: 50 tensors bit-identical to W_0
[caf] saved checkpoints/writercaf1/qual_zero_k1_s23_lr0.0003/final.pt after 15420 steps (985s)
[caf] receipt appended to logs/writercaf1/qual.jsonl (final state_digest b835cd5120d09d0c)
zero_rc=0
