[curric] D2 excision: 165028 -> 164896 rows
[caf] mode=zero k_bp=4 seed=23 cell=qual_zero_k4_s23_lr0.0003: stock 164490 seq
[curric] D2 excision: 165028 -> 164896 rows
164896 rows; charset 42; uncovered chars: [':', 'C', 'H', 'I', 'S', '_', 'a', 'b', 'c', 'e']
skipped 388 out-of-language rows (strict encode; historically silently mangled)
164490 sequences, vocab 40
model: 18.9M params on mps [fast: bf16 + token-budget]
[curric] NO-OP PASS: 100 tuples + epoch length 5140 match the trainer path
[caf] stream digests verified stock e0..e2
[caf] zero-credit: 29 frozen tensors, 30 trainable
[caf] steps_total 15420 (5140/epoch) peak lr 0.0003
[caf] ep0: 5140 batches
  step 200/15420 loss 1.080 (8.5 it/s)
  step 400/15420 loss 0.811 (8.7 it/s)
  step 600/15420 loss 0.753 (8.7 it/s)
  step 800/15420 loss 1.053 (8.8 it/s)
  step 1000/15420 loss 0.321 (8.9 it/s)
  step 1200/15420 loss 0.547 (8.9 it/s)
  step 1400/15420 loss 0.459 (9.0 it/s)
  step 1600/15420 loss 0.498 (8.9 it/s)
  step 1800/15420 loss 0.817 (8.9 it/s)
  step 2000/15420 loss 0.697 (9.0 it/s)
  step 2200/15420 loss 0.384 (9.0 it/s)
  step 2400/15420 loss 0.462 (9.0 it/s)
  step 2600/15420 loss 0.658 (9.0 it/s)
  step 2800/15420 loss 0.247 (9.0 it/s)
  step 3000/15420 loss 0.595 (9.0 it/s)
  step 3200/15420 loss 0.606 (9.0 it/s)
  step 3400/15420 loss 0.574 (9.0 it/s)
  step 3600/15420 loss 0.376 (9.0 it/s)
  step 3800/15420 loss 0.415 (9.0 it/s)
  step 4000/15420 loss 0.470 (9.0 it/s)
  step 4200/15420 loss 0.262 (9.0 it/s)
  step 4400/15420 loss 0.520 (9.0 it/s)
  step 4600/15420 loss 0.290 (9.0 it/s)
  step 4800/15420 loss 0.609 (9.0 it/s)
  step 5000/15420 loss 0.435 (9.0 it/s)
[caf] ep1: 5140 batches
  step 5200/15420 loss 0.375 (9.0 it/s)
  step 5400/15420 loss 0.368 (9.0 it/s)
  step 5600/15420 loss 0.387 (9.0 it/s)
  step 5800/15420 loss 0.300 (9.0 it/s)
  step 6000/15420 loss 0.372 (9.0 it/s)
  step 6200/15420 loss 0.318 (9.0 it/s)
  step 6400/15420 loss 0.359 (9.0 it/s)
  step 6600/15420 loss 0.725 (9.0 it/s)
  step 6800/15420 loss 0.374 (9.0 it/s)
  step 7000/15420 loss 0.666 (9.0 it/s)
  step 7200/15420 loss 0.352 (9.0 it/s)
  step 7400/15420 loss 0.583 (9.0 it/s)
  step 7600/15420 loss 0.408 (9.0 it/s)
  step 7800/15420 loss 0.334 (9.0 it/s)
  step 8000/15420 loss 0.350 (9.0 it/s)
  step 8200/15420 loss 0.420 (9.0 it/s)
  step 8400/15420 loss 0.450 (9.1 it/s)
  step 8600/15420 loss 0.379 (9.1 it/s)
  step 8800/15420 loss 0.347 (9.1 it/s)
  step 9000/15420 loss 0.269 (9.0 it/s)
  step 9200/15420 loss 0.341 (9.1 it/s)
  step 9400/15420 loss 0.624 (9.0 it/s)
  step 9600/15420 loss 0.350 (9.1 it/s)
  step 9800/15420 loss 0.279 (9.1 it/s)
  step 10000/15420 loss 0.394 (9.1 it/s)
  step 10200/15420 loss 0.399 (9.1 it/s)
[caf] ep2: 5140 batches
  step 10400/15420 loss 0.277 (9.1 it/s)
  step 10600/15420 loss 0.353 (9.1 it/s)
  step 10800/15420 loss 0.440 (9.1 it/s)
  step 11000/15420 loss 0.364 (9.1 it/s)
  step 11200/15420 loss 0.294 (9.1 it/s)
  step 11400/15420 loss 0.350 (9.1 it/s)
  step 11600/15420 loss 0.347 (9.1 it/s)
  step 11800/15420 loss 0.412 (9.1 it/s)
  step 12000/15420 loss 0.367 (9.1 it/s)
  step 12200/15420 loss 0.367 (9.1 it/s)
  step 12400/15420 loss 0.558 (9.1 it/s)
  step 12600/15420 loss 0.224 (9.1 it/s)
  step 12800/15420 loss 0.290 (9.1 it/s)
  step 13000/15420 loss 0.353 (9.1 it/s)
  step 13200/15420 loss 0.352 (9.1 it/s)
  step 13400/15420 loss 0.313 (9.1 it/s)
  step 13600/15420 loss 0.377 (9.1 it/s)
  step 13800/15420 loss 0.765 (9.1 it/s)
  step 14000/15420 loss 0.378 (9.1 it/s)
  step 14200/15420 loss 0.328 (9.1 it/s)
  step 14400/15420 loss 0.240 (9.1 it/s)
  step 14600/15420 loss 0.350 (9.1 it/s)
  step 14800/15420 loss 0.424 (9.1 it/s)
  step 15000/15420 loss 0.339 (9.1 it/s)
  step 15200/15420 loss 0.724 (9.1 it/s)
  step 15400/15420 loss 0.508 (9.1 it/s)
[caf] zero-credit freeze law verified: 29 tensors bit-identical to W_0
[caf] saved checkpoints/writercaf1/qual_zero_k4_s23_lr0.0003/final.pt after 15420 steps (1700s)
[caf] receipt appended to logs/writercaf1/qual.jsonl (final state_digest ab5dae34be682dab)
zero_rc=0
