[curric] D2 excision: 165028 -> 164896 rows
[caf] mode=zero k_bp=2 seed=23 cell=qual_zero_k2_s23_lr0.0003: stock 164490 seq
[curric] D2 excision: 165028 -> 164896 rows
164896 rows; charset 42; uncovered chars: [':', 'C', 'H', 'I', 'S', '_', 'a', 'b', 'c', 'e']
skipped 388 out-of-language rows (strict encode; historically silently mangled)
164490 sequences, vocab 40
model: 18.9M params on mps [fast: bf16 + token-budget]
[curric] NO-OP PASS: 100 tuples + epoch length 5140 match the trainer path
[caf] stream digests verified stock e0..e2
[caf] zero-credit: 43 frozen tensors, 16 trainable
[caf] steps_total 15420 (5140/epoch) peak lr 0.0003
[caf] ep0: 5140 batches
  step 200/15420 loss 1.150 (9.4 it/s)
  step 400/15420 loss 0.869 (10.1 it/s)
  step 600/15420 loss 0.766 (10.3 it/s)
  step 800/15420 loss 1.006 (10.4 it/s)
  step 1000/15420 loss 0.376 (10.7 it/s)
  step 1200/15420 loss 0.682 (10.7 it/s)
  step 1400/15420 loss 0.538 (11.0 it/s)
  step 1600/15420 loss 0.546 (11.0 it/s)
  step 1800/15420 loss 0.877 (11.1 it/s)
  step 2000/15420 loss 0.737 (10.9 it/s)
  step 2200/15420 loss 0.419 (11.0 it/s)
  step 2400/15420 loss 0.501 (11.1 it/s)
  step 2600/15420 loss 0.691 (11.3 it/s)
  step 2800/15420 loss 0.266 (11.3 it/s)
  step 3000/15420 loss 0.685 (11.3 it/s)
  step 3200/15420 loss 0.635 (11.3 it/s)
  step 3400/15420 loss 0.628 (11.4 it/s)
  step 3600/15420 loss 0.392 (11.3 it/s)
  step 3800/15420 loss 0.415 (11.3 it/s)
  step 4000/15420 loss 0.499 (11.2 it/s)
  step 4200/15420 loss 0.265 (11.2 it/s)
  step 4400/15420 loss 0.613 (11.3 it/s)
  step 4600/15420 loss 0.328 (11.3 it/s)
  step 4800/15420 loss 0.637 (11.3 it/s)
  step 5000/15420 loss 0.529 (11.3 it/s)
[caf] ep1: 5140 batches
  step 5200/15420 loss 0.401 (11.3 it/s)
  step 5400/15420 loss 0.380 (11.4 it/s)
  step 5600/15420 loss 0.445 (11.4 it/s)
  step 5800/15420 loss 0.309 (11.4 it/s)
  step 6000/15420 loss 0.390 (11.5 it/s)
  step 6200/15420 loss 0.325 (11.4 it/s)
  step 6400/15420 loss 0.405 (11.4 it/s)
  step 6600/15420 loss 0.750 (11.4 it/s)
  step 6800/15420 loss 0.394 (11.4 it/s)
  step 7000/15420 loss 0.720 (11.4 it/s)
  step 7200/15420 loss 0.365 (11.4 it/s)
  step 7400/15420 loss 0.628 (11.4 it/s)
  step 7600/15420 loss 0.417 (11.4 it/s)
  step 7800/15420 loss 0.339 (11.5 it/s)
  step 8000/15420 loss 0.381 (11.5 it/s)
  step 8200/15420 loss 0.425 (11.5 it/s)
  step 8400/15420 loss 0.476 (11.6 it/s)
  step 8600/15420 loss 0.400 (11.6 it/s)
  step 8800/15420 loss 0.357 (11.6 it/s)
  step 9000/15420 loss 0.292 (11.6 it/s)
  step 9200/15420 loss 0.351 (11.6 it/s)
  step 9400/15420 loss 0.689 (11.6 it/s)
  step 9600/15420 loss 0.352 (11.6 it/s)
  step 9800/15420 loss 0.326 (11.6 it/s)
  step 10000/15420 loss 0.402 (11.6 it/s)
  step 10200/15420 loss 0.405 (11.6 it/s)
[caf] ep2: 5140 batches
  step 10400/15420 loss 0.292 (11.6 it/s)
  step 10600/15420 loss 0.357 (11.7 it/s)
  step 10800/15420 loss 0.441 (11.7 it/s)
  step 11000/15420 loss 0.377 (11.7 it/s)
  step 11200/15420 loss 0.383 (11.7 it/s)
  step 11400/15420 loss 0.366 (11.7 it/s)
  step 11600/15420 loss 0.354 (11.8 it/s)
  step 11800/15420 loss 0.425 (11.8 it/s)
  step 12000/15420 loss 0.373 (11.8 it/s)
  step 12200/15420 loss 0.374 (11.8 it/s)
  step 12400/15420 loss 0.600 (11.8 it/s)
  step 12600/15420 loss 0.227 (11.8 it/s)
  step 12800/15420 loss 0.307 (11.8 it/s)
  step 13000/15420 loss 0.363 (11.8 it/s)
  step 13200/15420 loss 0.364 (11.8 it/s)
  step 13400/15420 loss 0.336 (11.8 it/s)
  step 13600/15420 loss 0.379 (11.8 it/s)
  step 13800/15420 loss 0.775 (11.8 it/s)
  step 14000/15420 loss 0.385 (11.9 it/s)
  step 14200/15420 loss 0.346 (11.9 it/s)
  step 14400/15420 loss 0.245 (11.9 it/s)
  step 14600/15420 loss 0.361 (11.9 it/s)
  step 14800/15420 loss 0.432 (11.9 it/s)
  step 15000/15420 loss 0.348 (11.9 it/s)
  step 15200/15420 loss 0.767 (11.9 it/s)
  step 15400/15420 loss 0.536 (11.9 it/s)
[caf] zero-credit freeze law verified: 43 tensors bit-identical to W_0
[caf] saved checkpoints/writercaf1/qual_zero_k2_s23_lr0.0003/final.pt after 15420 steps (1298s)
[caf] receipt appended to logs/writercaf1/qual.jsonl (final state_digest 34e5f7d993a48f3e)
zero_rc=0
