[gate] weights sha 8cd79f64480c8d0d
[depend] N3/full: 63 (73.0s)
[gate] weights sha 89369f834bfce40f
[depend] W0_seed7: 0 (55.3s)
[gate] weights sha bccfeee2f0794fa3
[depend] N3/revert/BLOCK0: 16 (69.0s)
[gate] weights sha d2eae5d3f3a555d1
[depend] N3/revert/BLOCK1: 47 (68.3s)
[gate] weights sha 5f80eb6acd74dd4e
[depend] N3/revert/BLOCK2: 51 (70.1s)
[gate] weights sha e5b6ebdc8b89efb1
[depend] N3/revert/BLOCK3: 51 (68.8s)
[gate] weights sha c7aa8883aec9f40c
[depend] N3/revert/BLOCK4: 46 (68.2s)
[gate] weights sha cd79183f1061c65b
[depend] N3/revert/BLOCK5: 34 (71.7s)
[gate] weights sha 4dc4c88eafa83c54
[depend] N3/revert/BLOCK6: 56 (73.5s)
[gate] weights sha bef063b976aa28ac
[depend] N3/revert/BLOCK7: 32 (71.2s)
[gate] weights sha 17298d007be932cd
[depend] N3/revert/OUTSIDE: 62 (71.5s)
[gate] weights sha eee5bd4620b8194d
[depend] N3/revert/CLASS_qkv: 0 (108.7s)
[gate] weights sha fb686146be1f2d94
[depend] N3/revert/CLASS_o: 1 (98.9s)
[gate] weights sha befd67c7903086eb
[depend] N3/revert/CLASS_gate: 41 (68.9s)
[gate] weights sha 0ea0e00caee3ff34
[depend] N3/revert/CLASS_up: 39 (67.7s)
[gate] weights sha af05dadc5e07ae93
[depend] N3/revert/CLASS_down: 3 (72.0s)
[gate] weights sha 31371239282ee43f
[depend] N3/revert/CLASS_norms: 62 (70.6s)
[gate] weights sha 75d221fcd40320db
[depend] N3/revert/CLASS_emb: 63 (68.7s)
[gate] weights sha 24ee0d3b20a71af9
[depend] N3/revert/CLASS_head: 62 (70.3s)
[gate] weights sha 226a47875e8f0ee8
[depend] N4/full: 61 (69.8s)
[gate] weights sha 3d2e2dc5b5c11645
[depend] N4/revert/BLOCK0: 19 (74.7s)
[gate] weights sha 218653056891cb9e
[depend] N4/revert/BLOCK1: 45 (72.7s)
[gate] weights sha 1a6c1691d49b6abe
[depend] N4/revert/BLOCK2: 48 (74.5s)
[gate] weights sha 211df33207ccf260
[depend] N4/revert/BLOCK3: 43 (74.2s)
[gate] weights sha 85919b9730e345a9
[depend] N4/revert/BLOCK4: 48 (71.0s)
[gate] weights sha 7080ce9a3780d279
[depend] N4/revert/BLOCK5: 32 (79.7s)
[gate] weights sha f87bd4ed681f2c51
[depend] N4/revert/BLOCK6: 57 (79.3s)
[gate] weights sha 19d92d1fd8041e42
[depend] N4/revert/BLOCK7: 29 (81.3s)
[gate] weights sha 90d2ce0adfb516d4
[depend] N4/revert/OUTSIDE: 63 (76.6s)
[gate] weights sha 8d8948f4b2db4cd5
[depend] N4/revert/CLASS_qkv: 0 (116.5s)
[gate] weights sha 0a50e5d5f09621bc
[depend] N4/revert/CLASS_o: 1 (99.7s)
[gate] weights sha a969bc4e446ad620
[depend] N4/revert/CLASS_gate: 41 (71.8s)
[gate] weights sha 8dd9d387ac2a38a4
[depend] N4/revert/CLASS_up: 43 (75.0s)
[gate] weights sha 7357e9c49b2d724a
[depend] N4/revert/CLASS_down: 1 (72.1s)
[gate] weights sha 8b0b06395834285a
[depend] N4/revert/CLASS_norms: 62 (73.4s)
[gate] weights sha 91f60cc556519a32
[depend] N4/revert/CLASS_emb: 61 (70.9s)
[gate] weights sha e90c13225ecbc38c
[depend] N4/revert/CLASS_head: 63 (76.0s)
[gate] weights sha 1c3852d6fc2bb716
[depend] N3<-N4/BLOCK0: 62 (77.4s)
[gate] weights sha 0db7a4eb7becb035
[depend] N3<-N4/BLOCK1: 64 (73.9s)
[gate] weights sha b06cd589eb1fc40c
[depend] N3<-N4/BLOCK2: 63 (73.3s)
[gate] weights sha 6f060570012b4d0a
[depend] N3<-N4/BLOCK3: 62 (75.6s)
[gate] weights sha 7c4eb98c9e4b881c
[depend] N3<-N4/BLOCK4: 65 (76.8s)
[gate] weights sha 2b78a8c225b8f1a9
[depend] N3<-N4/BLOCK5: 58 (72.9s)
[gate] weights sha 790f9fc069d50c01
[depend] N3<-N4/BLOCK6: 68 (77.7s)
[gate] weights sha 3bb3d5bd9a804852
[depend] N3<-N4/BLOCK7: 65 (77.6s)
[gate] weights sha b365e7f139c1c88b
[depend] N4<-N3/BLOCK0: 61 (77.1s)
[gate] weights sha 2bd15c18713d5534
[depend] N4<-N3/BLOCK1: 62 (76.8s)
[gate] weights sha 5b8aca5919553da5
[depend] N4<-N3/BLOCK2: 62 (76.3s)
[gate] weights sha 7776b2f0fc97d99c
[depend] N4<-N3/BLOCK3: 62 (78.2s)
[gate] weights sha 9e95b0474afca251
[depend] N4<-N3/BLOCK4: 62 (77.6s)
[gate] weights sha 6a7700df5692bd2d
[depend] N4<-N3/BLOCK5: 64 (79.0s)
[gate] weights sha af6975443cae1d49
[depend] N4<-N3/BLOCK6: 61 (77.3s)
[gate] weights sha c40e3cf7a8adb2fb
[depend] N4<-N3/BLOCK7: 61 (77.8s)
[depend] written; null strengthening: {"pair": ["N3", "N4"], "band": 2, "profile_dist_9group": 9.848857801796104, "profile_dist_8class": 7.810249675906654, "swap_min": -5, "swap_median": 1.0, "n_swaps": 16}
