[liverun] armed mezo0 pid 73528 commit 000c9583 worktree /Users/artin/code/llmopt sentinel /Users/artin/code/llmopt/.git/liverun.lock
[curric] D2 excision: 165028 -> 164896 rows
[mezo] s27_step463/chunk2 vanilla: fid@0.001 sign 1.00 relerr 0.001 | ideal cos m=1/4 2.59e-04/5.84e-04 (ref 3.25e-04) | R actual m=4 [0.027468, 0.023145, 0.016037, 0.016274] D_bp -0.0573
[mezo] s27_step463/chunk2 rank1: fid@0.001 sign 1.00 relerr 0.001 | ideal cos m=1/4 2.20e-04/5.66e-04 (ref 5.26e-03) | R actual m=4 [0.023209, 0.014748, 0.021889, 0.010849] D_bp -0.0573
[mezo] s27_step463/chunk2 done: 1193 loss evaluations (112s)
[mezo] s27_step463/chunk4 vanilla: fid@0.001 sign 1.00 relerr 0.001 | ideal cos m=1/4 2.19e-04/6.35e-04 (ref 3.25e-04) | R actual m=4 [0.019914, 0.023733, 0.018456, 0.025957] D_bp -0.0492
[mezo] s27_step463/chunk4 rank1: fid@0.001 sign 1.00 relerr 0.002 | ideal cos m=1/4 2.18e-04/4.98e-04 (ref 5.26e-03) | R actual m=4 [0.04786, 0.008628, 0.02532, 0.019163] D_bp -0.0492
[mezo] s27_step463/chunk4 done: 1193 loss evaluations (259s)
[mezo] s27_step3084/chunk2 vanilla: fid@0.001 sign 1.00 relerr 0.003 | ideal cos m=1/4 1.70e-04/5.12e-04 (ref 3.25e-04) | R actual m=4 [0.015491, 0.005665, 0.015204, 0.008911] D_bp -0.0467
[mezo] s27_step3084/chunk2 rank1: fid@0.001 sign 1.00 relerr 0.004 | ideal cos m=1/4 1.69e-04/4.58e-04 (ref 5.26e-03) | R actual m=4 [0.007283, 0.008686, 0.017297, 0.011266] D_bp -0.0467
[mezo] s27_step3084/chunk2 done: 1193 loss evaluations (370s)
[mezo] s27_step3084/chunk4 vanilla: fid@0.001 sign 1.00 relerr 0.002 | ideal cos m=1/4 2.26e-04/6.03e-04 (ref 3.25e-04) | R actual m=4 [0.0059, 0.003502, 0.013996, 0.018913] D_bp -0.0584
[mezo] s27_step3084/chunk4 rank1: fid@0.001 sign 1.00 relerr 0.003 | ideal cos m=1/4 2.38e-04/6.06e-04 (ref 5.26e-03) | R actual m=4 [0.015966, 0.001436, 0.01235, 0.003906] D_bp -0.0584
[mezo] s27_step3084/chunk4 done: 1193 loss evaluations (517s)
[mezo] s27_step5140/chunk2 vanilla: fid@0.001 sign 1.00 relerr 0.004 | ideal cos m=1/4 1.85e-04/5.44e-04 (ref 3.25e-04) | R actual m=4 [0.010129, 0.011084, 0.016798, 0.027205] D_bp -0.0424
[mezo] s27_step5140/chunk2 rank1: fid@0.001 sign 1.00 relerr 0.003 | ideal cos m=1/4 2.66e-04/7.02e-04 (ref 5.26e-03) | R actual m=4 [0.009147, 0.005438, 0.023807, 0.020525] D_bp -0.0424
[mezo] s27_step5140/chunk2 done: 1193 loss evaluations (629s)
[mezo] s27_step5140/chunk4 vanilla: fid@0.001 sign 0.97 relerr 0.003 | ideal cos m=1/4 2.10e-04/6.38e-04 (ref 3.25e-04) | R actual m=4 [0.015243, 0.020158, 0.022212, 0.017104] D_bp -0.0362
[mezo] s27_step5140/chunk4 rank1: fid@0.001 sign 1.00 relerr 0.003 | ideal cos m=1/4 2.37e-04/5.59e-04 (ref 5.26e-03) | R actual m=4 [0.024816, 0.013531, 0.019061, 0.002549] D_bp -0.0362
[mezo] s27_step5140/chunk4 done: 1193 loss evaluations (776s)
[mezo] s27_step15420/chunk2 vanilla: fid@0.001 sign 0.98 relerr 0.002 | ideal cos m=1/4 1.79e-04/5.27e-04 (ref 3.25e-04) | R actual m=4 [0.016501, 0.008133, 0.017916, 0.029114] D_bp -0.0203
[mezo] s27_step15420/chunk2 rank1: fid@0.001 sign 1.00 relerr 0.002 | ideal cos m=1/4 2.59e-04/5.57e-04 (ref 5.26e-03) | R actual m=4 [0.022075, 0.019438, 0.024127, 0.040886] D_bp -0.0203
[mezo] s27_step15420/chunk2 done: 1193 loss evaluations (888s)
[mezo] s27_step15420/chunk4 vanilla: fid@0.001 sign 1.00 relerr 0.003 | ideal cos m=1/4 2.09e-04/5.22e-04 (ref 3.25e-04) | R actual m=4 [0.011799, 0.019259, 0.009986, 0.005312] D_bp -0.0332
[mezo] s27_step15420/chunk4 rank1: fid@0.001 sign 1.00 relerr 0.003 | ideal cos m=1/4 2.32e-04/5.79e-04 (ref 5.26e-03) | R actual m=4 [0.026507, 0.015566, 0.025963, 0.015273] D_bp -0.0332
[mezo] s27_step15420/chunk4 done: 1193 loss evaluations (1034s)
[mezo] s28_step463/chunk2 vanilla: fid@0.001 sign 0.98 relerr 0.001 | ideal cos m=1/4 1.89e-04/5.85e-04 (ref 3.25e-04) | R actual m=4 [0.015471, 0.024696, 0.023493, 0.022133] D_bp -0.0562
[mezo] s28_step463/chunk2 rank1: fid@0.001 sign 1.00 relerr 0.002 | ideal cos m=1/4 2.11e-04/5.44e-04 (ref 5.26e-03) | R actual m=4 [0.03303, 0.005139, 0.014912, 0.025714] D_bp -0.0562
[mezo] s28_step463/chunk2 done: 1193 loss evaluations (1145s)
[mezo] s28_step463/chunk4 vanilla: fid@0.001 sign 1.00 relerr 0.001 | ideal cos m=1/4 2.41e-04/6.19e-04 (ref 3.25e-04) | R actual m=4 [0.008614, 0.04161, 0.016512, 0.01996] D_bp -0.0497
[mezo] s28_step463/chunk4 rank1: fid@0.001 sign 1.00 relerr 0.002 | ideal cos m=1/4 2.29e-04/6.01e-04 (ref 5.26e-03) | R actual m=4 [0.030105, 0.009803, 0.013792, 0.021249] D_bp -0.0497
[mezo] s28_step463/chunk4 done: 1193 loss evaluations (1288s)
[mezo] s28_step3084/chunk2 vanilla: fid@0.001 sign 1.00 relerr 0.003 | ideal cos m=1/4 2.48e-04/5.45e-04 (ref 3.25e-04) | R actual m=4 [0.011681, 0.007394, 0.014368, 0.022105] D_bp -0.0440
[mezo] s28_step3084/chunk2 rank1: fid@0.001 sign 1.00 relerr 0.003 | ideal cos m=1/4 1.78e-04/5.28e-04 (ref 5.26e-03) | R actual m=4 [0.033086, 0.012254, 0.005012, 0.009756] D_bp -0.0440
[mezo] s28_step3084/chunk2 done: 1193 loss evaluations (1396s)
[mezo] s28_step3084/chunk4 vanilla: fid@0.001 sign 1.00 relerr 0.003 | ideal cos m=1/4 2.29e-04/5.80e-04 (ref 3.25e-04) | R actual m=4 [0.005838, 0.016565, 0.013492, 0.004149] D_bp -0.0672
[mezo] s28_step3084/chunk4 rank1: fid@0.001 sign 1.00 relerr 0.003 | ideal cos m=1/4 2.25e-04/6.46e-04 (ref 5.26e-03) | R actual m=4 [0.012264, 0.00323, 0.005837, 0.01009] D_bp -0.0672
[mezo] s28_step3084/chunk4 done: 1193 loss evaluations (1542s)
[mezo] s28_step5140/chunk2 vanilla: fid@0.001 sign 1.00 relerr 0.003 | ideal cos m=1/4 2.24e-04/6.64e-04 (ref 3.25e-04) | R actual m=4 [0.007011, 0.020453, 0.017371, 0.034771] D_bp -0.0355
[mezo] s28_step5140/chunk2 rank1: fid@0.001 sign 1.00 relerr 0.004 | ideal cos m=1/4 2.04e-04/5.90e-04 (ref 5.26e-03) | R actual m=4 [0.049859, 0.021932, 0.000611, 0.020454] D_bp -0.0355
[mezo] s28_step5140/chunk2 done: 1193 loss evaluations (1650s)
[mezo] s28_step5140/chunk4 vanilla: fid@0.001 sign 1.00 relerr 0.002 | ideal cos m=1/4 2.19e-04/5.66e-04 (ref 3.25e-04) | R actual m=4 [0.027943, 0.014755, 0.017079, 0.010953] D_bp -0.0392
[mezo] s28_step5140/chunk4 rank1: fid@0.001 sign 1.00 relerr 0.003 | ideal cos m=1/4 2.43e-04/5.88e-04 (ref 5.26e-03) | R actual m=4 [0.0165, 0.010963, 0.026174, 0.012033] D_bp -0.0392
[mezo] s28_step5140/chunk4 done: 1193 loss evaluations (1794s)
[mezo] s28_step15420/chunk2 vanilla: fid@0.001 sign 0.98 relerr 0.003 | ideal cos m=1/4 2.27e-04/6.01e-04 (ref 3.25e-04) | R actual m=4 [0.009703, 0.019006, 0.029751, 0.039799] D_bp -0.0197
[mezo] s28_step15420/chunk2 rank1: fid@0.001 sign 0.98 relerr 0.004 | ideal cos m=1/4 1.58e-04/4.54e-04 (ref 5.26e-03) | R actual m=4 [0.049772, 0.01818, 0.016033, 0.02045] D_bp -0.0197
[mezo] s28_step15420/chunk2 done: 1193 loss evaluations (1905s)
[mezo] s28_step15420/chunk4 vanilla: fid@0.001 sign 1.00 relerr 0.003 | ideal cos m=1/4 2.29e-04/6.70e-04 (ref 3.25e-04) | R actual m=4 [0.012398, 0.015741, 0.017977, 0.013044] D_bp -0.0307
[mezo] s28_step15420/chunk4 rank1: fid@0.001 sign 1.00 relerr 0.003 | ideal cos m=1/4 1.80e-04/5.57e-04 (ref 5.26e-03) | R actual m=4 [0.013146, 0.00755, 0.020301, 0.006626] D_bp -0.0307
[mezo] s28_step15420/chunk4 done: 1193 loss evaluations (2050s)
[mezo] written logs/mezo0/desk.json; verdict PARK
[liverun] disarmed mezo0 rc 0
