[liverun] armed crossfoster1c pid 33583 commit 06612fc4 worktree /Users/artin/code/llmopt sentinel /Users/artin/code/llmopt/.git/liverun.lock
[curric] D2 excision: 165028 -> 164896 rows
[chain] processed 100 retained 11 rows 31 / 6000 acc {'inadequate_both': 64, 'excluded_diet': 20, 'retained': 11, 'inadequate_A': 2, 'inadequate_B': 2, 'gen_failed': 1} (236s)
[chain] processed 200 retained 20 rows 58 / 6000 acc {'inadequate_both': 133, 'excluded_diet': 38, 'retained': 20, 'inadequate_A': 3, 'inadequate_B': 5, 'gen_failed': 1} (442s)
[chain] processed 300 retained 33 rows 92 / 6000 acc {'inadequate_both': 196, 'excluded_diet': 58, 'retained': 33, 'inadequate_A': 4, 'inadequate_B': 7, 'gen_failed': 2} (707s)
[chain] processed 400 retained 47 rows 130 / 6000 acc {'inadequate_both': 259, 'excluded_diet': 78, 'retained': 47, 'inadequate_A': 4, 'inadequate_B': 9, 'gen_failed': 2, 'excluded_dup': 1} (867s)
[chain] processed 500 retained 58 rows 161 / 6000 acc {'inadequate_both': 323, 'excluded_diet': 99, 'retained': 58, 'inadequate_A': 6, 'inadequate_B': 10, 'gen_failed': 3, 'excluded_dup': 1} (1143s)
[chain] processed 600 retained 67 rows 186 / 6000 acc {'inadequate_both': 387, 'excluded_diet': 123, 'retained': 67, 'inadequate_A': 7, 'inadequate_B': 11, 'gen_failed': 3, 'excluded_dup': 2} (1384s)
[chain] processed 700 retained 81 rows 228 / 6000 acc {'inadequate_both': 453, 'excluded_diet': 137, 'retained': 81, 'inadequate_A': 9, 'inadequate_B': 13, 'gen_failed': 5, 'excluded_dup': 2} (1729s)
[chain] processed 800 retained 88 rows 246 / 6000 acc {'inadequate_both': 520, 'excluded_diet': 161, 'retained': 88, 'inadequate_A': 10, 'inadequate_B': 14, 'gen_failed': 5, 'excluded_dup': 2} (1929s)
[chain] processed 900 retained 97 rows 268 / 6000 acc {'inadequate_both': 586, 'excluded_diet': 182, 'retained': 97, 'inadequate_A': 11, 'inadequate_B': 16, 'gen_failed': 6, 'excluded_dup': 2} (2233s)
[chain] processed 1000 retained 110 rows 301 / 6000 acc {'inadequate_both': 647, 'excluded_diet': 200, 'retained': 110, 'inadequate_A': 13, 'inadequate_B': 20, 'gen_failed': 7, 'excluded_dup': 2, 'excluded_band': 1} (2498s)
[chain] processed 1100 retained 119 rows 326 / 6000 acc {'inadequate_both': 716, 'excluded_diet': 216, 'retained': 119, 'inadequate_A': 14, 'inadequate_B': 22, 'gen_failed': 8, 'excluded_dup': 2, 'excluded_band': 3} (2747s)
[chain] processed 1200 retained 128 rows 355 / 6000 acc {'inadequate_both': 783, 'excluded_diet': 237, 'retained': 128, 'inadequate_A': 14, 'inadequate_B': 24, 'gen_failed': 8, 'excluded_dup': 3, 'excluded_band': 3} (2966s)
[chain] processed 1300 retained 139 rows 384 / 6000 acc {'inadequate_both': 846, 'excluded_diet': 259, 'retained': 139, 'inadequate_A': 16, 'inadequate_B': 25, 'gen_failed': 8, 'excluded_dup': 4, 'excluded_band': 3} (3158s)
[chain] processed 1400 retained 150 rows 415 / 6000 acc {'inadequate_both': 906, 'excluded_diet': 280, 'retained': 150, 'inadequate_A': 17, 'inadequate_B': 31, 'gen_failed': 9, 'excluded_dup': 4, 'excluded_band': 3} (3434s)
[chain] processed 1500 retained 162 rows 447 / 6000 acc {'inadequate_both': 969, 'excluded_diet': 297, 'retained': 162, 'inadequate_A': 19, 'inadequate_B': 33, 'gen_failed': 10, 'excluded_dup': 7, 'excluded_band': 3} (3731s)
[chain] processed 1600 retained 175 rows 478 / 6000 acc {'inadequate_both': 1035, 'excluded_diet': 314, 'retained': 175, 'inadequate_A': 20, 'inadequate_B': 34, 'gen_failed': 11, 'excluded_dup': 8, 'excluded_band': 3} (3989s)
[chain] processed 1700 retained 188 rows 518 / 6000 acc {'inadequate_both': 1101, 'excluded_diet': 332, 'retained': 188, 'inadequate_A': 20, 'inadequate_B': 37, 'gen_failed': 11, 'excluded_dup': 8, 'excluded_band': 3} (4245s)
[chain] processed 1800 retained 196 rows 539 / 6000 acc {'inadequate_both': 1158, 'excluded_diet': 360, 'retained': 196, 'inadequate_A': 21, 'inadequate_B': 39, 'gen_failed': 13, 'excluded_dup': 9, 'excluded_band': 4} (4524s)
[chain] processed 1900 retained 210 rows 575 / 6000 acc {'inadequate_both': 1224, 'excluded_diet': 376, 'retained': 210, 'inadequate_A': 22, 'inadequate_B': 41, 'gen_failed': 13, 'excluded_dup': 10, 'excluded_band': 4} (4787s)
[chain] processed 2000 retained 216 rows 591 / 6000 acc {'inadequate_both': 1296, 'excluded_diet': 394, 'retained': 216, 'inadequate_A': 25, 'inadequate_B': 41, 'gen_failed': 13, 'excluded_dup': 11, 'excluded_band': 4} (5046s)
[chain] processed 2100 retained 224 rows 616 / 6000 acc {'inadequate_both': 1364, 'excluded_diet': 411, 'retained': 224, 'inadequate_A': 28, 'inadequate_B': 44, 'gen_failed': 13, 'excluded_dup': 12, 'excluded_band': 4} (5324s)
[chain] processed 2200 retained 233 rows 640 / 6000 acc {'inadequate_both': 1428, 'excluded_diet': 430, 'retained': 233, 'inadequate_A': 30, 'inadequate_B': 47, 'gen_failed': 13, 'excluded_dup': 15, 'excluded_band': 4} (5561s)
[chain] processed 2300 retained 245 rows 672 / 6000 acc {'inadequate_both': 1485, 'excluded_diet': 453, 'retained': 245, 'inadequate_A': 33, 'inadequate_B': 52, 'gen_failed': 13, 'excluded_dup': 15, 'excluded_band': 4} (5849s)
[chain] processed 2400 retained 251 rows 688 / 6000 acc {'inadequate_both': 1551, 'excluded_diet': 475, 'retained': 251, 'inadequate_A': 34, 'inadequate_B': 55, 'gen_failed': 14, 'excluded_dup': 15, 'excluded_band': 5} (6152s)
[chain] processed 2500 retained 258 rows 709 / 6000 acc {'inadequate_both': 1618, 'excluded_diet': 492, 'retained': 258, 'inadequate_A': 37, 'inadequate_B': 57, 'gen_failed': 15, 'excluded_dup': 17, 'excluded_band': 6} (6447s)
[chain] processed 2600 retained 267 rows 734 / 6000 acc {'inadequate_both': 1683, 'excluded_diet': 509, 'retained': 267, 'inadequate_A': 37, 'inadequate_B': 60, 'gen_failed': 16, 'excluded_dup': 19, 'excluded_band': 9} (6733s)
[chain] processed 2700 retained 276 rows 760 / 6000 acc {'inadequate_both': 1747, 'excluded_diet': 529, 'retained': 276, 'inadequate_A': 39, 'inadequate_B': 64, 'gen_failed': 16, 'excluded_dup': 20, 'excluded_band': 9} (7032s)
[chain] processed 2800 retained 288 rows 792 / 6000 acc {'inadequate_both': 1806, 'excluded_diet': 552, 'retained': 288, 'inadequate_A': 40, 'inadequate_B': 66, 'gen_failed': 17, 'excluded_dup': 22, 'excluded_band': 9} (7327s)
[chain] processed 2900 retained 296 rows 815 / 6000 acc {'inadequate_both': 1874, 'excluded_diet': 569, 'retained': 296, 'inadequate_A': 41, 'inadequate_B': 69, 'gen_failed': 17, 'excluded_dup': 25, 'excluded_band': 9} (7582s)
[chain] processed 3000 retained 307 rows 849 / 6000 acc {'inadequate_both': 1937, 'excluded_diet': 592, 'retained': 307, 'inadequate_A': 41, 'inadequate_B': 70, 'gen_failed': 18, 'excluded_dup': 26, 'excluded_band': 9} (7871s)
[chain] processed 3100 retained 320 rows 886 / 6000 acc {'inadequate_both': 1996, 'excluded_diet': 613, 'retained': 320, 'inadequate_A': 41, 'inadequate_B': 73, 'gen_failed': 22, 'excluded_dup': 26, 'excluded_band': 9} (8296s)
[chain] processed 3200 retained 332 rows 920 / 6000 acc {'inadequate_both': 2058, 'excluded_diet': 633, 'retained': 332, 'inadequate_A': 44, 'inadequate_B': 75, 'gen_failed': 22, 'excluded_dup': 26, 'excluded_band': 10} (8576s)
[chain] processed 3300 retained 341 rows 943 / 6000 acc {'inadequate_both': 2121, 'excluded_diet': 652, 'retained': 341, 'inadequate_A': 45, 'inadequate_B': 80, 'gen_failed': 23, 'excluded_dup': 28, 'excluded_band': 10} (8894s)
[chain] processed 3400 retained 349 rows 965 / 6000 acc {'inadequate_both': 2187, 'excluded_diet': 675, 'retained': 349, 'inadequate_A': 45, 'inadequate_B': 81, 'gen_failed': 24, 'excluded_dup': 29, 'excluded_band': 10} (9235s)
[chain] processed 3500 retained 361 rows 999 / 6000 acc {'inadequate_both': 2255, 'excluded_diet': 690, 'retained': 361, 'inadequate_A': 45, 'inadequate_B': 84, 'gen_failed': 24, 'excluded_dup': 31, 'excluded_band': 10} (9555s)
[chain] processed 3600 retained 372 rows 1029 / 6000 acc {'inadequate_both': 2315, 'excluded_diet': 713, 'retained': 372, 'inadequate_A': 47, 'inadequate_B': 85, 'gen_failed': 25, 'excluded_dup': 33, 'excluded_band': 10} (9860s)
[chain] processed 3700 retained 381 rows 1053 / 6000 acc {'inadequate_both': 2380, 'excluded_diet': 735, 'retained': 381, 'inadequate_A': 49, 'inadequate_B': 87, 'gen_failed': 25, 'excluded_dup': 33, 'excluded_band': 10} (10146s)
[chain] processed 3800 retained 393 rows 1087 / 6000 acc {'inadequate_both': 2441, 'excluded_diet': 757, 'retained': 393, 'inadequate_A': 49, 'inadequate_B': 91, 'gen_failed': 26, 'excluded_dup': 33, 'excluded_band': 10} (10460s)
[chain] processed 3900 retained 399 rows 1103 / 6000 acc {'inadequate_both': 2505, 'excluded_diet': 779, 'retained': 399, 'inadequate_A': 53, 'inadequate_B': 94, 'gen_failed': 27, 'excluded_dup': 33, 'excluded_band': 10} (10776s)
[chain] processed 4000 retained 408 rows 1128 / 6000 acc {'inadequate_both': 2572, 'excluded_diet': 799, 'retained': 408, 'inadequate_A': 53, 'inadequate_B': 97, 'gen_failed': 27, 'excluded_dup': 34, 'excluded_band': 10} (11068s)
[chain] processed 4100 retained 420 rows 1161 / 6000 acc {'inadequate_both': 2633, 'excluded_diet': 819, 'retained': 420, 'inadequate_A': 54, 'inadequate_B': 99, 'gen_failed': 28, 'excluded_dup': 37, 'excluded_band': 10} (11380s)
[chain] processed 4200 retained 433 rows 1200 / 6000 acc {'inadequate_both': 2691, 'excluded_diet': 842, 'retained': 433, 'inadequate_A': 55, 'inadequate_B': 103, 'gen_failed': 28, 'excluded_dup': 38, 'excluded_band': 10} (11695s)
[chain] processed 4300 retained 446 rows 1233 / 6000 acc {'inadequate_both': 2746, 'excluded_diet': 864, 'retained': 446, 'inadequate_A': 56, 'inadequate_B': 110, 'gen_failed': 30, 'excluded_dup': 38, 'excluded_band': 10} (12106s)
[chain] processed 4400 retained 456 rows 1260 / 6000 acc {'inadequate_both': 2809, 'excluded_diet': 883, 'retained': 456, 'inadequate_A': 58, 'inadequate_B': 113, 'gen_failed': 31, 'excluded_dup': 39, 'excluded_band': 11} (12442s)
[chain] processed 4500 retained 472 rows 1302 / 6000 acc {'inadequate_both': 2865, 'excluded_diet': 900, 'retained': 472, 'inadequate_A': 60, 'inadequate_B': 118, 'gen_failed': 34, 'excluded_dup': 40, 'excluded_band': 11} (12882s)
[chain] processed 4600 retained 481 rows 1326 / 6000 acc {'inadequate_both': 2929, 'excluded_diet': 921, 'retained': 481, 'inadequate_A': 61, 'inadequate_B': 121, 'gen_failed': 34, 'excluded_dup': 42, 'excluded_band': 11} (13148s)
[chain] processed 4700 retained 492 rows 1359 / 6000 acc {'inadequate_both': 2994, 'excluded_diet': 940, 'retained': 492, 'inadequate_A': 63, 'inadequate_B': 122, 'gen_failed': 35, 'excluded_dup': 43, 'excluded_band': 11} (13499s)
[chain] processed 4800 retained 505 rows 1393 / 6000 acc {'inadequate_both': 3055, 'excluded_diet': 958, 'retained': 505, 'inadequate_A': 64, 'inadequate_B': 124, 'gen_failed': 35, 'excluded_dup': 47, 'excluded_band': 12} (13835s)
[chain] processed 4900 retained 516 rows 1424 / 6000 acc {'inadequate_both': 3116, 'excluded_diet': 979, 'retained': 516, 'inadequate_A': 66, 'inadequate_B': 127, 'gen_failed': 35, 'excluded_dup': 49, 'excluded_band': 12} (14135s)
[chain] processed 5000 retained 526 rows 1451 / 6000 acc {'inadequate_both': 3180, 'excluded_diet': 995, 'retained': 526, 'inadequate_A': 67, 'inadequate_B': 134, 'gen_failed': 36, 'excluded_dup': 50, 'excluded_band': 12} (14492s)
[chain] processed 5100 retained 536 rows 1478 / 6000 acc {'inadequate_both': 3249, 'excluded_diet': 1008, 'retained': 536, 'inadequate_A': 67, 'inadequate_B': 137, 'gen_failed': 37, 'excluded_dup': 53, 'excluded_band': 13} (14828s)
[chain] processed 5200 retained 549 rows 1514 / 6000 acc {'inadequate_both': 3310, 'excluded_diet': 1026, 'retained': 549, 'inadequate_A': 68, 'inadequate_B': 140, 'gen_failed': 39, 'excluded_dup': 55, 'excluded_band': 13} (15176s)
[chain] processed 5300 retained 559 rows 1542 / 6000 acc {'inadequate_both': 3374, 'excluded_diet': 1043, 'retained': 559, 'inadequate_A': 68, 'inadequate_B': 145, 'gen_failed': 40, 'excluded_dup': 58, 'excluded_band': 13} (15470s)
[chain] processed 5400 retained 568 rows 1566 / 6000 acc {'inadequate_both': 3435, 'excluded_diet': 1066, 'retained': 568, 'inadequate_A': 70, 'inadequate_B': 146, 'gen_failed': 42, 'excluded_dup': 60, 'excluded_band': 13} (15792s)
[chain] processed 5500 retained 581 rows 1605 / 6000 acc {'inadequate_both': 3504, 'excluded_diet': 1081, 'retained': 581, 'inadequate_A': 70, 'inadequate_B': 146, 'gen_failed': 42, 'excluded_dup': 63, 'excluded_band': 13} (16117s)
[chain] processed 5600 retained 593 rows 1635 / 6000 acc {'inadequate_both': 3575, 'excluded_diet': 1092, 'retained': 593, 'inadequate_A': 71, 'inadequate_B': 147, 'gen_failed': 43, 'excluded_dup': 66, 'excluded_band': 13} (16487s)
[chain] processed 5700 retained 602 rows 1660 / 6000 acc {'inadequate_both': 3637, 'excluded_diet': 1116, 'retained': 602, 'inadequate_A': 72, 'inadequate_B': 149, 'gen_failed': 44, 'excluded_dup': 67, 'excluded_band': 13} (16802s)
[chain] processed 5800 retained 610 rows 1681 / 6000 acc {'inadequate_both': 3701, 'excluded_diet': 1135, 'retained': 610, 'inadequate_A': 75, 'inadequate_B': 153, 'gen_failed': 44, 'excluded_dup': 68, 'excluded_band': 14} (17089s)
[chain] processed 5900 retained 625 rows 1724 / 6000 acc {'inadequate_both': 3758, 'excluded_diet': 1154, 'retained': 625, 'inadequate_A': 76, 'inadequate_B': 156, 'gen_failed': 44, 'excluded_dup': 73, 'excluded_band': 14} (17380s)
[chain] processed 6000 retained 635 rows 1753 / 6000 acc {'inadequate_both': 3822, 'excluded_diet': 1173, 'retained': 635, 'inadequate_A': 76, 'inadequate_B': 159, 'gen_failed': 45, 'excluded_dup': 75, 'excluded_band': 15} (17750s)
[chain] processed 6100 retained 645 rows 1778 / 6000 acc {'inadequate_both': 3888, 'excluded_diet': 1189, 'retained': 645, 'inadequate_A': 77, 'inadequate_B': 161, 'gen_failed': 45, 'excluded_dup': 78, 'excluded_band': 17} (18072s)
[chain] processed 6200 retained 654 rows 1804 / 6000 acc {'inadequate_both': 3953, 'excluded_diet': 1206, 'retained': 654, 'inadequate_A': 81, 'inadequate_B': 164, 'gen_failed': 45, 'excluded_dup': 79, 'excluded_band': 18} (18413s)
[chain] processed 6300 retained 661 rows 1822 / 6000 acc {'inadequate_both': 4022, 'excluded_diet': 1226, 'retained': 661, 'inadequate_A': 82, 'inadequate_B': 165, 'gen_failed': 45, 'excluded_dup': 80, 'excluded_band': 19} (18766s)
[chain] processed 6400 retained 667 rows 1840 / 6000 acc {'inadequate_both': 4077, 'excluded_diet': 1256, 'retained': 667, 'inadequate_A': 85, 'inadequate_B': 169, 'gen_failed': 46, 'excluded_dup': 81, 'excluded_band': 19} (19116s)
[chain] processed 6500 retained 676 rows 1864 / 6000 acc {'inadequate_both': 4143, 'excluded_diet': 1273, 'retained': 676, 'inadequate_A': 85, 'inadequate_B': 170, 'gen_failed': 48, 'excluded_dup': 85, 'excluded_band': 20} (19489s)
[chain] processed 6600 retained 686 rows 1897 / 6000 acc {'inadequate_both': 4212, 'excluded_diet': 1291, 'retained': 686, 'inadequate_A': 86, 'inadequate_B': 171, 'gen_failed': 48, 'excluded_dup': 86, 'excluded_band': 20} (19752s)
[chain] processed 6700 retained 696 rows 1924 / 6000 acc {'inadequate_both': 4272, 'excluded_diet': 1311, 'retained': 696, 'inadequate_A': 88, 'inadequate_B': 174, 'gen_failed': 49, 'excluded_dup': 90, 'excluded_band': 20} (20052s)
[chain] processed 6800 retained 706 rows 1950 / 6000 acc {'inadequate_both': 4335, 'excluded_diet': 1331, 'retained': 706, 'inadequate_A': 88, 'inadequate_B': 178, 'gen_failed': 49, 'excluded_dup': 93, 'excluded_band': 20} (20322s)
[chain] processed 6900 retained 710 rows 1961 / 6000 acc {'inadequate_both': 4395, 'excluded_diet': 1357, 'retained': 710, 'inadequate_A': 88, 'inadequate_B': 180, 'gen_failed': 51, 'excluded_dup': 98, 'excluded_band': 21} (20666s)
[chain] processed 7000 retained 723 rows 1997 / 6000 acc {'inadequate_both': 4461, 'excluded_diet': 1372, 'retained': 723, 'inadequate_A': 90, 'inadequate_B': 183, 'gen_failed': 51, 'excluded_dup': 99, 'excluded_band': 21} (20989s)
[chain] processed 7100 retained 731 rows 2018 / 6000 acc {'inadequate_both': 4525, 'excluded_diet': 1397, 'retained': 731, 'inadequate_A': 91, 'inadequate_B': 184, 'gen_failed': 51, 'excluded_dup': 100, 'excluded_band': 21} (21200s)
[chain] processed 7200 retained 738 rows 2035 / 6000 acc {'inadequate_both': 4595, 'excluded_diet': 1413, 'retained': 738, 'inadequate_A': 93, 'inadequate_B': 186, 'gen_failed': 51, 'excluded_dup': 103, 'excluded_band': 21} (21480s)
[chain] processed 7300 retained 749 rows 2070 / 6000 acc {'inadequate_both': 4660, 'excluded_diet': 1430, 'retained': 749, 'inadequate_A': 93, 'inadequate_B': 188, 'gen_failed': 51, 'excluded_dup': 108, 'excluded_band': 21} (21740s)
[chain] processed 7400 retained 756 rows 2090 / 6000 acc {'inadequate_both': 4727, 'excluded_diet': 1451, 'retained': 756, 'inadequate_A': 95, 'inadequate_B': 189, 'gen_failed': 51, 'excluded_dup': 110, 'excluded_band': 21} (22016s)
[chain] processed 7500 retained 766 rows 2117 / 6000 acc {'inadequate_both': 4792, 'excluded_diet': 1469, 'retained': 766, 'inadequate_A': 97, 'inadequate_B': 192, 'gen_failed': 51, 'excluded_dup': 112, 'excluded_band': 21} (22326s)
[chain] processed 7600 retained 778 rows 2150 / 6000 acc {'inadequate_both': 4852, 'excluded_diet': 1492, 'retained': 778, 'inadequate_A': 97, 'inadequate_B': 194, 'gen_failed': 51, 'excluded_dup': 115, 'excluded_band': 21} (22601s)
[chain] processed 7700 retained 784 rows 2163 / 6000 acc {'inadequate_both': 4907, 'excluded_diet': 1519, 'retained': 784, 'inadequate_A': 100, 'inadequate_B': 199, 'gen_failed': 51, 'excluded_dup': 119, 'excluded_band': 21} (22842s)
[chain] processed 7800 retained 794 rows 2189 / 6000 acc {'inadequate_both': 4967, 'excluded_diet': 1541, 'retained': 794, 'inadequate_A': 100, 'inadequate_B': 202, 'gen_failed': 51, 'excluded_dup': 122, 'excluded_band': 23} (23127s)
[chain] processed 7900 retained 800 rows 2205 / 6000 acc {'inadequate_both': 5033, 'excluded_diet': 1567, 'retained': 800, 'inadequate_A': 100, 'inadequate_B': 203, 'gen_failed': 51, 'excluded_dup': 123, 'excluded_band': 23} (23405s)
[chain] processed 8000 retained 810 rows 2229 / 6000 acc {'inadequate_both': 5095, 'excluded_diet': 1584, 'retained': 810, 'inadequate_A': 103, 'inadequate_B': 204, 'gen_failed': 51, 'excluded_dup': 129, 'excluded_band': 24} (23695s)
[chain] processed 8100 retained 818 rows 2253 / 6000 acc {'inadequate_both': 5156, 'excluded_diet': 1605, 'retained': 818, 'inadequate_A': 105, 'inadequate_B': 208, 'gen_failed': 52, 'excluded_dup': 132, 'excluded_band': 24} (24003s)
[chain] processed 8200 retained 826 rows 2277 / 6000 acc {'inadequate_both': 5216, 'excluded_diet': 1629, 'retained': 826, 'inadequate_A': 108, 'inadequate_B': 211, 'gen_failed': 53, 'excluded_dup': 133, 'excluded_band': 24} (24311s)
[chain] processed 8300 retained 834 rows 2298 / 6000 acc {'inadequate_both': 5285, 'excluded_diet': 1646, 'retained': 834, 'inadequate_A': 108, 'inadequate_B': 211, 'gen_failed': 54, 'excluded_dup': 137, 'excluded_band': 25} (24640s)
[chain] processed 8400 retained 840 rows 2317 / 6000 acc {'inadequate_both': 5346, 'excluded_diet': 1666, 'retained': 840, 'inadequate_A': 111, 'inadequate_B': 215, 'gen_failed': 54, 'excluded_dup': 142, 'excluded_band': 26} (24936s)
[chain] processed 8500 retained 849 rows 2342 / 6000 acc {'inadequate_both': 5407, 'excluded_diet': 1688, 'retained': 849, 'inadequate_A': 111, 'inadequate_B': 218, 'gen_failed': 55, 'excluded_dup': 145, 'excluded_band': 27} (25256s)
[chain] processed 8600 retained 863 rows 2383 / 6000 acc {'inadequate_both': 5477, 'excluded_diet': 1701, 'retained': 863, 'inadequate_A': 111, 'inadequate_B': 218, 'gen_failed': 55, 'excluded_dup': 147, 'excluded_band': 28} (25562s)
[chain] processed 8700 retained 869 rows 2399 / 6000 acc {'inadequate_both': 5531, 'excluded_diet': 1727, 'retained': 869, 'inadequate_A': 112, 'inadequate_B': 224, 'gen_failed': 56, 'excluded_dup': 153, 'excluded_band': 28} (25905s)
[chain] processed 8800 retained 879 rows 2430 / 6000 acc {'inadequate_both': 5589, 'excluded_diet': 1748, 'retained': 879, 'inadequate_A': 114, 'inadequate_B': 229, 'gen_failed': 57, 'excluded_dup': 156, 'excluded_band': 28} (26251s)
[chain] processed 8900 retained 888 rows 2458 / 6000 acc {'inadequate_both': 5647, 'excluded_diet': 1776, 'retained': 888, 'inadequate_A': 114, 'inadequate_B': 232, 'gen_failed': 57, 'excluded_dup': 158, 'excluded_band': 28} (26516s)
[chain] processed 9000 retained 901 rows 2493 / 6000 acc {'inadequate_both': 5705, 'excluded_diet': 1794, 'retained': 901, 'inadequate_A': 115, 'inadequate_B': 235, 'gen_failed': 57, 'excluded_dup': 164, 'excluded_band': 29} (26831s)
[chain] processed 9100 retained 907 rows 2513 / 6000 acc {'inadequate_both': 5766, 'excluded_diet': 1819, 'retained': 907, 'inadequate_A': 115, 'inadequate_B': 237, 'gen_failed': 57, 'excluded_dup': 170, 'excluded_band': 29} (27107s)
[chain] processed 9200 retained 916 rows 2541 / 6000 acc {'inadequate_both': 5826, 'excluded_diet': 1841, 'retained': 916, 'inadequate_A': 117, 'inadequate_B': 239, 'gen_failed': 57, 'excluded_dup': 175, 'excluded_band': 29} (27399s)
[chain] processed 9300 retained 927 rows 2572 / 6000 acc {'inadequate_both': 5880, 'excluded_diet': 1864, 'retained': 927, 'inadequate_A': 121, 'inadequate_B': 243, 'gen_failed': 58, 'excluded_dup': 178, 'excluded_band': 29} (27728s)
[chain] processed 9400 retained 938 rows 2602 / 6000 acc {'inadequate_both': 5942, 'excluded_diet': 1879, 'retained': 938, 'inadequate_A': 122, 'inadequate_B': 248, 'gen_failed': 59, 'excluded_dup': 183, 'excluded_band': 29} (28149s)
[chain] processed 9500 retained 945 rows 2624 / 6000 acc {'inadequate_both': 6005, 'excluded_diet': 1899, 'retained': 945, 'inadequate_A': 123, 'inadequate_B': 253, 'gen_failed': 60, 'excluded_dup': 186, 'excluded_band': 29} (28451s)
[chain] processed 9600 retained 951 rows 2641 / 6000 acc {'inadequate_both': 6072, 'excluded_diet': 1917, 'retained': 951, 'inadequate_A': 125, 'inadequate_B': 256, 'gen_failed': 60, 'excluded_dup': 190, 'excluded_band': 29} (28789s)
[chain] processed 9700 retained 963 rows 2679 / 6000 acc {'inadequate_both': 6132, 'excluded_diet': 1936, 'retained': 963, 'inadequate_A': 126, 'inadequate_B': 259, 'gen_failed': 60, 'excluded_dup': 195, 'excluded_band': 29} (29047s)
[chain] processed 9800 retained 970 rows 2699 / 6000 acc {'inadequate_both': 6199, 'excluded_diet': 1959, 'retained': 970, 'inadequate_A': 126, 'inadequate_B': 260, 'gen_failed': 60, 'excluded_dup': 197, 'excluded_band': 29} (29306s)
[chain] processed 9900 retained 979 rows 2723 / 6000 acc {'inadequate_both': 6260, 'excluded_diet': 1981, 'retained': 979, 'inadequate_A': 131, 'inadequate_B': 263, 'gen_failed': 60, 'excluded_dup': 197, 'excluded_band': 29} (29614s)
[chain] processed 10000 retained 994 rows 2760 / 6000 acc {'inadequate_both': 6321, 'excluded_diet': 1996, 'retained': 994, 'inadequate_A': 131, 'inadequate_B': 267, 'gen_failed': 62, 'excluded_dup': 200, 'excluded_band': 29} (30024s)
[chain] processed 10100 retained 1008 rows 2798 / 6000 acc {'inadequate_both': 6383, 'excluded_diet': 2013, 'retained': 1008, 'inadequate_A': 133, 'inadequate_B': 268, 'gen_failed': 62, 'excluded_dup': 204, 'excluded_band': 29} (30352s)
[chain] processed 10200 retained 1017 rows 2821 / 6000 acc {'inadequate_both': 6446, 'excluded_diet': 2038, 'retained': 1017, 'inadequate_A': 133, 'inadequate_B': 268, 'gen_failed': 63, 'excluded_dup': 206, 'excluded_band': 29} (30643s)
[chain] processed 10300 retained 1025 rows 2844 / 6000 acc {'inadequate_both': 6506, 'excluded_diet': 2063, 'retained': 1025, 'inadequate_A': 134, 'inadequate_B': 269, 'gen_failed': 64, 'excluded_dup': 210, 'excluded_band': 29} (31019s)
[chain] processed 10400 retained 1033 rows 2870 / 6000 acc {'inadequate_both': 6571, 'excluded_diet': 2079, 'retained': 1033, 'inadequate_A': 135, 'inadequate_B': 270, 'gen_failed': 65, 'excluded_dup': 218, 'excluded_band': 29} (31434s)
[chain] processed 10500 retained 1044 rows 2901 / 6000 acc {'inadequate_both': 6634, 'excluded_diet': 2097, 'retained': 1044, 'inadequate_A': 136, 'inadequate_B': 272, 'gen_failed': 67, 'excluded_dup': 221, 'excluded_band': 29} (31853s)
[chain] processed 10600 retained 1056 rows 2934 / 6000 acc {'inadequate_both': 6694, 'excluded_diet': 2118, 'retained': 1056, 'inadequate_A': 139, 'inadequate_B': 273, 'gen_failed': 68, 'excluded_dup': 223, 'excluded_band': 29} (32208s)
[chain] processed 10700 retained 1068 rows 2969 / 6000 acc {'inadequate_both': 6754, 'excluded_diet': 2138, 'retained': 1068, 'inadequate_A': 141, 'inadequate_B': 276, 'gen_failed': 68, 'excluded_dup': 226, 'excluded_band': 29} (32498s)
[chain] processed 10800 retained 1074 rows 2986 / 6000 acc {'inadequate_both': 6819, 'excluded_diet': 2161, 'retained': 1074, 'inadequate_A': 142, 'inadequate_B': 277, 'gen_failed': 68, 'excluded_dup': 230, 'excluded_band': 29} (32773s)
[chain] processed 10900 retained 1086 rows 3018 / 6000 acc {'inadequate_both': 6880, 'excluded_diet': 2183, 'retained': 1086, 'inadequate_A': 142, 'inadequate_B': 279, 'gen_failed': 68, 'excluded_dup': 233, 'excluded_band': 29} (33062s)
[chain] processed 11000 retained 1093 rows 3039 / 6000 acc {'inadequate_both': 6943, 'excluded_diet': 2205, 'retained': 1093, 'inadequate_A': 142, 'inadequate_B': 281, 'gen_failed': 68, 'excluded_dup': 239, 'excluded_band': 29} (33393s)
[chain] processed 11100 retained 1100 rows 3059 / 6000 acc {'inadequate_both': 7008, 'excluded_diet': 2224, 'retained': 1100, 'inadequate_A': 142, 'inadequate_B': 284, 'gen_failed': 68, 'excluded_dup': 245, 'excluded_band': 29} (33658s)
[chain] processed 11200 retained 1108 rows 3081 / 6000 acc {'inadequate_both': 7073, 'excluded_diet': 2243, 'retained': 1108, 'inadequate_A': 143, 'inadequate_B': 286, 'gen_failed': 69, 'excluded_dup': 249, 'excluded_band': 29} (34005s)
[chain] processed 11300 retained 1120 rows 3113 / 6000 acc {'inadequate_both': 7134, 'excluded_diet': 2263, 'retained': 1120, 'inadequate_A': 144, 'inadequate_B': 289, 'gen_failed': 69, 'excluded_dup': 252, 'excluded_band': 29} (34324s)
[chain] processed 11400 retained 1130 rows 3142 / 6000 acc {'inadequate_both': 7201, 'excluded_diet': 2280, 'retained': 1130, 'inadequate_A': 145, 'inadequate_B': 292, 'gen_failed': 69, 'excluded_dup': 253, 'excluded_band': 30} (34595s)
[chain] processed 11500 retained 1138 rows 3164 / 6000 acc {'inadequate_both': 7270, 'excluded_diet': 2297, 'retained': 1138, 'inadequate_A': 146, 'inadequate_B': 294, 'gen_failed': 69, 'excluded_dup': 255, 'excluded_band': 31} (34927s)
[chain] processed 11600 retained 1147 rows 3189 / 6000 acc {'inadequate_both': 7338, 'excluded_diet': 2310, 'retained': 1147, 'inadequate_A': 146, 'inadequate_B': 297, 'gen_failed': 70, 'excluded_dup': 261, 'excluded_band': 31} (35315s)
[chain] processed 11700 retained 1156 rows 3213 / 6000 acc {'inadequate_both': 7406, 'excluded_diet': 2327, 'retained': 1156, 'inadequate_A': 146, 'inadequate_B': 302, 'gen_failed': 70, 'excluded_dup': 262, 'excluded_band': 31} (35615s)
[chain] processed 11800 retained 1163 rows 3234 / 6000 acc {'inadequate_both': 7466, 'excluded_diet': 2350, 'retained': 1163, 'inadequate_A': 146, 'inadequate_B': 308, 'gen_failed': 71, 'excluded_dup': 265, 'excluded_band': 31} (35972s)
[chain] processed 11900 retained 1175 rows 3265 / 6000 acc {'inadequate_both': 7519, 'excluded_diet': 2371, 'retained': 1175, 'inadequate_A': 149, 'inadequate_B': 310, 'gen_failed': 71, 'excluded_dup': 274, 'excluded_band': 31} (36216s)
[chain] processed 12000 retained 1188 rows 3304 / 6000 acc {'inadequate_both': 7585, 'excluded_diet': 2389, 'retained': 1188, 'inadequate_A': 149, 'inadequate_B': 310, 'gen_failed': 71, 'excluded_dup': 276, 'excluded_band': 32} (36502s)
[chain] processed 12100 retained 1197 rows 3330 / 6000 acc {'inadequate_both': 7650, 'excluded_diet': 2407, 'retained': 1197, 'inadequate_A': 149, 'inadequate_B': 314, 'gen_failed': 71, 'excluded_dup': 279, 'excluded_band': 33} (36754s)
[chain] processed 12200 retained 1208 rows 3361 / 6000 acc {'inadequate_both': 7713, 'excluded_diet': 2422, 'retained': 1208, 'inadequate_A': 152, 'inadequate_B': 316, 'gen_failed': 71, 'excluded_dup': 285, 'excluded_band': 33} (36994s)
[chain] processed 12300 retained 1215 rows 3385 / 6000 acc {'inadequate_both': 7777, 'excluded_diet': 2440, 'retained': 1215, 'inadequate_A': 155, 'inadequate_B': 320, 'gen_failed': 71, 'excluded_dup': 289, 'excluded_band': 33} (37326s)
[chain] processed 12400 retained 1218 rows 3393 / 6000 acc {'inadequate_both': 7845, 'excluded_diet': 2463, 'retained': 1218, 'inadequate_A': 155, 'inadequate_B': 320, 'gen_failed': 71, 'excluded_dup': 294, 'excluded_band': 34} (37656s)
[chain] processed 12500 retained 1230 rows 3425 / 6000 acc {'inadequate_both': 7904, 'excluded_diet': 2484, 'retained': 1230, 'inadequate_A': 156, 'inadequate_B': 322, 'gen_failed': 71, 'excluded_dup': 299, 'excluded_band': 34} (37928s)
[chain] processed 12600 retained 1245 rows 3470 / 6000 acc {'inadequate_both': 7969, 'excluded_diet': 2498, 'retained': 1245, 'inadequate_A': 157, 'inadequate_B': 323, 'gen_failed': 71, 'excluded_dup': 303, 'excluded_band': 34} (38238s)
[chain] processed 12700 retained 1254 rows 3493 / 6000 acc {'inadequate_both': 8034, 'excluded_diet': 2516, 'retained': 1254, 'inadequate_A': 159, 'inadequate_B': 325, 'gen_failed': 71, 'excluded_dup': 307, 'excluded_band': 34} (38528s)
[chain] processed 12800 retained 1263 rows 3515 / 6000 acc {'inadequate_both': 8097, 'excluded_diet': 2537, 'retained': 1263, 'inadequate_A': 162, 'inadequate_B': 328, 'gen_failed': 71, 'excluded_dup': 308, 'excluded_band': 34} (38829s)
[chain] processed 12900 retained 1277 rows 3556 / 6000 acc {'inadequate_both': 8151, 'excluded_diet': 2558, 'retained': 1277, 'inadequate_A': 165, 'inadequate_B': 333, 'gen_failed': 71, 'excluded_dup': 311, 'excluded_band': 34} (39119s)
[chain] processed 13000 retained 1283 rows 3574 / 6000 acc {'inadequate_both': 8221, 'excluded_diet': 2576, 'retained': 1283, 'inadequate_A': 165, 'inadequate_B': 336, 'gen_failed': 71, 'excluded_dup': 313, 'excluded_band': 35} (39494s)
[chain] processed 13100 retained 1292 rows 3598 / 6000 acc {'inadequate_both': 8292, 'excluded_diet': 2588, 'retained': 1292, 'inadequate_A': 166, 'inadequate_B': 340, 'gen_failed': 71, 'excluded_dup': 315, 'excluded_band': 36} (39808s)
[chain] processed 13200 retained 1299 rows 3622 / 6000 acc {'inadequate_both': 8357, 'excluded_diet': 2607, 'retained': 1299, 'inadequate_A': 170, 'inadequate_B': 343, 'gen_failed': 71, 'excluded_dup': 317, 'excluded_band': 36} (40152s)
[chain] processed 13300 retained 1307 rows 3646 / 6000 acc {'inadequate_both': 8425, 'excluded_diet': 2625, 'retained': 1307, 'inadequate_A': 171, 'inadequate_B': 343, 'gen_failed': 71, 'excluded_dup': 322, 'excluded_band': 36} (40412s)
[chain] processed 13400 retained 1317 rows 3676 / 6000 acc {'inadequate_both': 8485, 'excluded_diet': 2645, 'retained': 1317, 'inadequate_A': 176, 'inadequate_B': 346, 'gen_failed': 72, 'excluded_dup': 323, 'excluded_band': 36} (40708s)
[chain] processed 13500 retained 1328 rows 3707 / 6000 acc {'inadequate_both': 8547, 'excluded_diet': 2666, 'retained': 1328, 'inadequate_A': 176, 'inadequate_B': 348, 'gen_failed': 73, 'excluded_dup': 326, 'excluded_band': 36} (40997s)
[chain] processed 13600 retained 1338 rows 3736 / 6000 acc {'inadequate_both': 8615, 'excluded_diet': 2684, 'retained': 1338, 'inadequate_A': 176, 'inadequate_B': 351, 'gen_failed': 73, 'excluded_dup': 327, 'excluded_band': 36} (41313s)
[chain] processed 13700 retained 1350 rows 3772 / 6000 acc {'inadequate_both': 8677, 'excluded_diet': 2700, 'retained': 1350, 'inadequate_A': 177, 'inadequate_B': 351, 'gen_failed': 73, 'excluded_dup': 336, 'excluded_band': 36} (41614s)
[chain] processed 13800 retained 1359 rows 3795 / 6000 acc {'inadequate_both': 8735, 'excluded_diet': 2720, 'retained': 1359, 'inadequate_A': 178, 'inadequate_B': 354, 'gen_failed': 74, 'excluded_dup': 343, 'excluded_band': 37} (41890s)
[chain] processed 13900 retained 1372 rows 3832 / 6000 acc {'inadequate_both': 8794, 'excluded_diet': 2738, 'retained': 1372, 'inadequate_A': 179, 'inadequate_B': 356, 'gen_failed': 75, 'excluded_dup': 349, 'excluded_band': 37} (42240s)
[chain] processed 14000 retained 1383 rows 3862 / 6000 acc {'inadequate_both': 8856, 'excluded_diet': 2757, 'retained': 1383, 'inadequate_A': 181, 'inadequate_B': 358, 'gen_failed': 75, 'excluded_dup': 353, 'excluded_band': 37} (42498s)
[chain] processed 14100 retained 1391 rows 3888 / 6000 acc {'inadequate_both': 8915, 'excluded_diet': 2780, 'retained': 1391, 'inadequate_A': 184, 'inadequate_B': 360, 'gen_failed': 76, 'excluded_dup': 357, 'excluded_band': 37} (42814s)
[chain] processed 14200 retained 1398 rows 3910 / 6000 acc {'inadequate_both': 8983, 'excluded_diet': 2799, 'retained': 1398, 'inadequate_A': 186, 'inadequate_B': 360, 'gen_failed': 76, 'excluded_dup': 361, 'excluded_band': 37} (43108s)
[chain] processed 14300 retained 1407 rows 3937 / 6000 acc {'inadequate_both': 9045, 'excluded_diet': 2820, 'retained': 1407, 'inadequate_A': 187, 'inadequate_B': 363, 'gen_failed': 76, 'excluded_dup': 365, 'excluded_band': 37} (43391s)
[chain] processed 14400 retained 1417 rows 3965 / 6000 acc {'inadequate_both': 9102, 'excluded_diet': 2842, 'retained': 1417, 'inadequate_A': 189, 'inadequate_B': 366, 'gen_failed': 76, 'excluded_dup': 371, 'excluded_band': 37} (43668s)
[chain] processed 14600 retained 1433 rows 4009 / 6000 acc {'inadequate_both': 9223, 'excluded_diet': 2882, 'retained': 1433, 'inadequate_A': 191, 'inadequate_B': 372, 'gen_failed': 79, 'excluded_dup': 382, 'excluded_band': 38} (44375s)
[chain] processed 14700 retained 1440 rows 4030 / 6000 acc {'inadequate_both': 9286, 'excluded_diet': 2903, 'retained': 1440, 'inadequate_A': 191, 'inadequate_B': 376, 'gen_failed': 79, 'excluded_dup': 387, 'excluded_band': 38} (44600s)
[chain] processed 14800 retained 1449 rows 4052 / 6000 acc {'inadequate_both': 9354, 'excluded_diet': 2919, 'retained': 1449, 'inadequate_A': 193, 'inadequate_B': 378, 'gen_failed': 79, 'excluded_dup': 390, 'excluded_band': 38} (44945s)
[chain] processed 14900 retained 1456 rows 4073 / 6000 acc {'inadequate_both': 9416, 'excluded_diet': 2941, 'retained': 1456, 'inadequate_A': 195, 'inadequate_B': 380, 'gen_failed': 80, 'excluded_dup': 394, 'excluded_band': 38} (45248s)
[chain] processed 15000 retained 1466 rows 4103 / 6000 acc {'inadequate_both': 9479, 'excluded_diet': 2962, 'retained': 1466, 'inadequate_A': 195, 'inadequate_B': 383, 'gen_failed': 80, 'excluded_dup': 397, 'excluded_band': 38} (45524s)
[chain] processed 15100 retained 1474 rows 4124 / 6000 acc {'inadequate_both': 9541, 'excluded_diet': 2989, 'retained': 1474, 'inadequate_A': 196, 'inadequate_B': 383, 'gen_failed': 80, 'excluded_dup': 399, 'excluded_band': 38} (45773s)
[chain] processed 15300 retained 1499 rows 4195 / 6000 acc {'inadequate_both': 9664, 'excluded_diet': 3026, 'retained': 1499, 'inadequate_A': 197, 'inadequate_B': 383, 'gen_failed': 81, 'excluded_dup': 409, 'excluded_band': 41} (46392s)
[chain] processed 15400 retained 1507 rows 4219 / 6000 acc {'inadequate_both': 9725, 'excluded_diet': 3047, 'retained': 1507, 'inadequate_A': 198, 'inadequate_B': 388, 'gen_failed': 81, 'excluded_dup': 413, 'excluded_band': 41} (46648s)
[chain] processed 15500 retained 1514 rows 4239 / 6000 acc {'inadequate_both': 9782, 'excluded_diet': 3073, 'retained': 1514, 'inadequate_A': 199, 'inadequate_B': 390, 'gen_failed': 82, 'excluded_dup': 419, 'excluded_band': 41} (46946s)
[chain] processed 15600 retained 1522 rows 4261 / 6000 acc {'inadequate_both': 9844, 'excluded_diet': 3093, 'retained': 1522, 'inadequate_A': 200, 'inadequate_B': 391, 'gen_failed': 82, 'excluded_dup': 427, 'excluded_band': 41} (47200s)
[chain] processed 15700 retained 1531 rows 4287 / 6000 acc {'inadequate_both': 9911, 'excluded_diet': 3110, 'retained': 1531, 'inadequate_A': 201, 'inadequate_B': 391, 'gen_failed': 82, 'excluded_dup': 433, 'excluded_band': 41} (47499s)
[chain] processed 15800 retained 1542 rows 4316 / 6000 acc {'inadequate_both': 9974, 'excluded_diet': 3127, 'retained': 1542, 'inadequate_A': 201, 'inadequate_B': 393, 'gen_failed': 82, 'excluded_dup': 440, 'excluded_band': 41} (47766s)
[chain] processed 15900 retained 1544 rows 4321 / 6000 acc {'inadequate_both': 10039, 'excluded_diet': 3149, 'retained': 1544, 'inadequate_A': 202, 'inadequate_B': 395, 'gen_failed': 83, 'excluded_dup': 447, 'excluded_band': 41} (48077s)
[chain] processed 16000 retained 1551 rows 4339 / 6000 acc {'inadequate_both': 10096, 'excluded_diet': 3172, 'retained': 1551, 'inadequate_A': 206, 'inadequate_B': 397, 'gen_failed': 83, 'excluded_dup': 454, 'excluded_band': 41} (48316s)
[chain] processed 16100 retained 1561 rows 4367 / 6000 acc {'inadequate_both': 10154, 'excluded_diet': 3194, 'retained': 1561, 'inadequate_A': 208, 'inadequate_B': 399, 'gen_failed': 84, 'excluded_dup': 459, 'excluded_band': 41} (48614s)
[chain] processed 16200 retained 1570 rows 4394 / 6000 acc {'inadequate_both': 10213, 'excluded_diet': 3218, 'retained': 1570, 'inadequate_A': 209, 'inadequate_B': 401, 'gen_failed': 87, 'excluded_dup': 461, 'excluded_band': 41} (48963s)
[chain] processed 16300 retained 1576 rows 4412 / 6000 acc {'inadequate_both': 10275, 'excluded_diet': 3242, 'retained': 1576, 'inadequate_A': 211, 'inadequate_B': 402, 'gen_failed': 88, 'excluded_dup': 465, 'excluded_band': 41} (49308s)
[chain] processed 16400 retained 1586 rows 4440 / 6000 acc {'inadequate_both': 10340, 'excluded_diet': 3260, 'retained': 1586, 'inadequate_A': 211, 'inadequate_B': 404, 'gen_failed': 88, 'excluded_dup': 470, 'excluded_band': 41} (49573s)
[chain] processed 16500 retained 1596 rows 4466 / 6000 acc {'inadequate_both': 10398, 'excluded_diet': 3283, 'retained': 1596, 'inadequate_A': 212, 'inadequate_B': 406, 'gen_failed': 89, 'excluded_dup': 475, 'excluded_band': 41} (49860s)
[chain] processed 16600 retained 1607 rows 4497 / 6000 acc {'inadequate_both': 10461, 'excluded_diet': 3297, 'retained': 1607, 'inadequate_A': 214, 'inadequate_B': 411, 'gen_failed': 89, 'excluded_dup': 480, 'excluded_band': 41} (50136s)
[chain] processed 16700 retained 1617 rows 4528 / 6000 acc {'inadequate_both': 10519, 'excluded_diet': 3316, 'retained': 1617, 'inadequate_A': 217, 'inadequate_B': 414, 'gen_failed': 89, 'excluded_dup': 487, 'excluded_band': 41} (50409s)
[chain] processed 16800 retained 1626 rows 4555 / 6000 acc {'inadequate_both': 10584, 'excluded_diet': 3333, 'retained': 1626, 'inadequate_A': 217, 'inadequate_B': 416, 'gen_failed': 91, 'excluded_dup': 492, 'excluded_band': 41} (50754s)
[chain] processed 16900 retained 1634 rows 4576 / 6000 acc {'inadequate_both': 10639, 'excluded_diet': 3359, 'retained': 1634, 'inadequate_A': 219, 'inadequate_B': 418, 'gen_failed': 92, 'excluded_dup': 498, 'excluded_band': 41} (51083s)
[chain] processed 17000 retained 1640 rows 4593 / 6000 acc {'inadequate_both': 10702, 'excluded_diet': 3378, 'retained': 1640, 'inadequate_A': 221, 'inadequate_B': 420, 'gen_failed': 93, 'excluded_dup': 504, 'excluded_band': 42} (51392s)
[chain] processed 17200 retained 1672 rows 4685 / 6000 acc {'inadequate_both': 10818, 'excluded_diet': 3413, 'retained': 1672, 'inadequate_A': 221, 'inadequate_B': 426, 'gen_failed': 97, 'excluded_dup': 511, 'excluded_band': 42} (52147s)
[chain] processed 17300 retained 1681 rows 4712 / 6000 acc {'inadequate_both': 10876, 'excluded_diet': 3434, 'retained': 1681, 'inadequate_A': 222, 'inadequate_B': 428, 'gen_failed': 97, 'excluded_dup': 518, 'excluded_band': 44} (52388s)
[chain] processed 17400 retained 1698 rows 4760 / 6000 acc {'inadequate_both': 10934, 'excluded_diet': 3453, 'retained': 1698, 'inadequate_A': 222, 'inadequate_B': 430, 'gen_failed': 98, 'excluded_dup': 521, 'excluded_band': 44} (52657s)
[chain] processed 17500 retained 1710 rows 4795 / 6000 acc {'inadequate_both': 10997, 'excluded_diet': 3470, 'retained': 1710, 'inadequate_A': 222, 'inadequate_B': 432, 'gen_failed': 98, 'excluded_dup': 527, 'excluded_band': 44} (52936s)
[chain] processed 17600 retained 1716 rows 4813 / 6000 acc {'inadequate_both': 11054, 'excluded_diet': 3487, 'retained': 1716, 'inadequate_A': 224, 'inadequate_B': 436, 'gen_failed': 99, 'excluded_dup': 540, 'excluded_band': 44} (53313s)
[chain] processed 17700 retained 1726 rows 4839 / 6000 acc {'inadequate_both': 11108, 'excluded_diet': 3511, 'retained': 1726, 'inadequate_A': 224, 'inadequate_B': 438, 'gen_failed': 99, 'excluded_dup': 550, 'excluded_band': 44} (53544s)
[chain] processed 17800 retained 1735 rows 4865 / 6000 acc {'inadequate_both': 11170, 'excluded_diet': 3535, 'retained': 1735, 'inadequate_A': 225, 'inadequate_B': 439, 'gen_failed': 99, 'excluded_dup': 552, 'excluded_band': 45} (53792s)
[chain] processed 17900 retained 1744 rows 4888 / 6000 acc {'inadequate_both': 11227, 'excluded_diet': 3559, 'retained': 1744, 'inadequate_A': 225, 'inadequate_B': 442, 'gen_failed': 100, 'excluded_dup': 557, 'excluded_band': 46} (54095s)
[chain] processed 18000 retained 1753 rows 4914 / 6000 acc {'inadequate_both': 11289, 'excluded_diet': 3580, 'retained': 1753, 'inadequate_A': 227, 'inadequate_B': 443, 'gen_failed': 100, 'excluded_dup': 562, 'excluded_band': 46} (54354s)
[chain] processed 18100 retained 1763 rows 4940 / 6000 acc {'inadequate_both': 11343, 'excluded_diet': 3605, 'retained': 1763, 'inadequate_A': 227, 'inadequate_B': 444, 'gen_failed': 101, 'excluded_dup': 571, 'excluded_band': 46} (54615s)
[chain] processed 18200 retained 1769 rows 4957 / 6000 acc {'inadequate_both': 11405, 'excluded_diet': 3631, 'retained': 1769, 'inadequate_A': 228, 'inadequate_B': 449, 'gen_failed': 101, 'excluded_dup': 571, 'excluded_band': 46} (54840s)
[chain] processed 18300 retained 1775 rows 4972 / 6000 acc {'inadequate_both': 11456, 'excluded_diet': 3663, 'retained': 1775, 'inadequate_A': 229, 'inadequate_B': 452, 'gen_failed': 102, 'excluded_dup': 577, 'excluded_band': 46} (55140s)
[chain] processed 18400 retained 1784 rows 4996 / 6000 acc {'inadequate_both': 11518, 'excluded_diet': 3684, 'retained': 1784, 'inadequate_A': 230, 'inadequate_B': 452, 'gen_failed': 102, 'excluded_dup': 584, 'excluded_band': 46} (55459s)
[chain] processed 18500 retained 1793 rows 5023 / 6000 acc {'inadequate_both': 11579, 'excluded_diet': 3706, 'retained': 1793, 'inadequate_A': 230, 'inadequate_B': 453, 'gen_failed': 102, 'excluded_dup': 590, 'excluded_band': 47} (55750s)
[chain] processed 18600 retained 1805 rows 5058 / 6000 acc {'inadequate_both': 11643, 'excluded_diet': 3721, 'retained': 1805, 'inadequate_A': 233, 'inadequate_B': 454, 'gen_failed': 103, 'excluded_dup': 594, 'excluded_band': 47} (56071s)
[chain] processed 18700 retained 1813 rows 5084 / 6000 acc {'inadequate_both': 11708, 'excluded_diet': 3739, 'retained': 1813, 'inadequate_A': 233, 'inadequate_B': 455, 'gen_failed': 103, 'excluded_dup': 602, 'excluded_band': 47} (56352s)
[chain] processed 18800 retained 1820 rows 5106 / 6000 acc {'inadequate_both': 11766, 'excluded_diet': 3758, 'retained': 1820, 'inadequate_A': 236, 'inadequate_B': 459, 'gen_failed': 103, 'excluded_dup': 610, 'excluded_band': 48} (56643s)
[chain] processed 18900 retained 1829 rows 5132 / 6000 acc {'inadequate_both': 11830, 'excluded_diet': 3778, 'retained': 1829, 'inadequate_A': 237, 'inadequate_B': 461, 'gen_failed': 103, 'excluded_dup': 614, 'excluded_band': 48} (56895s)
[chain] processed 19000 retained 1839 rows 5162 / 6000 acc {'inadequate_both': 11889, 'excluded_diet': 3800, 'retained': 1839, 'inadequate_A': 239, 'inadequate_B': 461, 'gen_failed': 103, 'excluded_dup': 620, 'excluded_band': 49} (57149s)
[chain] processed 19100 retained 1848 rows 5189 / 6000 acc {'inadequate_both': 11953, 'excluded_diet': 3818, 'retained': 1848, 'inadequate_A': 240, 'inadequate_B': 463, 'gen_failed': 103, 'excluded_dup': 626, 'excluded_band': 49} (57424s)
[chain] processed 19200 retained 1855 rows 5211 / 6000 acc {'inadequate_both': 12022, 'excluded_diet': 3836, 'retained': 1855, 'inadequate_A': 240, 'inadequate_B': 464, 'gen_failed': 105, 'excluded_dup': 629, 'excluded_band': 49} (57767s)
[chain] processed 19300 retained 1866 rows 5242 / 6000 acc {'inadequate_both': 12083, 'excluded_diet': 3857, 'retained': 1866, 'inadequate_A': 240, 'inadequate_B': 466, 'gen_failed': 105, 'excluded_dup': 634, 'excluded_band': 49} (58082s)
[chain] processed 19400 retained 1873 rows 5262 / 6000 acc {'inadequate_both': 12141, 'excluded_diet': 3877, 'retained': 1873, 'inadequate_A': 241, 'inadequate_B': 468, 'gen_failed': 105, 'excluded_dup': 646, 'excluded_band': 49} (58245s)
[chain] processed 19500 retained 1878 rows 5275 / 6000 acc {'inadequate_both': 12198, 'excluded_diet': 3904, 'retained': 1878, 'inadequate_A': 243, 'inadequate_B': 475, 'gen_failed': 105, 'excluded_dup': 648, 'excluded_band': 49} (58492s)
[chain] processed 19700 retained 1900 rows 5336 / 6000 acc {'inadequate_both': 12318, 'excluded_diet': 3944, 'retained': 1900, 'inadequate_A': 246, 'inadequate_B': 480, 'gen_failed': 105, 'excluded_dup': 658, 'excluded_band': 49} (59025s)
[chain] processed 19800 retained 1909 rows 5363 / 6000 acc {'inadequate_both': 12380, 'excluded_diet': 3961, 'retained': 1909, 'inadequate_A': 248, 'inadequate_B': 486, 'gen_failed': 105, 'excluded_dup': 662, 'excluded_band': 49} (59268s)
[chain] processed 19900 retained 1924 rows 5402 / 6000 acc {'inadequate_both': 12440, 'excluded_diet': 3975, 'retained': 1924, 'inadequate_A': 248, 'inadequate_B': 489, 'gen_failed': 106, 'excluded_dup': 669, 'excluded_band': 49} (59591s)
[chain] processed 20000 retained 1934 rows 5431 / 6000 acc {'inadequate_both': 12503, 'excluded_diet': 3993, 'retained': 1934, 'inadequate_A': 250, 'inadequate_B': 491, 'gen_failed': 106, 'excluded_dup': 674, 'excluded_band': 49} (59911s)
[chain] processed 20100 retained 1940 rows 5450 / 6000 acc {'inadequate_both': 12560, 'excluded_diet': 4017, 'retained': 1940, 'inadequate_A': 254, 'inadequate_B': 493, 'gen_failed': 106, 'excluded_dup': 681, 'excluded_band': 49} (60131s)
[chain] processed 20200 retained 1947 rows 5470 / 6000 acc {'inadequate_both': 12621, 'excluded_diet': 4039, 'retained': 1947, 'inadequate_A': 256, 'inadequate_B': 496, 'gen_failed': 107, 'excluded_dup': 685, 'excluded_band': 49} (60475s)
[chain] processed 20300 retained 1958 rows 5501 / 6000 acc {'inadequate_both': 12682, 'excluded_diet': 4059, 'retained': 1958, 'inadequate_A': 257, 'inadequate_B': 498, 'gen_failed': 108, 'excluded_dup': 689, 'excluded_band': 49} (60770s)
[chain] processed 20400 retained 1971 rows 5539 / 6000 acc {'inadequate_both': 12745, 'excluded_diet': 4077, 'retained': 1971, 'inadequate_A': 258, 'inadequate_B': 501, 'gen_failed': 108, 'excluded_dup': 691, 'excluded_band': 49} (61087s)
[chain] processed 20500 retained 1981 rows 5565 / 6000 acc {'inadequate_both': 12805, 'excluded_diet': 4095, 'retained': 1981, 'inadequate_A': 259, 'inadequate_B': 507, 'gen_failed': 108, 'excluded_dup': 696, 'excluded_band': 49} (61359s)
[chain] processed 20600 retained 1989 rows 5588 / 6000 acc {'inadequate_both': 12863, 'excluded_diet': 4121, 'retained': 1989, 'inadequate_A': 261, 'inadequate_B': 510, 'gen_failed': 109, 'excluded_dup': 698, 'excluded_band': 49} (61640s)
[chain] processed 20700 retained 1997 rows 5612 / 6000 acc {'inadequate_both': 12924, 'excluded_diet': 4138, 'retained': 1997, 'inadequate_A': 263, 'inadequate_B': 512, 'gen_failed': 109, 'excluded_dup': 708, 'excluded_band': 49} (61869s)
[chain] processed 20800 retained 2007 rows 5639 / 6000 acc {'inadequate_both': 12986, 'excluded_diet': 4156, 'retained': 2007, 'inadequate_A': 266, 'inadequate_B': 514, 'gen_failed': 109, 'excluded_dup': 712, 'excluded_band': 50} (62162s)
[chain] processed 20900 retained 2020 rows 5675 / 6000 acc {'inadequate_both': 13047, 'excluded_diet': 4171, 'retained': 2020, 'inadequate_A': 267, 'inadequate_B': 517, 'gen_failed': 110, 'excluded_dup': 717, 'excluded_band': 51} (62484s)
[chain] processed 21000 retained 2029 rows 5699 / 6000 acc {'inadequate_both': 13115, 'excluded_diet': 4186, 'retained': 2029, 'inadequate_A': 269, 'inadequate_B': 519, 'gen_failed': 110, 'excluded_dup': 721, 'excluded_band': 51} (62829s)
[chain] processed 21100 retained 2034 rows 5713 / 6000 acc {'inadequate_both': 13178, 'excluded_diet': 4208, 'retained': 2034, 'inadequate_A': 269, 'inadequate_B': 520, 'gen_failed': 112, 'excluded_dup': 728, 'excluded_band': 51} (63191s)
[chain] processed 21200 retained 2044 rows 5745 / 6000 acc {'inadequate_both': 13234, 'excluded_diet': 4232, 'retained': 2044, 'inadequate_A': 271, 'inadequate_B': 520, 'gen_failed': 113, 'excluded_dup': 734, 'excluded_band': 52} (63506s)
[chain] processed 21300 retained 2052 rows 5770 / 6000 acc {'inadequate_both': 13294, 'excluded_diet': 4248, 'retained': 2052, 'inadequate_A': 273, 'inadequate_B': 524, 'gen_failed': 113, 'excluded_dup': 744, 'excluded_band': 52} (63795s)
[chain] processed 21400 retained 2063 rows 5802 / 6000 acc {'inadequate_both': 13357, 'excluded_diet': 4262, 'retained': 2063, 'inadequate_A': 275, 'inadequate_B': 526, 'gen_failed': 114, 'excluded_dup': 749, 'excluded_band': 54} (64109s)
[chain] processed 21500 retained 2068 rows 5819 / 6000 acc {'inadequate_both': 13415, 'excluded_diet': 4287, 'retained': 2068, 'inadequate_A': 276, 'inadequate_B': 530, 'gen_failed': 114, 'excluded_dup': 756, 'excluded_band': 54} (64350s)
[chain] processed 21600 retained 2080 rows 5844 / 6000 acc {'inadequate_both': 13474, 'excluded_diet': 4307, 'retained': 2080, 'inadequate_A': 277, 'inadequate_B': 533, 'gen_failed': 114, 'excluded_dup': 761, 'excluded_band': 54} (64684s)
[chain] processed 21700 retained 2086 rows 5862 / 6000 acc {'inadequate_both': 13529, 'excluded_diet': 4335, 'retained': 2086, 'inadequate_A': 279, 'inadequate_B': 533, 'gen_failed': 114, 'excluded_dup': 770, 'excluded_band': 54} (64934s)
[chain] processed 21800 retained 2097 rows 5889 / 6000 acc {'inadequate_both': 13584, 'excluded_diet': 4356, 'retained': 2097, 'inadequate_A': 283, 'inadequate_B': 536, 'gen_failed': 115, 'excluded_dup': 775, 'excluded_band': 54} (65229s)
[chain] processed 21900 retained 2107 rows 5914 / 6000 acc {'inadequate_both': 13641, 'excluded_diet': 4374, 'retained': 2107, 'inadequate_A': 284, 'inadequate_B': 538, 'gen_failed': 116, 'excluded_dup': 786, 'excluded_band': 54} (65556s)
[chain] processed 22000 retained 2115 rows 5937 / 6000 acc {'inadequate_both': 13700, 'excluded_diet': 4393, 'retained': 2115, 'inadequate_A': 287, 'inadequate_B': 541, 'gen_failed': 116, 'excluded_dup': 794, 'excluded_band': 54} (65869s)
[chain] processed 22100 retained 2122 rows 5954 / 6000 acc {'inadequate_both': 13762, 'excluded_diet': 4413, 'retained': 2122, 'inadequate_A': 288, 'inadequate_B': 547, 'gen_failed': 116, 'excluded_dup': 798, 'excluded_band': 54} (66195s)
[chain] processed 22200 retained 2130 rows 5980 / 6000 acc {'inadequate_both': 13818, 'excluded_diet': 4432, 'retained': 2130, 'inadequate_A': 290, 'inadequate_B': 549, 'gen_failed': 117, 'excluded_dup': 810, 'excluded_band': 54} (66470s)
[chain] written logs/crossfoster1/chain.json: CHAIN-DEGENERATE rows 6000 of 6000 from 2137 roots (22283 processed); specific {'A': 772, 'B': 772}
[liverun] disarmed crossfoster1c rc 0
