[liverun] armed crossfoster1d pid 26854 commit 656970e8 worktree /Users/artin/code/llmopt sentinel /Users/artin/code/llmopt/.git/liverun.lock
[curric] D2 excision: 165028 -> 164896 rows
[donor] processed 400 retained 162 / 6000 acc {'retained': 162, 'excluded_diet': 85, 'inadequate_both': 113, 'inadequate_B': 31, 'gen_failed': 2, 'inadequate_A': 7} (948s)
[donor] processed 600 retained 238 / 6000 acc {'retained': 238, 'excluded_diet': 115, 'inadequate_both': 189, 'inadequate_B': 42, 'gen_failed': 2, 'inadequate_A': 12, 'excluded_dup': 1, 'excluded_band': 1} (1503s)
[donor] processed 800 retained 310 / 6000 acc {'retained': 310, 'excluded_diet': 159, 'inadequate_both': 261, 'inadequate_B': 49, 'gen_failed': 4, 'inadequate_A': 15, 'excluded_dup': 1, 'excluded_band': 1} (2092s)
[donor] processed 1000 retained 382 / 6000 acc {'retained': 382, 'excluded_diet': 205, 'inadequate_both': 322, 'inadequate_B': 64, 'gen_failed': 4, 'inadequate_A': 21, 'excluded_dup': 1, 'excluded_band': 1} (2617s)
[donor] processed 1200 retained 463 / 6000 acc {'retained': 463, 'excluded_diet': 241, 'inadequate_both': 386, 'inadequate_B': 72, 'gen_failed': 4, 'inadequate_A': 27, 'excluded_dup': 5, 'excluded_band': 2} (3136s)
[donor] processed 1400 retained 541 / 6000 acc {'retained': 541, 'excluded_diet': 277, 'inadequate_both': 445, 'inadequate_B': 93, 'gen_failed': 6, 'inadequate_A': 31, 'excluded_dup': 5, 'excluded_band': 2} (3776s)
[donor] processed 1600 retained 623 / 6000 acc {'retained': 623, 'excluded_diet': 321, 'inadequate_both': 508, 'inadequate_B': 99, 'gen_failed': 6, 'inadequate_A': 35, 'excluded_dup': 5, 'excluded_band': 3} (4394s)
[donor] processed 1800 retained 701 / 6000 acc {'retained': 701, 'excluded_diet': 356, 'inadequate_both': 572, 'inadequate_B': 112, 'gen_failed': 7, 'inadequate_A': 42, 'excluded_dup': 7, 'excluded_band': 3} (4999s)
[donor] processed 2000 retained 780 / 6000 acc {'retained': 780, 'excluded_diet': 398, 'inadequate_both': 636, 'inadequate_B': 120, 'gen_failed': 8, 'inadequate_A': 47, 'excluded_dup': 8, 'excluded_band': 3} (5558s)
[donor] processed 2200 retained 863 / 6000 acc {'retained': 863, 'excluded_diet': 436, 'inadequate_both': 692, 'inadequate_B': 134, 'gen_failed': 8, 'inadequate_A': 52, 'excluded_dup': 12, 'excluded_band': 3} (6078s)
[donor] processed 2400 retained 931 / 6000 acc {'retained': 931, 'excluded_diet': 482, 'inadequate_both': 759, 'inadequate_B': 144, 'gen_failed': 8, 'inadequate_A': 59, 'excluded_dup': 14, 'excluded_band': 3} (6695s)
[donor] processed 2600 retained 1003 / 6000 acc {'retained': 1003, 'excluded_diet': 528, 'inadequate_both': 829, 'inadequate_B': 150, 'gen_failed': 8, 'inadequate_A': 65, 'excluded_dup': 14, 'excluded_band': 3} (7262s)
[donor] processed 2800 retained 1089 / 6000 acc {'retained': 1089, 'excluded_diet': 566, 'inadequate_both': 885, 'inadequate_B': 158, 'gen_failed': 12, 'inadequate_A': 70, 'excluded_dup': 16, 'excluded_band': 4} (8016s)
[donor] processed 3000 retained 1178 / 6000 acc {'retained': 1178, 'excluded_diet': 599, 'inadequate_both': 944, 'inadequate_B': 165, 'gen_failed': 14, 'inadequate_A': 77, 'excluded_dup': 18, 'excluded_band': 5} (8665s)
[donor] processed 3200 retained 1254 / 6000 acc {'retained': 1254, 'excluded_diet': 649, 'inadequate_both': 1000, 'inadequate_B': 170, 'gen_failed': 16, 'inadequate_A': 82, 'excluded_dup': 23, 'excluded_band': 6} (9299s)
[donor] processed 3400 retained 1335 / 6000 acc {'retained': 1335, 'excluded_diet': 693, 'inadequate_both': 1057, 'inadequate_B': 179, 'gen_failed': 20, 'inadequate_A': 84, 'excluded_dup': 24, 'excluded_band': 8} (10029s)
[donor] processed 3600 retained 1413 / 6000 acc {'retained': 1413, 'excluded_diet': 737, 'inadequate_both': 1113, 'inadequate_B': 190, 'gen_failed': 21, 'inadequate_A': 91, 'excluded_dup': 27, 'excluded_band': 8} (10689s)
[donor] processed 3800 retained 1484 / 6000 acc {'retained': 1484, 'excluded_diet': 780, 'inadequate_both': 1180, 'inadequate_B': 203, 'gen_failed': 21, 'inadequate_A': 95, 'excluded_dup': 29, 'excluded_band': 8} (11384s)
[donor] processed 4000 retained 1572 / 6000 acc {'retained': 1572, 'excluded_diet': 811, 'inadequate_both': 1237, 'inadequate_B': 214, 'gen_failed': 21, 'inadequate_A': 102, 'excluded_dup': 35, 'excluded_band': 8} (12053s)
[donor] processed 4200 retained 1654 / 6000 acc {'retained': 1654, 'excluded_diet': 848, 'inadequate_both': 1304, 'inadequate_B': 219, 'gen_failed': 22, 'inadequate_A': 105, 'excluded_dup': 40, 'excluded_band': 8} (12717s)
[donor] processed 4400 retained 1734 / 6000 acc {'retained': 1734, 'excluded_diet': 888, 'inadequate_both': 1361, 'inadequate_B': 229, 'gen_failed': 24, 'inadequate_A': 110, 'excluded_dup': 43, 'excluded_band': 11} (13444s)
[donor] processed 4600 retained 1805 / 6000 acc {'retained': 1805, 'excluded_diet': 925, 'inadequate_both': 1427, 'inadequate_B': 239, 'gen_failed': 27, 'inadequate_A': 117, 'excluded_dup': 48, 'excluded_band': 12} (14185s)
[donor] processed 4800 retained 1884 / 6000 acc {'retained': 1884, 'excluded_diet': 963, 'inadequate_both': 1484, 'inadequate_B': 257, 'gen_failed': 30, 'inadequate_A': 119, 'excluded_dup': 51, 'excluded_band': 12} (14986s)
[donor] processed 5000 retained 1955 / 6000 acc {'retained': 1955, 'excluded_diet': 1005, 'inadequate_both': 1550, 'inadequate_B': 269, 'gen_failed': 32, 'inadequate_A': 124, 'excluded_dup': 53, 'excluded_band': 12} (15789s)
[donor] processed 5200 retained 2043 / 6000 acc {'retained': 2043, 'excluded_diet': 1032, 'inadequate_both': 1609, 'inadequate_B': 282, 'gen_failed': 33, 'inadequate_A': 126, 'excluded_dup': 61, 'excluded_band': 14} (16378s)
[donor] processed 5600 retained 2197 / 6000 acc {'retained': 2197, 'excluded_diet': 1102, 'inadequate_both': 1746, 'inadequate_B': 298, 'gen_failed': 36, 'inadequate_A': 134, 'excluded_dup': 71, 'excluded_band': 16} (17718s)
[donor] processed 5800 retained 2281 / 6000 acc {'retained': 2281, 'excluded_diet': 1137, 'inadequate_both': 1814, 'inadequate_B': 305, 'gen_failed': 37, 'inadequate_A': 136, 'excluded_dup': 74, 'excluded_band': 16} (18402s)
[donor] processed 6000 retained 2366 / 6000 acc {'retained': 2366, 'excluded_diet': 1173, 'inadequate_both': 1870, 'inadequate_B': 316, 'gen_failed': 39, 'inadequate_A': 139, 'excluded_dup': 80, 'excluded_band': 17} (19166s)
[donor] processed 6200 retained 2435 / 6000 acc {'retained': 2435, 'excluded_diet': 1212, 'inadequate_both': 1938, 'inadequate_B': 328, 'gen_failed': 41, 'inadequate_A': 147, 'excluded_dup': 82, 'excluded_band': 17} (19887s)
[donor] processed 6400 retained 2512 / 6000 acc {'retained': 2512, 'excluded_diet': 1248, 'inadequate_both': 2010, 'inadequate_B': 338, 'gen_failed': 42, 'inadequate_A': 149, 'excluded_dup': 84, 'excluded_band': 17} (20608s)
[donor] processed 6600 retained 2587 / 6000 acc {'retained': 2587, 'excluded_diet': 1291, 'inadequate_both': 2072, 'inadequate_B': 345, 'gen_failed': 43, 'inadequate_A': 153, 'excluded_dup': 92, 'excluded_band': 17} (21240s)
[donor] processed 6800 retained 2664 / 6000 acc {'retained': 2664, 'excluded_diet': 1330, 'inadequate_both': 2139, 'inadequate_B': 352, 'gen_failed': 43, 'inadequate_A': 160, 'excluded_dup': 95, 'excluded_band': 17} (21853s)
[donor] processed 7000 retained 2751 / 6000 acc {'retained': 2751, 'excluded_diet': 1367, 'inadequate_both': 2198, 'inadequate_B': 365, 'gen_failed': 44, 'inadequate_A': 162, 'excluded_dup': 96, 'excluded_band': 17} (22564s)
[donor] processed 7200 retained 2828 / 6000 acc {'retained': 2828, 'excluded_diet': 1404, 'inadequate_both': 2259, 'inadequate_B': 378, 'gen_failed': 46, 'inadequate_A': 165, 'excluded_dup': 101, 'excluded_band': 19} (23288s)
[donor] processed 7400 retained 2898 / 6000 acc {'retained': 2898, 'excluded_diet': 1440, 'inadequate_both': 2325, 'inadequate_B': 392, 'gen_failed': 47, 'inadequate_A': 170, 'excluded_dup': 109, 'excluded_band': 19} (24002s)
[donor] processed 7600 retained 2969 / 6000 acc {'retained': 2969, 'excluded_diet': 1477, 'inadequate_both': 2392, 'inadequate_B': 404, 'gen_failed': 47, 'inadequate_A': 177, 'excluded_dup': 115, 'excluded_band': 19} (24793s)
[donor] processed 7800 retained 3049 / 6000 acc {'retained': 3049, 'excluded_diet': 1515, 'inadequate_both': 2454, 'inadequate_B': 410, 'gen_failed': 47, 'inadequate_A': 183, 'excluded_dup': 123, 'excluded_band': 19} (25436s)
[donor] processed 8000 retained 3136 / 6000 acc {'retained': 3136, 'excluded_diet': 1544, 'inadequate_both': 2515, 'inadequate_B': 420, 'gen_failed': 48, 'inadequate_A': 189, 'excluded_dup': 128, 'excluded_band': 20} (26182s)
[donor] processed 8200 retained 3208 / 6000 acc {'retained': 3208, 'excluded_diet': 1588, 'inadequate_both': 2574, 'inadequate_B': 436, 'gen_failed': 50, 'inadequate_A': 193, 'excluded_dup': 131, 'excluded_band': 20} (26916s)
[donor] processed 8400 retained 3273 / 6000 acc {'retained': 3273, 'excluded_diet': 1632, 'inadequate_both': 2640, 'inadequate_B': 449, 'gen_failed': 51, 'inadequate_A': 197, 'excluded_dup': 137, 'excluded_band': 21} (27618s)
[donor] processed 8600 retained 3335 / 6000 acc {'retained': 3335, 'excluded_diet': 1671, 'inadequate_both': 2717, 'inadequate_B': 459, 'gen_failed': 51, 'inadequate_A': 203, 'excluded_dup': 143, 'excluded_band': 21} (28382s)
[donor] processed 8800 retained 3418 / 6000 acc {'retained': 3418, 'excluded_diet': 1711, 'inadequate_both': 2772, 'inadequate_B': 472, 'gen_failed': 51, 'inadequate_A': 207, 'excluded_dup': 147, 'excluded_band': 22} (29052s)
[donor] processed 9000 retained 3484 / 6000 acc {'retained': 3484, 'excluded_diet': 1755, 'inadequate_both': 2844, 'inadequate_B': 481, 'gen_failed': 51, 'inadequate_A': 210, 'excluded_dup': 152, 'excluded_band': 23} (29781s)
[donor] processed 9200 retained 3556 / 6000 acc {'retained': 3556, 'excluded_diet': 1792, 'inadequate_both': 2909, 'inadequate_B': 492, 'gen_failed': 51, 'inadequate_A': 214, 'excluded_dup': 163, 'excluded_band': 23} (30447s)
[donor] processed 9400 retained 3637 / 6000 acc {'retained': 3637, 'excluded_diet': 1824, 'inadequate_both': 2969, 'inadequate_B': 500, 'gen_failed': 53, 'inadequate_A': 224, 'excluded_dup': 170, 'excluded_band': 23} (31184s)
[donor] processed 9600 retained 3706 / 6000 acc {'retained': 3706, 'excluded_diet': 1864, 'inadequate_both': 3043, 'inadequate_B': 507, 'gen_failed': 54, 'inadequate_A': 227, 'excluded_dup': 175, 'excluded_band': 24} (32007s)
[donor] processed 9800 retained 3768 / 6000 acc {'retained': 3768, 'excluded_diet': 1908, 'inadequate_both': 3116, 'inadequate_B': 513, 'gen_failed': 56, 'inadequate_A': 234, 'excluded_dup': 181, 'excluded_band': 24} (32754s)
[donor] processed 10000 retained 3842 / 6000 acc {'retained': 3842, 'excluded_diet': 1946, 'inadequate_both': 3179, 'inadequate_B': 527, 'gen_failed': 57, 'inadequate_A': 235, 'excluded_dup': 190, 'excluded_band': 24} (33488s)
[donor] processed 10200 retained 3904 / 6000 acc {'retained': 3904, 'excluded_diet': 1988, 'inadequate_both': 3240, 'inadequate_B': 537, 'gen_failed': 65, 'inadequate_A': 237, 'excluded_dup': 204, 'excluded_band': 25} (34443s)
[donor] processed 10400 retained 3970 / 6000 acc {'retained': 3970, 'excluded_diet': 2029, 'inadequate_both': 3305, 'inadequate_B': 549, 'gen_failed': 65, 'inadequate_A': 245, 'excluded_dup': 212, 'excluded_band': 25} (35122s)
[donor] processed 10600 retained 4037 / 6000 acc {'retained': 4037, 'excluded_diet': 2069, 'inadequate_both': 3370, 'inadequate_B': 561, 'gen_failed': 67, 'inadequate_A': 252, 'excluded_dup': 219, 'excluded_band': 25} (35919s)
[donor] processed 10800 retained 4117 / 6000 acc {'retained': 4117, 'excluded_diet': 2104, 'inadequate_both': 3426, 'inadequate_B': 573, 'gen_failed': 70, 'inadequate_A': 256, 'excluded_dup': 229, 'excluded_band': 25} (36680s)
[donor] processed 11000 retained 4192 / 6000 acc {'retained': 4192, 'excluded_diet': 2146, 'inadequate_both': 3490, 'inadequate_B': 579, 'gen_failed': 71, 'inadequate_A': 257, 'excluded_dup': 240, 'excluded_band': 25} (37337s)
[donor] processed 11200 retained 4266 / 6000 acc {'retained': 4266, 'excluded_diet': 2181, 'inadequate_both': 3555, 'inadequate_B': 593, 'gen_failed': 71, 'inadequate_A': 259, 'excluded_dup': 250, 'excluded_band': 25} (37958s)
[donor] processed 11400 retained 4344 / 6000 acc {'retained': 4344, 'excluded_diet': 2219, 'inadequate_both': 3620, 'inadequate_B': 599, 'gen_failed': 73, 'inadequate_A': 262, 'excluded_dup': 257, 'excluded_band': 26} (38620s)
[donor] processed 11600 retained 4407 / 6000 acc {'retained': 4407, 'excluded_diet': 2266, 'inadequate_both': 3687, 'inadequate_B': 604, 'gen_failed': 73, 'inadequate_A': 266, 'excluded_dup': 270, 'excluded_band': 27} (39223s)
[donor] processed 11800 retained 4484 / 6000 acc {'retained': 4484, 'excluded_diet': 2309, 'inadequate_both': 3749, 'inadequate_B': 612, 'gen_failed': 73, 'inadequate_A': 267, 'excluded_dup': 278, 'excluded_band': 28} (39758s)
[donor] processed 12000 retained 4555 / 6000 acc {'retained': 4555, 'excluded_diet': 2347, 'inadequate_both': 3821, 'inadequate_B': 624, 'gen_failed': 74, 'inadequate_A': 269, 'excluded_dup': 282, 'excluded_band': 28} (40456s)
[donor] processed 12200 retained 4631 / 6000 acc {'retained': 4631, 'excluded_diet': 2391, 'inadequate_both': 3878, 'inadequate_B': 637, 'gen_failed': 75, 'inadequate_A': 273, 'excluded_dup': 286, 'excluded_band': 29} (41010s)
[donor] processed 12400 retained 4695 / 6000 acc {'retained': 4695, 'excluded_diet': 2433, 'inadequate_both': 3947, 'inadequate_B': 647, 'gen_failed': 75, 'inadequate_A': 275, 'excluded_dup': 298, 'excluded_band': 30} (41618s)
[donor] processed 12600 retained 4777 / 6000 acc {'retained': 4777, 'excluded_diet': 2465, 'inadequate_both': 4007, 'inadequate_B': 659, 'gen_failed': 76, 'inadequate_A': 277, 'excluded_dup': 308, 'excluded_band': 31} (42272s)
[donor] processed 12800 retained 4859 / 6000 acc {'retained': 4859, 'excluded_diet': 2504, 'inadequate_both': 4063, 'inadequate_B': 667, 'gen_failed': 77, 'inadequate_A': 280, 'excluded_dup': 318, 'excluded_band': 32} (42835s)
[donor] processed 13000 retained 4936 / 6000 acc {'retained': 4936, 'excluded_diet': 2544, 'inadequate_both': 4121, 'inadequate_B': 677, 'gen_failed': 77, 'inadequate_A': 286, 'excluded_dup': 325, 'excluded_band': 34} (43465s)
[donor] processed 13200 retained 5014 / 6000 acc {'retained': 5014, 'excluded_diet': 2591, 'inadequate_both': 4178, 'inadequate_B': 683, 'gen_failed': 79, 'inadequate_A': 290, 'excluded_dup': 330, 'excluded_band': 35} (44093s)
[donor] processed 13400 retained 5078 / 6000 acc {'retained': 5078, 'excluded_diet': 2634, 'inadequate_both': 4244, 'inadequate_B': 692, 'gen_failed': 80, 'inadequate_A': 299, 'excluded_dup': 337, 'excluded_band': 36} (44755s)
[donor] processed 13600 retained 5152 / 6000 acc {'retained': 5152, 'excluded_diet': 2672, 'inadequate_both': 4304, 'inadequate_B': 701, 'gen_failed': 82, 'inadequate_A': 306, 'excluded_dup': 347, 'excluded_band': 36} (45359s)
[donor] processed 13800 retained 5224 / 6000 acc {'retained': 5224, 'excluded_diet': 2714, 'inadequate_both': 4365, 'inadequate_B': 713, 'gen_failed': 82, 'inadequate_A': 312, 'excluded_dup': 354, 'excluded_band': 36} (45914s)
[donor] processed 14000 retained 5295 / 6000 acc {'retained': 5295, 'excluded_diet': 2753, 'inadequate_both': 4429, 'inadequate_B': 726, 'gen_failed': 82, 'inadequate_A': 318, 'excluded_dup': 361, 'excluded_band': 36} (46496s)
[donor] processed 14200 retained 5368 / 6000 acc {'retained': 5368, 'excluded_diet': 2786, 'inadequate_both': 4493, 'inadequate_B': 740, 'gen_failed': 83, 'inadequate_A': 325, 'excluded_dup': 368, 'excluded_band': 37} (47127s)
[donor] processed 14400 retained 5448 / 6000 acc {'retained': 5448, 'excluded_diet': 2821, 'inadequate_both': 4550, 'inadequate_B': 748, 'gen_failed': 85, 'inadequate_A': 330, 'excluded_dup': 381, 'excluded_band': 37} (47768s)
[donor] processed 14600 retained 5525 / 6000 acc {'retained': 5525, 'excluded_diet': 2856, 'inadequate_both': 4608, 'inadequate_B': 759, 'gen_failed': 87, 'inadequate_A': 334, 'excluded_dup': 394, 'excluded_band': 37} (48516s)
[donor] processed 14800 retained 5605 / 6000 acc {'retained': 5605, 'excluded_diet': 2899, 'inadequate_both': 4660, 'inadequate_B': 766, 'gen_failed': 89, 'inadequate_A': 337, 'excluded_dup': 407, 'excluded_band': 37} (49134s)
[donor] processed 15000 retained 5671 / 6000 acc {'retained': 5671, 'excluded_diet': 2941, 'inadequate_both': 4722, 'inadequate_B': 781, 'gen_failed': 90, 'inadequate_A': 343, 'excluded_dup': 415, 'excluded_band': 37} (49817s)
[donor] processed 15200 retained 5753 / 6000 acc {'retained': 5753, 'excluded_diet': 2976, 'inadequate_both': 4784, 'inadequate_B': 790, 'gen_failed': 91, 'inadequate_A': 345, 'excluded_dup': 423, 'excluded_band': 38} (50444s)
[donor] processed 15400 retained 5817 / 6000 acc {'retained': 5817, 'excluded_diet': 3016, 'inadequate_both': 4845, 'inadequate_B': 803, 'gen_failed': 94, 'inadequate_A': 354, 'excluded_dup': 433, 'excluded_band': 38} (51085s)
[donor] processed 15600 retained 5890 / 6000 acc {'retained': 5890, 'excluded_diet': 3060, 'inadequate_both': 4901, 'inadequate_B': 812, 'gen_failed': 96, 'inadequate_A': 359, 'excluded_dup': 444, 'excluded_band': 38} (51726s)
[donor] processed 15800 retained 5963 / 6000 acc {'retained': 5963, 'excluded_diet': 3097, 'inadequate_both': 4956, 'inadequate_B': 827, 'gen_failed': 96, 'inadequate_A': 370, 'excluded_dup': 453, 'excluded_band': 38} (52340s)
[donor] written logs/crossfoster1/donor.json: DONOR-HISTORIES-DEGENERATE retained 6000 of 15900 processed; D_A 6000 rows, D_B 6000 rows
[liverun] disarmed crossfoster1d rc 0
