[liverun] armed sgxpos0 pid 9083 commit 577a445d worktree /Users/artin/code/llmopt sentinel /Users/artin/code/llmopt/.git/liverun.lock
[curric] D2 excision: 165028 -> 164896 rows
[sgxpos] step 0 block 4: rc held 0.039 (fit 0.033, per chunk [0.04, 0.03, 0.03, 0.07]) local held 0.043 (fit 0.037) walls 34.4/34.4s (74s)
[sgxpos] step 0 block 5: rc held 0.030 (fit 0.027, per chunk [0.03, 0.02, 0.03, 0.06]) local held 0.033 (fit 0.029) walls 34.3/33.4s (142s)
[sgxpos] step 0 block 6: rc held 0.022 (fit 0.022, per chunk [0.02, 0.02, 0.02, 0.05]) local held 0.023 (fit 0.023) walls 32.8/32.8s (208s)
[sgxpos] step 0 block 7: rc held 0.016 (fit 0.028, per chunk [0.02, 0.01, 0.01, 0.03]) local held 0.019 (fit 0.031) walls 32.9/33.1s (274s)
[sgxpos] step 463 block 4: rc held 0.422 (fit 0.223, per chunk [0.41, 0.39, 0.42, 0.52]) local held 0.468 (fit 0.288) walls 29.6/30.6s (339s)
[sgxpos] step 463 block 5: rc held 0.333 (fit 0.184, per chunk [0.32, 0.3, 0.34, 0.43]) local held 0.357 (fit 0.226) walls 31.1/30.7s (401s)
[sgxpos] step 463 block 6: rc held 0.190 (fit 0.112, per chunk [0.18, 0.17, 0.19, 0.27]) local held 0.200 (fit 0.137) walls 31.0/31.8s (464s)
[sgxpos] step 463 block 7: rc held 0.043 (fit 0.026, per chunk [0.06, 0.03, 0.03, 0.06]) local held 0.043 (fit 0.032) walls 31.9/31.4s (527s)
[sgxpos] step 1028 block 4: rc held 0.998 (fit 0.336, per chunk [0.97, 0.97, 1.03, 1.05]) local held 1.032 (fit 0.400) walls 27.1/27.2s (587s)
[sgxpos] step 1028 block 5: rc held 0.895 (fit 0.294, per chunk [0.84, 0.85, 0.93, 1.03]) local held 0.915 (fit 0.344) walls 27.9/27.4s (642s)
[sgxpos] step 1028 block 6: rc held 0.668 (fit 0.225, per chunk [0.65, 0.57, 0.69, 0.81]) local held 0.681 (fit 0.265) walls 27.3/27.4s (696s)
[sgxpos] step 1028 block 7: rc held 0.075 (fit 0.021, per chunk [0.11, 0.05, 0.04, 0.08]) local held 0.075 (fit 0.025) walls 27.6/27.5s (752s)
[sgxpos] step 2056 block 4: rc held 1.187 (fit 0.348, per chunk [1.04, 1.17, 1.22, 1.32]) local held 1.235 (fit 0.404) walls 27.6/27.8s (812s)
[sgxpos] step 2056 block 5: rc held 1.094 (fit 0.291, per chunk [0.96, 1.06, 1.09, 1.27]) local held 1.142 (fit 0.338) walls 28.3/27.8s (868s)
[sgxpos] step 2056 block 6: rc held 0.873 (fit 0.224, per chunk [0.76, 0.82, 0.86, 1.06]) local held 0.882 (fit 0.271) walls 27.7/27.6s (924s)
[sgxpos] step 2056 block 7: rc held 0.087 (fit 0.016, per chunk [0.12, 0.06, 0.07, 0.11]) local held 0.086 (fit 0.019) walls 27.8/27.7s (979s)
[sgxpos] step 3084 block 4: rc held 1.197 (fit 0.342, per chunk [1.14, 1.24, 1.13, 1.3]) local held 1.245 (fit 0.401) walls 29.9/30.3s (1045s)
[sgxpos] step 3084 block 5: rc held 1.165 (fit 0.290, per chunk [1.01, 1.16, 1.14, 1.35]) local held 1.142 (fit 0.333) walls 31.0/30.7s (1106s)
[sgxpos] step 3084 block 6: rc held 0.931 (fit 0.236, per chunk [0.85, 0.88, 0.93, 1.06]) local held 0.932 (fit 0.286) walls 30.8/31.2s (1169s)
[sgxpos] step 3084 block 7: rc held 0.103 (fit 0.015, per chunk [0.14, 0.07, 0.07, 0.13]) local held 0.118 (fit 0.019) walls 31.1/31.2s (1231s)
[sgxpos] step 5140 block 4: rc held 1.178 (fit 0.313, per chunk [1.06, 1.36, 1.25, 1.23]) local held 1.206 (fit 0.368) walls 26.7/26.7s (1289s)
[sgxpos] step 5140 block 5: rc held 1.148 (fit 0.276, per chunk [1.04, 1.25, 1.2, 1.24]) local held 1.159 (fit 0.316) walls 27.3/26.8s (1344s)
[sgxpos] step 5140 block 6: rc held 0.988 (fit 0.210, per chunk [0.91, 0.97, 1.01, 1.12]) local held 0.997 (fit 0.243) walls 26.8/26.7s (1397s)
[sgxpos] step 5140 block 7: rc held 0.117 (fit 0.011, per chunk [0.14, 0.08, 0.08, 0.17]) local held 0.122 (fit 0.014) walls 26.7/26.7s (1451s)
[sgxpos] step 7196 block 4: rc held 1.285 (fit 0.287, per chunk [1.2, 1.34, 1.19, 1.42]) local held 1.329 (fit 0.343) walls 27.0/27.0s (1510s)
[sgxpos] step 7196 block 5: rc held 1.239 (fit 0.249, per chunk [1.15, 1.27, 1.21, 1.31]) local held 1.275 (fit 0.292) walls 27.3/27.3s (1565s)
[sgxpos] step 7196 block 6: rc held 1.011 (fit 0.198, per chunk [0.9, 1.02, 1.01, 1.09]) local held 1.062 (fit 0.242) walls 27.2/27.0s (1619s)
[sgxpos] step 7196 block 7: rc held 0.107 (fit 0.009, per chunk [0.12, 0.08, 0.09, 0.16]) local held 0.111 (fit 0.011) walls 26.9/27.0s (1673s)
[sgxpos] step 10280 block 4: rc held 1.199 (fit 0.292, per chunk [1.13, 1.21, 1.29, 1.18]) local held 1.275 (fit 0.344) walls 26.2/26.2s (1730s)
[sgxpos] step 10280 block 5: rc held 1.227 (fit 0.247, per chunk [1.16, 1.17, 1.36, 1.23]) local held 1.233 (fit 0.292) walls 26.1/25.7s (1782s)
[sgxpos] step 10280 block 6: rc held 1.039 (fit 0.186, per chunk [0.92, 0.99, 1.07, 1.12]) local held 1.062 (fit 0.222) walls 25.6/25.7s (1834s)
[sgxpos] step 10280 block 7: rc held 0.119 (fit 0.008, per chunk [0.13, 0.09, 0.09, 0.17]) local held 0.115 (fit 0.010) walls 25.7/25.6s (1885s)
[sgxpos] step 12336 block 4: rc held 1.234 (fit 0.296, per chunk [1.14, 1.16, 1.29, 1.32]) local held 1.229 (fit 0.344) walls 27.2/27.3s (1945s)
[sgxpos] step 12336 block 5: rc held 1.210 (fit 0.254, per chunk [1.11, 1.13, 1.28, 1.3]) local held 1.204 (fit 0.293) walls 28.0/27.6s (2000s)
[sgxpos] step 12336 block 6: rc held 1.042 (fit 0.196, per chunk [0.93, 0.97, 1.06, 1.16]) local held 1.062 (fit 0.229) walls 27.3/27.4s (2055s)
[sgxpos] step 12336 block 7: rc held 0.108 (fit 0.008, per chunk [0.11, 0.09, 0.08, 0.17]) local held 0.119 (fit 0.010) walls 27.5/27.6s (2110s)
[sgxpos] step 15420 block 4: rc held 1.228 (fit 0.296, per chunk [1.09, 1.17, 1.3, 1.32]) local held 1.212 (fit 0.348) walls 27.3/29.9s (2173s)
[sgxpos] step 15420 block 5: rc held 1.185 (fit 0.254, per chunk [1.07, 1.14, 1.25, 1.27]) local held 1.178 (fit 0.291) walls 29.6/29.4s (2232s)
[sgxpos] step 15420 block 6: rc held 1.053 (fit 0.196, per chunk [0.93, 0.98, 1.08, 1.17]) local held 1.054 (fit 0.229) walls 28.9/28.8s (2289s)
[sgxpos] step 15420 block 7: rc held 0.108 (fit 0.007, per chunk [0.11, 0.09, 0.08, 0.17]) local held 0.116 (fit 0.009) walls 29.0/29.2s (2348s)
[sgxpos] written logs/sgxpos0/desk.json; BAR-1 NO-FIRE (late median rc 1.1004198463471655, paired gap -0.008247560138013657)
[liverun] disarmed sgxpos0 rc 0
