[gate] weights sha 59a63ef5b76b21a3
[depend] A/full: 64 (71.2s)
[gate] weights sha 5fddeff17d1a86e9
[depend] W0_seed2: 0 (49.2s)
[gate] weights sha 24ceb754af5e8f4f
[depend] A/revert/BLOCK0: 32 (65.6s)
[gate] weights sha 82deff39c153e823
[depend] A/revert/BLOCK1: 35 (69.3s)
[gate] weights sha 80d3d8edb5169706
[depend] A/revert/BLOCK2: 42 (66.8s)
[gate] weights sha ca886fadb284ef4e
[depend] A/revert/BLOCK3: 51 (68.3s)
[gate] weights sha 572206b24e3a52cd
[depend] A/revert/BLOCK4: 48 (66.6s)
[gate] weights sha d0f38ddfaa82bbe7
[depend] A/revert/BLOCK5: 37 (79.3s)
[gate] weights sha 143b26af920d082d
[depend] A/revert/BLOCK6: 55 (70.5s)
[gate] weights sha 46b09afe0b1dab98
<string>:1: SyntaxWarning: 'tuple' object is not callable; perhaps you missed a comma?
[depend] A/revert/BLOCK7: 13 (62.4s)
[gate] weights sha 018a313dc68b0e4f
[depend] A/revert/OUTSIDE: 65 (71.4s)
[gate] weights sha aca575de842df8aa
[depend] A/revert/CLASS_qkv: 0 (112.8s)
[gate] weights sha 634c56eb76b51b2a
[depend] A/revert/CLASS_o: 1 (89.1s)
[gate] weights sha 7759ea2630b75ba8
[depend] A/revert/CLASS_gate: 40 (69.6s)
[gate] weights sha 13555f05b39e9728
[depend] A/revert/CLASS_up: 40 (92.1s)
[gate] weights sha 9df264ae1ddd9563
[depend] A/revert/CLASS_down: 2 (51.8s)
[gate] weights sha 42bacc049bda0166
[depend] A/revert/CLASS_norms: 64 (70.7s)
[gate] weights sha 38266ab7e1ef72db
[depend] A/revert/CLASS_emb: 64 (68.6s)
[gate] weights sha 0ab89dae692c6769
[depend] A/revert/CLASS_head: 65 (69.3s)
[gate] weights sha c274e5c0f7f24a80
[depend] B/full: 62 (76.6s)
[gate] weights sha b889fe71c1b987ce
[depend] B/revert/BLOCK0: 55 (73.6s)
[gate] weights sha b11bbe78a2b1ae30
[depend] B/revert/BLOCK1: 56 (82.6s)
[gate] weights sha f3675b7371e85c6e
[depend] B/revert/BLOCK2: 47 (71.3s)
[gate] weights sha b90cc1a75ed6fa85
[depend] B/revert/BLOCK3: 47 (76.4s)
[gate] weights sha c2d810fe657c6aae
[depend] B/revert/BLOCK4: 37 (78.4s)
[gate] weights sha 71fda60455156116
[depend] B/revert/BLOCK5: 40 (77.0s)
[gate] weights sha a419d313550ad634
[depend] B/revert/BLOCK6: 43 (83.2s)
[gate] weights sha fb95711e9c284c15
[depend] B/revert/BLOCK7: 0 (68.1s)
[gate] weights sha 380f3c2857da49de
[depend] B/revert/OUTSIDE: 59 (78.4s)
[gate] weights sha 8f54d4efb67bb7c2
[depend] B/revert/CLASS_qkv: 0 (119.9s)
[gate] weights sha efbcf5f9e47f048c
[depend] B/revert/CLASS_o: 2 (85.9s)
[gate] weights sha 3479364a6f5a7ea3
[depend] B/revert/CLASS_gate: 37 (77.9s)
[gate] weights sha 7a9509d245cf7977
[depend] B/revert/CLASS_up: 39 (79.1s)
[gate] weights sha 4ca96660b9e18140
[depend] B/revert/CLASS_down: 0 (64.2s)
[gate] weights sha 35d81db41a4eea50
[depend] B/revert/CLASS_norms: 61 (77.9s)
[gate] weights sha 6826e6b55fc4d2c0
[depend] B/revert/CLASS_emb: 61 (76.2s)
[gate] weights sha 689fca3f5d1387a7
[depend] B/revert/CLASS_head: 59 (76.6s)
[gate] weights sha 5f1bf98ffd0afa68
[depend] N1/full: 61 (76.8s)
[gate] weights sha 6daddd422e2b347e
[depend] W0_seed6: 0 (69.4s)
[gate] weights sha 0557ef2928f83aa2
[depend] N1/revert/BLOCK0: 27 (84.4s)
[gate] weights sha 007ba5438189153b
[depend] N1/revert/BLOCK1: 20 (85.3s)
[gate] weights sha 39eb150a3b516c52
[depend] N1/revert/BLOCK2: 31 (82.5s)
[gate] weights sha c1c66d6d8cab9321
[depend] N1/revert/BLOCK3: 40 (82.1s)
[gate] weights sha 2911c687e9755520
[depend] N1/revert/BLOCK4: 53 (81.5s)
[gate] weights sha 0a4376d9441e6bbb
[depend] N1/revert/BLOCK5: 48 (82.8s)
[gate] weights sha c15be76e8f800f3f
[depend] N1/revert/BLOCK6: 48 (83.5s)
[gate] weights sha a9a2f590fe6c7542
[depend] N1/revert/BLOCK7: 14 (65.1s)
[gate] weights sha d022b10a3d767215
[depend] N1/revert/OUTSIDE: 60 (81.5s)
[gate] weights sha ffa20e28aadb47ec
[depend] N1/revert/CLASS_qkv: 0 (125.0s)
[gate] weights sha 138457dd5661c142
[depend] N1/revert/CLASS_o: 1 (105.0s)
[gate] weights sha db6964719ace58ef
[depend] N1/revert/CLASS_gate: 39 (76.1s)
[gate] weights sha 6a6708cbc0613c0d
[depend] N1/revert/CLASS_up: 37 (77.7s)
[gate] weights sha 9e4eff5673917d10
[depend] N1/revert/CLASS_down: 0 (60.5s)
[gate] weights sha 6c9e7df8ca9572b3
[depend] N1/revert/CLASS_norms: 64 (74.2s)
[gate] weights sha ca67b2e4ad26f8dc
[depend] N1/revert/CLASS_emb: 61 (72.5s)
[gate] weights sha cc7411581ee81529
[depend] N1/revert/CLASS_head: 60 (74.5s)
[gate] weights sha 5edc328af32413d5
[depend] N2/full: 64 (78.2s)
[gate] weights sha 0c1069743bc83b16
[depend] N2/revert/BLOCK0: 33 (85.8s)
[gate] weights sha c77d296539c4bdb3
[depend] N2/revert/BLOCK1: 25 (79.8s)
[gate] weights sha 85678d5b940d2d36
[depend] N2/revert/BLOCK2: 29 (84.3s)
[gate] weights sha 334a5225fea2352e
[depend] N2/revert/BLOCK3: 46 (80.1s)
[gate] weights sha 59d6a9fd3dd0b9c3
[depend] N2/revert/BLOCK4: 54 (81.9s)
[gate] weights sha a5fbe50a65e1ae30
[depend] N2/revert/BLOCK5: 47 (79.0s)
[gate] weights sha 7c0561fc61cbd079
[depend] N2/revert/BLOCK6: 55 (83.4s)
[gate] weights sha 40da554146e49c61
[depend] N2/revert/BLOCK7: 14 (68.6s)
[gate] weights sha 5ddbf667c7f6fa34
[depend] N2/revert/OUTSIDE: 62 (84.6s)
[gate] weights sha 2a07d030a4accfa5
[depend] N2/revert/CLASS_qkv: 0 (125.5s)
[gate] weights sha 98785a3cc3bf87ab
[depend] N2/revert/CLASS_o: 1 (110.8s)
[gate] weights sha 52080c7207149a2e
[depend] N2/revert/CLASS_gate: 44 (78.6s)
[gate] weights sha 59d8bf7b77cf8512
[depend] N2/revert/CLASS_up: 44 (80.3s)
[gate] weights sha d3bc65e9a58a6013
[depend] N2/revert/CLASS_down: 1 (67.2s)
[gate] weights sha e71c37c7c69cd233
[depend] N2/revert/CLASS_norms: 59 (78.6s)
[gate] weights sha acfb3881cdeb947f
[depend] N2/revert/CLASS_emb: 64 (77.3s)
[gate] weights sha 8836e482a12dd1b9
[depend] N2/revert/CLASS_head: 62 (78.6s)
[gate] weights sha e182453307c5f360
[depend] A<-B/BLOCK0: 52 (83.5s)
[gate] weights sha 1e34557e664e65f2
[depend] A<-B/BLOCK1: 46 (80.6s)
[gate] weights sha e71756793f8a528d
[depend] A<-B/BLOCK2: 50 (78.6s)
[gate] weights sha dde375f0fc84ed52
[depend] A<-B/BLOCK3: 54 (84.6s)
[gate] weights sha 70dc3e6e4178c338
[depend] A<-B/BLOCK4: 52 (88.6s)
[gate] weights sha 2ed4eda562c94332
[depend] A<-B/BLOCK5: 48 (91.2s)
[gate] weights sha 024c788d0392aef0
[depend] A<-B/BLOCK6: 54 (80.8s)
[gate] weights sha cfbed46f2ee0555f
[depend] A<-B/BLOCK7: 54 (89.6s)
[gate] weights sha 28819bfb45299e0e
[depend] B<-A/BLOCK0: 52 (83.7s)
[gate] weights sha 88dd920220981e6e
[depend] B<-A/BLOCK1: 56 (86.7s)
[gate] weights sha 624cb580bb9957a1
[depend] B<-A/BLOCK2: 54 (85.7s)
[gate] weights sha 639083822ac20106
[depend] B<-A/BLOCK3: 51 (84.2s)
[gate] weights sha 34a3d7cf37a41ef9
[depend] B<-A/BLOCK4: 54 (85.9s)
[gate] weights sha c35e5c8b63939dc0
[depend] B<-A/BLOCK5: 49 (84.7s)
[gate] weights sha e560c7d448d9f89a
[depend] B<-A/BLOCK6: 43 (88.9s)
[gate] weights sha 572c86c6be1bae5d
[depend] B<-A/BLOCK7: 31 (94.6s)
[gate] weights sha 9d453bfa83ac2a16
[depend] N1<-N2/BLOCK0: 61 (79.8s)
[gate] weights sha d9032cc109baf953
[depend] N1<-N2/BLOCK1: 61 (80.2s)
[gate] weights sha a364c0701cd37c6d
[depend] N1<-N2/BLOCK2: 61 (82.1s)
[gate] weights sha aa184baeaecfb12e
[depend] N1<-N2/BLOCK3: 61 (80.5s)
[gate] weights sha 23b7132c42cf4f17
[depend] N1<-N2/BLOCK4: 61 (81.9s)
[gate] weights sha 5c51093afb9502b0
[depend] N1<-N2/BLOCK5: 60 (80.4s)
[gate] weights sha 5dc6440bfc8d326a
[depend] N1<-N2/BLOCK6: 59 (80.5s)
[gate] weights sha 21d07b168d449d13
[depend] N1<-N2/BLOCK7: 61 (80.9s)
[gate] weights sha ad950084b53eceda
[depend] N2<-N1/BLOCK0: 60 (82.3s)
[gate] weights sha cc58d72f4efe8ef2
[depend] N2<-N1/BLOCK1: 59 (82.2s)
[gate] weights sha 7d43fc274e76ffcf
[depend] N2<-N1/BLOCK2: 60 (81.4s)
[gate] weights sha d54d5e68d760dffd
[depend] N2<-N1/BLOCK3: 59 (82.5s)
[gate] weights sha 462bc721e6286379
[depend] N2<-N1/BLOCK4: 62 (82.5s)
[gate] weights sha 07870fa94b32a1d2
[depend] N2<-N1/BLOCK5: 60 (82.9s)
[gate] weights sha 390f373950c27c78
[depend] N2<-N1/BLOCK6: 62 (83.1s)
[gate] weights sha d27185c923b6a728
[depend] N2<-N1/BLOCK7: 57 (81.8s)
[depend] written; bars: {"D-0": true, "D-1": true, "D-2": true}
