[verify] A_B step 900 ok; discrepancies so far 0
[verify] A_B step 1800 ok; discrepancies so far 0
[verify] A_B step 2700 ok; discrepancies so far 0
[verify] A_B step 3600 ok; discrepancies so far 0
[verify] A_B step 4500 ok; discrepancies so far 0
[verify] A_B step 5400 ok; discrepancies so far 0
[verify] A_B step 6300 ok; discrepancies so far 0
[verify] A_B step 7200 ok; discrepancies so far 0
[verify] A_B step 8100 ok; discrepancies so far 0
[verify] A_B step 9000 ok; discrepancies so far 0
[verify] A_B step 9900 ok; discrepancies so far 0
[verify] A_B step 10800 ok; discrepancies so far 0
[verify] A_B step 11700 ok; discrepancies so far 0
[verify] A_B step 12600 ok; discrepancies so far 0
[verify] A_B step 13500 ok; discrepancies so far 0
[verify] A_B step 14400 ok; discrepancies so far 0
[verify] A_B step 15300 ok; discrepancies so far 0
[verify] A_B step 15420 ok; discrepancies so far 0
[verify] NULL_stock_s6 step 463 ok; discrepancies so far 0
[verify] NULL_stock_s6 step 1028 ok; discrepancies so far 0
[verify] NULL_stock_s6 step 2056 ok; discrepancies so far 0
[verify] NULL_stock_s6 step 3084 ok; discrepancies so far 0
[verify] NULL_stock_s6 step 4112 ok; discrepancies so far 0
[verify] NULL_stock_s6 step 5140 ok; discrepancies so far 0
[verify] NULL_stock_s6 step 6168 ok; discrepancies so far 0
[verify] NULL_stock_s6 step 7196 ok; discrepancies so far 0
[verify] NULL_stock_s6 step 8224 ok; discrepancies so far 0
[verify] NULL_stock_s6 step 9252 ok; discrepancies so far 0
[verify] NULL_stock_s6 step 10280 ok; discrepancies so far 0
[verify] NULL_stock_s6 step 11308 ok; discrepancies so far 0
[verify] NULL_stock_s6 step 12336 ok; discrepancies so far 0
[verify] NULL_stock_s6 step 13364 ok; discrepancies so far 0
[verify] NULL_stock_s6 step 14392 ok; discrepancies so far 0
[verify] NULL_stock_s6 step 15420 ok; discrepancies so far 0
[verify] NULL_atoms_s6 step 463 ok; discrepancies so far 0
[verify] NULL_atoms_s6 step 1028 ok; discrepancies so far 0
[verify] NULL_atoms_s6 step 2056 ok; discrepancies so far 0
[verify] NULL_atoms_s6 step 3084 ok; discrepancies so far 0
[verify] NULL_atoms_s6 step 4112 ok; discrepancies so far 0
[verify] NULL_atoms_s6 step 5140 ok; discrepancies so far 0
[verify] NULL_atoms_s6 step 6168 ok; discrepancies so far 0
[verify] NULL_atoms_s6 step 7196 ok; discrepancies so far 0
[verify] NULL_atoms_s6 step 8224 ok; discrepancies so far 0
[verify] NULL_atoms_s6 step 9252 ok; discrepancies so far 0
[verify] NULL_atoms_s6 step 10280 ok; discrepancies so far 0
[verify] NULL_atoms_s6 step 11308 ok; discrepancies so far 0
[verify] NULL_atoms_s6 step 12336 ok; discrepancies so far 0
[verify] NULL_atoms_s6 step 13364 ok; discrepancies so far 0
[verify] NULL_atoms_s6 step 14392 ok; discrepancies so far 0
[verify] NULL_atoms_s6 step 15420 ok; discrepancies so far 0
[verify] NULL_atoms_s7 step 463 ok; discrepancies so far 0
[verify] NULL_atoms_s7 step 1028 ok; discrepancies so far 0
[verify] NULL_atoms_s7 step 2056 ok; discrepancies so far 0
[verify] NULL_atoms_s7 step 3084 ok; discrepancies so far 0
[verify] NULL_atoms_s7 step 4112 ok; discrepancies so far 0
[verify] NULL_atoms_s7 step 5140 ok; discrepancies so far 0
[verify] NULL_atoms_s7 step 6168 ok; discrepancies so far 0
[verify] NULL_atoms_s7 step 7196 ok; discrepancies so far 0
[verify] NULL_atoms_s7 step 8224 ok; discrepancies so far 0
[verify] NULL_atoms_s7 step 9252 ok; discrepancies so far 0
[verify] NULL_atoms_s7 step 10280 ok; discrepancies so far 0
[verify] NULL_atoms_s7 step 11308 ok; discrepancies so far 0
[verify] NULL_atoms_s7 step 12336 ok; discrepancies so far 0
[verify] NULL_atoms_s7 step 13364 ok; discrepancies so far 0
[verify] NULL_atoms_s7 step 14392 ok; discrepancies so far 0
[verify] NULL_atoms_s7 step 15420 ok; discrepancies so far 0
[verify] NULL_stock_s7 step 463 ok; discrepancies so far 0
[verify] NULL_stock_s7 step 1028 ok; discrepancies so far 0
[verify] NULL_stock_s7 step 2056 ok; discrepancies so far 0
[verify] NULL_stock_s7 step 3084 ok; discrepancies so far 0
[verify] NULL_stock_s7 step 4112 ok; discrepancies so far 0
[verify] NULL_stock_s7 step 5140 ok; discrepancies so far 0
[verify] NULL_stock_s7 step 6168 ok; discrepancies so far 0
[verify] NULL_stock_s7 step 7196 ok; discrepancies so far 0
[verify] NULL_stock_s7 step 8224 ok; discrepancies so far 0
[verify] NULL_stock_s7 step 9252 ok; discrepancies so far 0
[verify] NULL_stock_s7 step 10280 ok; discrepancies so far 0
[verify] NULL_stock_s7 step 11308 ok; discrepancies so far 0
[verify] NULL_stock_s7 step 12336 ok; discrepancies so far 0
[verify] NULL_stock_s7 step 13364 ok; discrepancies so far 0
[verify] NULL_stock_s7 step 14392 ok; discrepancies so far 0
[verify] NULL_stock_s7 step 15420 ok; discrepancies so far 0
{
 "verdict": "VERIFIED",
 "n_discrepancies": 0,
 "discrepancies": []
}
