{
 "alphabet": [
  "<c:0>",
  "<c:1>",
  "<c:2>",
  "<c:3>",
  "<c:4>",
  "<c:5>",
  "<c:6>",
  "<c:7>"
 ],
 "width": 8,
 "eos_law": "payload + standing model EOS; T = 9 for every action, both opaque arms",
 "vocab": {
  "base": 332,
  "code_atoms": 8,
  "total": 340
 },
 "domain": {
  "rules": 36,
  "kinds": 2,
  "ordinal": [
   -1,
   62
  ],
  "param_kinds": 3,
  "param_index": [
   -1,
   62
  ],
  "scoped_not_proven": true,
  "overflow_law": "hard-exit NO-FIRE"
 },
 "bars": {
  "FACTOR_INJECTIVE": true,
  "HASH_BIJECTIVE": true,
  "ZERO_F_COLLISIONS": true,
  "ZERO_H_COLLISIONS": true,
  "ROUNDTRIP_EXACT": true,
  "SAME_WIDTH_ALPHABET": true,
  "ALL_OBSERVED_ENCODE_DECODE": true,
  "note": "all gate-enforced hard exits; receipt existence = pass"
 },
 "domain_enumeration_size": 884736,
 "observed_actions": {
  "train": 73324,
  "old": 567,
  "new": 621
 },
 "exposure_train": {
  "FACTOR": {
   "per_atom": {
    "<c:0>": 303480,
    "<c:1>": 177859,
    "<c:2>": 64192,
    "<c:3>": 4721,
    "<c:4>": 11627,
    "<c:5>": 21497,
    "<c:6>": 3159,
    "<c:7>": 57
   },
   "zero_exposure_atoms": 0,
   "min_nonzero": 57,
   "p10": 57,
   "median": 21497,
   "max": 303480
  },
  "HASH": {
   "per_atom": {
    "<c:0>": 110491,
    "<c:1>": 73801,
    "<c:2>": 68498,
    "<c:3>": 46391,
    "<c:4>": 61978,
    "<c:5>": 90843,
    "<c:6>": 50935,
    "<c:7>": 83655
   },
   "zero_exposure_atoms": 0,
   "min_nonzero": 46391,
   "p10": 46391,
   "median": 73801,
   "max": 110491
  }
 },
 "pricing": {
  "T_per_action": 9,
  "continuation_tokens_per_epoch": 659916,
  "continuation_tokens_3_epochs": 1979748,
  "canonical_program_3_epochs": 1341459,
  "state_3_epochs": 4871751,
  "ratio_v_canonical_program": 1.4758,
  "ratio_v_state": 2.4608
 },
 "rank_identity_registration": "fixed width => mean-lp ranking == summed-lp ranking per decision in both opaque arms; any disagreement is an instrument bug (hard gate in the future scorer)",
 "completion_commit": "ad7df05c"
}
