{
 "summary": {
  "rule_opcode": {
   "distinct_ids": 15,
   "action_only_ids": 15,
   "shared_ids": 0
  },
  "site_kind": {
   "distinct_ids": 2,
   "action_only_ids": 1,
   "shared_ids": 1
  },
  "site_ordinal": {
   "distinct_ids": 4,
   "action_only_ids": 0,
   "shared_ids": 4
  },
  "param_marker": {
   "distinct_ids": 3,
   "action_only_ids": 1,
   "shared_ids": 2
  },
  "param_index": {
   "distinct_ids": 4,
   "action_only_ids": 0,
   "shared_ids": 4
  },
  "separator": {
   "distinct_ids": 1,
   "action_only_ids": 0,
   "shared_ids": 1
  }
 },
 "channels": {
  "rule_opcode": [
   {
    "id": 309,
    "atom": "<r:i_linear_basis>",
    "program_count": 21095,
    "state_target_count": 0,
    "prompt_count": 0,
    "action_only": true
   },
   {
    "id": 314,
    "atom": "<r:i_heurisch>",
    "program_count": 18946,
    "state_target_count": 0,
    "prompt_count": 0,
    "action_only": true
   },
   {
    "id": 304,
    "atom": "<r:i_const>",
    "program_count": 14932,
    "state_target_count": 0,
    "prompt_count": 0,
    "action_only": true
   },
   {
    "id": 316,
    "atom": "<r:i_sum>",
    "program_count": 10822,
    "state_target_count": 0,
    "prompt_count": 0,
    "action_only": true
   },
   {
    "id": 310,
    "atom": "<r:i_inverse_trig>",
    "program_count": 3159,
    "state_target_count": 0,
    "prompt_count": 0,
    "action_only": true
   },
   {
    "id": 307,
    "atom": "<r:i_unprod>",
    "program_count": 3123,
    "state_target_count": 0,
    "prompt_count": 0,
    "action_only": true
   },
   {
    "id": 324,
    "atom": "<r:expand>",
    "program_count": 716,
    "state_target_count": 0,
    "prompt_count": 0,
    "action_only": true
   },
   {
    "id": 317,
    "atom": "<r:i_const_factor>",
    "program_count": 402,
    "state_target_count": 0,
    "prompt_count": 0,
    "action_only": true
   },
   {
    "id": 312,
    "atom": "<r:i_log_power>",
    "program_count": 55,
    "state_target_count": 0,
    "prompt_count": 0,
    "action_only": true
   },
   {
    "id": 311,
    "atom": "<r:i_sqrt_basis>",
    "program_count": 31,
    "state_target_count": 0,
    "prompt_count": 0,
    "action_only": true
   },
   {
    "id": 319,
    "atom": "<r:i_usub>",
    "program_count": 19,
    "state_target_count": 0,
    "prompt_count": 0,
    "action_only": true
   },
   {
    "id": 308,
    "atom": "<r:i_ansatz_exp>",
    "program_count": 10,
    "state_target_count": 0,
    "prompt_count": 0,
    "action_only": true
   }
  ],
  "site_kind": [
   {
    "id": 26,
    "atom": " ",
    "program_count": 72601,
    "state_target_count": 260783,
    "prompt_count": 365053,
    "action_only": false
   },
   {
    "id": 113,
    "atom": "I",
    "program_count": 72601,
    "state_target_count": 0,
    "prompt_count": 0,
    "action_only": true
   }
  ],
  "site_ordinal": [
   {
    "id": 30,
    "atom": "0",
    "program_count": 61932,
    "state_target_count": 6262,
    "prompt_count": 9852,
    "action_only": false
   },
   {
    "id": 31,
    "atom": "1",
    "program_count": 9724,
    "state_target_count": 32441,
    "prompt_count": 50406,
    "action_only": false
   },
   {
    "id": 32,
    "atom": "2",
    "program_count": 867,
    "state_target_count": 70529,
    "prompt_count": 85070,
    "action_only": false
   },
   {
    "id": 33,
    "atom": "3",
    "program_count": 78,
    "state_target_count": 47826,
    "prompt_count": 46037,
    "action_only": false
   }
  ],
  "param_marker": [
   {
    "id": 26,
    "atom": " ",
    "program_count": 3126,
    "state_target_count": 260783,
    "prompt_count": 365053,
    "action_only": false
   },
   {
    "id": 156,
    "atom": "t",
    "program_count": 3123,
    "state_target_count": 0,
    "prompt_count": 0,
    "action_only": true
   },
   {
    "id": 157,
    "atom": "u",
    "program_count": 3,
    "state_target_count": 247,
    "prompt_count": 228,
    "action_only": false
   }
  ],
  "param_index": [
   {
    "id": 31,
    "atom": "1",
    "program_count": 2151,
    "state_target_count": 32441,
    "prompt_count": 50406,
    "action_only": false
   },
   {
    "id": 30,
    "atom": "0",
    "program_count": 969,
    "state_target_count": 6262,
    "prompt_count": 9852,
    "action_only": false
   },
   {
    "id": 32,
    "atom": "2",
    "program_count": 5,
    "state_target_count": 70529,
    "prompt_count": 85070,
    "action_only": false
   },
   {
    "id": 33,
    "atom": "3",
    "program_count": 1,
    "state_target_count": 47826,
    "prompt_count": 46037,
    "action_only": false
   }
  ],
  "separator": [
   {
    "id": 27,
    "atom": "\n",
    "program_count": 73324,
    "state_target_count": 73324,
    "prompt_count": 146648,
    "action_only": false
   }
  ]
 }
}
