[lean] rows 1000 | statement-diff ok 690 skip 23 MISMATCH 287
[lean]   DIFF e1069:
    ours:   example (a1 a2 a3 x : ℝ) (h1 : x^2 + 1 ≠ 0) : 6*a2*a3 + 4*a2*a1 + 4 + 4/(x^2 + 1) = 6*a2*a3 + 4*a2*a1 + 4 + 4/(x^2 + 1) := by rfl
    theirs: example (a1 a2 a3 x : ℝ) (h1 : x^2 + 1 ≠ 0) : 4/(x^2 + 1) + 4*a1*a2 + 6*a2*a3 + 4 = 4/(x^2 + 1) + 4*a1*a2 + 6*a2*a3 + 4 := by rfl
[lean]   DIFF e1147:
    ours:   example (a1 x : ℝ) (h1 : x ≠ 0) : 4*x^3 + 6*x^2 + 7*a1 + 3/x = 4*x^3 + 6*x^2 + 7*a1 + 3/x := by rfl
    theirs: example (a1 x : ℝ) (h1 : x ≠ 0) : 3/x + 4*x^3 + 6*x^2 + 7*a1 = 3/x + 4*x^3 + 6*x^2 + 7*a1 := by rfl
[lean]   DIFF m1162:
    ours:   example (a1 x : ℝ) (h1 : 7*x + 2 ≠ 0) : (-7)*(7*x + 2)^-1*a1 = -7*a1/(7*x + 2) := by rfl
    theirs: example (a1 x : ℝ) (h1 : 7*x + 2 ≠ 0) : -7*a1/(7*x + 2) = -7*a1/(7*x + 2) := by rfl
[lean]   DIFF e1213:
    ours:   example (x : ℝ) (h1 : x ≠ 0) : 9 + 2/x = 9 + 2/x := by rfl
    theirs: example (x : ℝ) (h1 : x ≠ 0) : 2/x + 9 = 2/x + 9 := by rfl
[lean]   DIFF e1470:
    ours:   example (a1 a2 x : ℝ) (h1 : x ≠ 0) : 5*a2 + 5*a1 + 1/x = 5*a2 + 5*a1 + 1/x := by rfl
    theirs: example (a1 a2 x : ℝ) (h1 : x ≠ 0) : 5*a1 + 5*a2 + 1/x = 5*a1 + 5*a2 + 1/x := by rfl
[lean] chunk 0: 50/1000 checked, 0 failures (28s)
[lean] chunk 1: 100/1000 checked, 0 failures (34s)
[lean]   KERNEL-FAIL m10246: unsolved goals
[lean] chunk 2: 150/1000 checked, 1 failures (41s)
[lean] chunk 3: 200/1000 checked, 1 failures (47s)
[lean] chunk 4: 250/1000 checked, 1 failures (53s)
[lean]   KERNEL-FAIL e21180: unsolved goals
[lean]   KERNEL-FAIL m21183: unsolved goals
[lean] chunk 5: 300/1000 checked, 3 failures (61s)
[lean] chunk 6: 350/1000 checked, 3 failures (67s)
[lean]   KERNEL-FAIL e28357: unsolved goals
[lean] chunk 7: 400/1000 checked, 4 failures (74s)
[lean] chunk 8: 450/1000 checked, 4 failures (80s)
[lean] chunk 9: 500/1000 checked, 4 failures (87s)
[lean]   KERNEL-FAIL e40769: unsolved goals
[lean] chunk 10: 550/1000 checked, 5 failures (93s)
[lean] chunk 11: 600/1000 checked, 5 failures (99s)
[lean]   KERNEL-FAIL e49711: unsolved goals
[lean] chunk 12: 650/1000 checked, 6 failures (105s)
[lean] chunk 13: 700/1000 checked, 6 failures (112s)
[lean] chunk 14: 750/1000 checked, 6 failures (118s)
[lean]   KERNEL-FAIL e59993: unsolved goals
[lean] chunk 15: 800/1000 checked, 7 failures (124s)
[lean] chunk 16: 850/1000 checked, 7 failures (131s)
[lean]   KERNEL-FAIL e64889: unsolved goals
[lean]   KERNEL-FAIL m64935: unsolved goals
[lean]   KERNEL-FAIL m65492: unsolved goals
[lean] chunk 17: 900/1000 checked, 10 failures (139s)
[lean]   KERNEL-FAIL e69068: unsolved goals
[lean] chunk 18: 950/1000 checked, 11 failures (146s)
[lean] chunk 19: 1000/1000 checked, 11 failures (153s)
[lean] kernel check: 989/1000 PASS | failures: ['e21180', 'e28357', 'e40769', 'e49711', 'e59993', 'e64889', 'e69068', 'm10246', 'm21183', 'm64935', 'm65492'] | 153.4s total, 153 ms/cert (vs ~11 ms/row oracle)
