[gmoe] marker ids [4, 26] terminator ids [27, 1]
[gmoe] answer regions [(15, 30), (10, 20), (15, 30), (15, 30), (19, 30), (15, 30), (12, 24), (15, 30)]
[gmoe] diet sha 809bce4215a24164ecbf5e951d77507d455bfd1923d08fe39aa02942b11a200b
[gmoe] train-row sha 32cc244bf28fdadf01b343ae16fe1a55200ffe9fab9bd784e8abd739b12ef2c0
[gmoe] full 16-row sha 78f8aef992debe6ec74e4701fba23167ff5fda1d4294546b9f7621605429798a
[gmoe] prompt overlap train 8 heldout 8 overlap 0
[gmoe] ANSWER_ONLY 0
[gmoe] GATE mode: 8 complete train rows + 8 held-out, oracle-scored free-run
[gmoe] LN/LD 0/1 K 100 STEPS 2000 SHIFT 14 E 4
[gmoe] params 208192 windows sha 32cc244bf28fdadf
[r1a] table silu sha 24499877ab63ee6b
[r1a] table dsilu sha 967943f938fc924f
[r1b] table exp sha 9b8649244ca8c235
[gmoe] INIT clamp-frac 0.017 zero-prob-frac 0.888
[gmoe] step 250 loss(cyc8) 6555 nz 0.137 traj-sha 41ce8496563d537a
[gmoe] step 500 loss(cyc8) 5963 nz 0.142 traj-sha bde4f18a1d6fc39b
[gmoe] step 750 loss(cyc8) 5607 nz 0.147 traj-sha e96fda1c873925a3
[gmoe] step 1000 loss(cyc8) 5521 nz 0.156 traj-sha a0da76ce87b98f7b
[gmoe] step 1250 loss(cyc8) 4801 nz 0.162 traj-sha f28f4ceb3f5e82a4
[gmoe] step 1500 loss(cyc8) 5779 nz 0.179 traj-sha 1986158aa911e5b8
[gmoe] step 1750 loss(cyc8) 4962 nz 0.186 traj-sha 963e8fb849f517e4
[gmoe] step 2000 loss(cyc8) 5497 nz 0.195 traj-sha d49adc4d0572085d
[gate] TRAIN: solves 0/8 parseable 0/8 terminated 7/8
[gate] TRAIN: token-acc standard 64/140 suffix 59/116
[gate] HELDOUT: solves 0/8 parseable 0/8 terminated 6/8
[gate] HELDOUT: token-acc standard 36/140 suffix 19/88
[gmoe] cycle-mean 14399 -> 5497  falling: True
[gmoe] expert agreement strict 0.0000 coarse(+-1) 0.0000
[gmoe] merge test: loss 5339 -> 14849 (delta 9510)
[gmoe] FINAL trajectory sha d49adc4d0572085d3510d0e19652b14127e633f017af60dcce20ae883ac045cc
