[gmoe] marker ids [4, 26] terminator ids [27, 1]
[gmoe] answer regions [(15, 30), (10, 20), (15, 30), (15, 30), (19, 30), (15, 30), (12, 24), (15, 30)]
[gmoe] diet sha 809bce4215a24164ecbf5e951d77507d455bfd1923d08fe39aa02942b11a200b
[gmoe] train-row sha 32cc244bf28fdadf01b343ae16fe1a55200ffe9fab9bd784e8abd739b12ef2c0
[gmoe] full 16-row sha 78f8aef992debe6ec74e4701fba23167ff5fda1d4294546b9f7621605429798a
[gmoe] prompt overlap train 8 heldout 8 overlap 0
[gmoe] ANSWER_ONLY 0
[gmoe] GATE mode: 8 complete train rows + 8 held-out, oracle-scored free-run
[gmoe] LN/LD 0/1 K 100 STEPS 2000 SHIFT 14 E 4
[gmoe] params 208192 windows sha 32cc244bf28fdadf
[r1a] table silu sha 24499877ab63ee6b
[r1a] table dsilu sha 967943f938fc924f
[r1b] table exp sha 9b8649244ca8c235
[gmoe] INIT clamp-frac 0.010 zero-prob-frac 0.899
[gmoe] step 250 loss(cyc8) 5568 nz 0.171 traj-sha 88f81e5844e8c655
[gmoe] step 500 loss(cyc8) 4797 nz 0.176 traj-sha 66f153e9c3e8ffcd
[gmoe] step 750 loss(cyc8) 4952 nz 0.183 traj-sha acbdaa8b166c9358
[gmoe] step 1000 loss(cyc8) 5159 nz 0.208 traj-sha 09408c56f4dc3eca
[gmoe] step 1250 loss(cyc8) 6077 nz 0.216 traj-sha 47c6e37f70336b84
[gmoe] step 1500 loss(cyc8) 5052 nz 0.223 traj-sha 38d995836da979b0
[gmoe] step 1750 loss(cyc8) 6519 nz 0.240 traj-sha 218bef71bb162cd2
[gmoe] step 2000 loss(cyc8) 5101 nz 0.247 traj-sha 0a9e7ca3173fb4fe
[gate] TRAIN: solves 0/8 parseable 4/8 terminated 8/8
[gate] TRAIN: token-acc standard 73/140 suffix 50/116
[gate] HELDOUT: solves 0/8 parseable 5/8 terminated 8/8
[gate] HELDOUT: token-acc standard 58/140 suffix 21/88
[gmoe] cycle-mean 14225 -> 5101  falling: True
[gmoe] expert agreement strict 0.0000 coarse(+-1) 0.0000
[gmoe] merge test: loss 4994 -> 15200 (delta 10206)
[gmoe] FINAL trajectory sha 0a9e7ca3173fb4fef05af280ddfbdf08a0a39a0afef6ee699f1ce25dae721752
