[curric] D2 excision: 165028 -> 164896 rows
[dose] shard data/micromodel_atoms_ctrl3218.jsonl: 3218 farmed, first 3218 taken, 3218 after in-driver excision
[dose] arm=ctrl3218 seed=3: stock 164490 seq, train 167708 seq (3218 atoms)
[curric] D2 excision: 165028 -> 164896 rows
164896 rows; charset 42; uncovered chars: [':', 'C', 'H', 'I', 'S', '_', 'a', 'b', 'c', 'e']
skipped 388 out-of-language rows (strict encode; historically silently mangled)
164490 sequences, vocab 40
model: 18.9M params on mps [fast: bf16 + token-budget]
[curric] NO-OP PASS: 100 tuples + epoch length 5140 match the trainer path
[dose] steps_total 15420 (5140/epoch)
[dose] ep0: 5140 batches (100 dropped to match stock count), 3171 atom rows in stream
  step 200/15420 loss 1.339 (5.1 it/s)
  step 400/15420 loss 1.175 (5.2 it/s)
  step 600/15420 loss 0.578 (5.3 it/s)
  step 800/15420 loss 0.627 (5.3 it/s)
  step 1000/15420 loss 0.468 (5.3 it/s)
  step 1200/15420 loss 0.725 (5.3 it/s)
  step 1400/15420 loss 0.415 (5.4 it/s)
  step 1600/15420 loss 0.691 (5.4 it/s)
  step 1800/15420 loss 0.875 (5.4 it/s)
  step 2000/15420 loss 0.490 (5.4 it/s)
  step 2200/15420 loss 0.495 (5.4 it/s)
  step 2400/15420 loss 0.427 (5.4 it/s)
  step 2600/15420 loss 0.499 (5.4 it/s)
  step 2800/15420 loss 0.585 (5.4 it/s)
  step 3000/15420 loss 0.413 (5.4 it/s)
  step 3200/15420 loss 0.398 (5.4 it/s)
  step 3400/15420 loss 0.287 (5.4 it/s)
  step 3600/15420 loss 0.274 (5.4 it/s)
  step 3800/15420 loss 0.368 (5.4 it/s)
  step 4000/15420 loss 0.403 (5.4 it/s)
  step 4200/15420 loss 0.370 (5.4 it/s)
  step 4400/15420 loss 0.775 (5.4 it/s)
  step 4600/15420 loss 0.230 (5.4 it/s)
  step 4800/15420 loss 0.339 (5.4 it/s)
  step 5000/15420 loss 0.393 (5.4 it/s)
[dose] ep1: 5140 batches (100 dropped to match stock count), 3168 atom rows in stream
  step 5200/15420 loss 0.372 (5.4 it/s)
  step 5400/15420 loss 0.253 (5.4 it/s)
  step 5600/15420 loss 0.400 (5.4 it/s)
  step 5800/15420 loss 0.398 (5.4 it/s)
  step 6000/15420 loss 0.413 (5.4 it/s)
  step 6200/15420 loss 0.412 (5.4 it/s)
  step 6400/15420 loss 0.350 (5.4 it/s)
  step 6600/15420 loss 0.348 (5.4 it/s)
  step 6800/15420 loss 0.547 (5.4 it/s)
  step 7000/15420 loss 0.314 (5.4 it/s)
  step 7200/15420 loss 0.345 (5.4 it/s)
  step 7400/15420 loss 0.148 (5.4 it/s)
  step 7600/15420 loss 0.276 (5.4 it/s)
  step 7800/15420 loss 0.382 (5.4 it/s)
  step 8000/15420 loss 0.408 (5.4 it/s)
  step 8200/15420 loss 0.354 (5.4 it/s)
  step 8400/15420 loss 0.350 (5.4 it/s)
  step 8600/15420 loss 0.263 (5.4 it/s)
  step 8800/15420 loss 0.390 (5.4 it/s)
  step 9000/15420 loss 0.584 (5.5 it/s)
  step 9200/15420 loss 0.435 (5.4 it/s)
  step 9400/15420 loss 0.578 (5.5 it/s)
  step 9600/15420 loss 0.378 (5.5 it/s)
  step 9800/15420 loss 0.196 (5.5 it/s)
  step 10000/15420 loss 0.296 (5.5 it/s)
  step 10200/15420 loss 0.542 (5.5 it/s)
[dose] ep2: 5140 batches (100 dropped to match stock count), 3124 atom rows in stream
  step 10400/15420 loss 0.388 (5.5 it/s)
  step 10600/15420 loss 0.336 (5.4 it/s)
  step 10800/15420 loss 0.353 (5.4 it/s)
  step 11000/15420 loss 0.244 (5.4 it/s)
  step 11200/15420 loss 0.314 (5.4 it/s)
  step 11400/15420 loss 0.289 (5.4 it/s)
  step 11600/15420 loss 0.370 (5.4 it/s)
  step 11800/15420 loss 0.350 (5.4 it/s)
  step 12000/15420 loss 0.649 (5.4 it/s)
  step 12200/15420 loss 0.316 (5.4 it/s)
  step 12400/15420 loss 0.326 (5.4 it/s)
  step 12600/15420 loss 0.382 (5.4 it/s)
  step 12800/15420 loss 0.637 (5.4 it/s)
  step 13000/15420 loss 0.427 (5.4 it/s)
  step 13200/15420 loss 0.191 (5.4 it/s)
  step 13400/15420 loss 0.327 (5.4 it/s)
  step 13600/15420 loss 0.156 (5.4 it/s)
  step 13800/15420 loss 0.336 (5.4 it/s)
  step 14000/15420 loss 0.393 (5.4 it/s)
  step 14200/15420 loss 0.366 (5.4 it/s)
  step 14400/15420 loss 0.466 (5.4 it/s)
  step 14600/15420 loss 0.296 (5.4 it/s)
  step 14800/15420 loss 0.253 (5.4 it/s)
  step 15000/15420 loss 0.382 (5.4 it/s)
  step 15200/15420 loss 0.367 (5.4 it/s)
  step 15400/15420 loss 0.385 (5.4 it/s)
[dose] saved checkpoints/gallery19m_ctrl3218_s3.pt after 15420 steps (2841s)
[gate] weights sha 33d6dcf9e9d47515
[dose] GATE arm=ctrl3218 s3 {3: 22, 4: 11, 5: 16, 6: 9, 7: 14} = 72/120 @ 65.00%
