[curric] D2 excision: 165028 -> 164896 rows
[dose] shard data/micromodel_atoms_noheur.jsonl: 3218 farmed, first 3218 taken, 3218 after in-driver excision
[dose] arm=noheur seed=3: stock 164490 seq, train 167708 seq (3218 atoms)
[curric] D2 excision: 165028 -> 164896 rows
164896 rows; charset 42; uncovered chars: [':', 'C', 'H', 'I', 'S', '_', 'a', 'b', 'c', 'e']
skipped 388 out-of-language rows (strict encode; historically silently mangled)
164490 sequences, vocab 40
model: 18.9M params on mps [fast: bf16 + token-budget]
[curric] NO-OP PASS: 100 tuples + epoch length 5140 match the trainer path
[dose] steps_total 15420 (5140/epoch)
[dose] ep0: 5140 batches (100 dropped to match stock count), 3149 atom rows in stream
  step 200/15420 loss 1.366 (5.0 it/s)
  step 400/15420 loss 1.200 (5.1 it/s)
  step 600/15420 loss 0.585 (5.2 it/s)
  step 800/15420 loss 0.635 (5.3 it/s)
  step 1000/15420 loss 0.505 (5.3 it/s)
  step 1200/15420 loss 0.921 (5.3 it/s)
  step 1400/15420 loss 0.620 (5.3 it/s)
  step 1600/15420 loss 0.774 (5.3 it/s)
  step 1800/15420 loss 0.529 (5.3 it/s)
  step 2000/15420 loss 0.503 (5.3 it/s)
  step 2200/15420 loss 0.539 (5.3 it/s)
  step 2400/15420 loss 0.393 (5.3 it/s)
  step 2600/15420 loss 0.530 (5.3 it/s)
  step 2800/15420 loss 0.579 (5.3 it/s)
  step 3000/15420 loss 0.385 (5.3 it/s)
  step 3200/15420 loss 0.423 (5.3 it/s)
  step 3400/15420 loss 0.646 (5.3 it/s)
  step 3600/15420 loss 0.398 (5.3 it/s)
  step 3800/15420 loss 0.385 (5.3 it/s)
  step 4000/15420 loss 0.409 (5.3 it/s)
  step 4200/15420 loss 0.680 (5.3 it/s)
  step 4400/15420 loss 0.373 (5.4 it/s)
  step 4600/15420 loss 0.263 (5.4 it/s)
  step 4800/15420 loss 0.365 (5.3 it/s)
  step 5000/15420 loss 0.399 (5.3 it/s)
[dose] ep1: 5140 batches (100 dropped to match stock count), 3142 atom rows in stream
  step 5200/15420 loss 0.381 (5.3 it/s)
  step 5400/15420 loss 0.326 (5.3 it/s)
  step 5600/15420 loss 0.367 (5.3 it/s)
  step 5800/15420 loss 0.382 (5.3 it/s)
  step 6000/15420 loss 0.414 (5.3 it/s)
  step 6200/15420 loss 0.371 (5.3 it/s)
  step 6400/15420 loss 0.306 (5.3 it/s)
  step 6600/15420 loss 0.371 (5.3 it/s)
  step 6800/15420 loss 0.693 (5.3 it/s)
  step 7000/15420 loss 0.226 (5.3 it/s)
  step 7200/15420 loss 0.418 (5.3 it/s)
  step 7400/15420 loss 0.309 (5.3 it/s)
  step 7600/15420 loss 0.274 (5.3 it/s)
  step 7800/15420 loss 0.355 (5.3 it/s)
  step 8000/15420 loss 0.389 (5.3 it/s)
  step 8200/15420 loss 0.322 (5.3 it/s)
  step 8400/15420 loss 0.290 (5.3 it/s)
  step 8600/15420 loss 0.515 (5.3 it/s)
  step 8800/15420 loss 0.358 (5.3 it/s)
  step 9000/15420 loss 0.603 (5.3 it/s)
  step 9200/15420 loss 0.425 (5.3 it/s)
  step 9400/15420 loss 0.327 (5.3 it/s)
  step 9600/15420 loss 0.371 (5.3 it/s)
  step 9800/15420 loss 0.347 (5.3 it/s)
  step 10000/15420 loss 0.259 (5.3 it/s)
  step 10200/15420 loss 0.554 (5.3 it/s)
[dose] ep2: 5140 batches (100 dropped to match stock count), 3180 atom rows in stream
  step 10400/15420 loss 0.381 (5.3 it/s)
  step 10600/15420 loss 0.346 (5.3 it/s)
  step 10800/15420 loss 0.381 (5.3 it/s)
  step 11000/15420 loss 0.510 (5.3 it/s)
  step 11200/15420 loss 0.292 (5.3 it/s)
  step 11400/15420 loss 0.286 (5.3 it/s)
  step 11600/15420 loss 0.406 (5.3 it/s)
  step 11800/15420 loss 0.354 (5.3 it/s)
  step 12000/15420 loss 0.237 (5.3 it/s)
  step 12200/15420 loss 0.569 (5.3 it/s)
  step 12400/15420 loss 0.339 (5.3 it/s)
  step 12600/15420 loss 0.373 (5.3 it/s)
  step 12800/15420 loss 0.611 (5.3 it/s)
  step 13000/15420 loss 0.424 (5.3 it/s)
  step 13200/15420 loss 0.284 (5.3 it/s)
  step 13400/15420 loss 0.379 (5.3 it/s)
  step 13600/15420 loss 0.279 (5.3 it/s)
  step 13800/15420 loss 0.332 (5.3 it/s)
  step 14000/15420 loss 0.376 (5.3 it/s)
  step 14200/15420 loss 0.401 (5.3 it/s)
  step 14400/15420 loss 0.454 (5.3 it/s)
  step 14600/15420 loss 0.217 (5.3 it/s)
  step 14800/15420 loss 0.420 (5.3 it/s)
  step 15000/15420 loss 0.392 (5.3 it/s)
  step 15200/15420 loss 0.351 (5.3 it/s)
  step 15400/15420 loss 0.381 (5.3 it/s)
[dose] saved checkpoints/gallery19m_noheur_s3.pt after 15420 steps (2902s)
[gate] weights sha 0f24250164f64be1
[dose] GATE arm=noheur s3 {3: 22, 4: 8, 5: 16, 6: 9, 7: 13} = 68/120 @ 62.64%
