[sat] D2 excision: 178498 -> 178366
178366 rows; charset 42; uncovered chars: [':', 'C', 'H', 'I', 'S', '_', 'a', 'b', 'c', 'e']
skipped 388 out-of-language rows (strict encode; historically silently mangled)
177958 sequences, vocab 40
model: 55.1M params on mps
resuming at epoch 3
  ep3 200/5561 loss 0.342 (2.0 it/s)
  ep3 400/5561 loss 0.360 (2.0 it/s)
  ep3 600/5561 loss 0.360 (2.0 it/s)
  ep3 800/5561 loss 0.362 (2.1 it/s)
  ep3 1000/5561 loss 0.365 (2.1 it/s)
  ep3 1200/5561 loss 0.365 (2.0 it/s)
  ep3 1400/5561 loss 0.363 (2.0 it/s)
  ep3 1600/5561 loss 0.362 (2.0 it/s)
  ep3 1800/5561 loss 0.362 (2.1 it/s)
  ep3 2000/5561 loss 0.361 (2.1 it/s)
  ep3 2200/5561 loss 0.361 (2.1 it/s)
  ep3 2400/5561 loss 0.360 (2.1 it/s)
  ep3 2600/5561 loss 0.360 (1.9 it/s)
  ep3 2800/5561 loss 0.359 (1.9 it/s)
  ep3 3000/5561 loss 0.359 (1.9 it/s)
  ep3 3200/5561 loss 0.358 (1.8 it/s)
  ep3 3400/5561 loss 0.357 (1.8 it/s)
  ep3 3600/5561 loss 0.357 (1.8 it/s)
  ep3 3800/5561 loss 0.356 (1.8 it/s)
  ep3 4000/5561 loss 0.354 (1.8 it/s)
  ep3 4200/5561 loss 0.354 (1.8 it/s)
  ep3 4400/5561 loss 0.353 (1.9 it/s)
  ep3 4600/5561 loss 0.352 (1.9 it/s)
  ep3 4800/5561 loss 0.351 (1.9 it/s)
  ep3 5000/5561 loss 0.350 (1.9 it/s)
  ep3 5200/5561 loss 0.350 (1.9 it/s)
  ep3 5400/5561 loss 0.349 (1.9 it/s)
epoch 3: loss 0.3480 (2921s)
saved checkpoints/sat_s2.pt
[gate] weights sha 8a784d939cbea46d
[sat_s2] gate: {3: 23, 4: 10, 5: 17, 6: 8, 7: 16} = 74/120 @ 67.50%
