[curric] D2 excision: 165028 -> 164896 rows
[basics] micromodel_atoms_shard0.jsonl: 6000 farmed, 6000 after in-driver band excision
[basics] micromodel_arith_shard0.jsonl: 2545 farmed, 2545 after in-driver band excision
[basics] arm=arith seed=3: stock 164490 seq, train 173035 seq, extra {'atom-oneply': 6000, 'arith-oneply': 2545}
[curric] D2 excision: 165028 -> 164896 rows
164896 rows; charset 42; uncovered chars: [':', 'C', 'H', 'I', 'S', '_', 'a', 'b', 'c', 'e']
skipped 388 out-of-language rows (strict encode; historically silently mangled)
164490 sequences, vocab 40
model: 18.9M params on mps [fast: bf16 + token-budget]
[curric] NO-OP PASS: 100 tuples + epoch length 5140 match the trainer path
[basics] steps_total 15420 (5140/epoch)
[basics] ep0: 5140 batches (267 dropped to match stock count), extra rows in stream {'atom-oneply': 5653, 'arith-oneply': 2452}
  step 200/15420 loss 1.024 (5.2 it/s)
  step 400/15420 loss 0.902 (5.2 it/s)
  step 600/15420 loss 1.040 (5.2 it/s)
  step 800/15420 loss 0.819 (5.3 it/s)
  step 1000/15420 loss 0.764 (5.3 it/s)
  step 1200/15420 loss 0.725 (5.3 it/s)
  step 1400/15420 loss 0.467 (5.3 it/s)
  step 1600/15420 loss 0.432 (5.4 it/s)
  step 1800/15420 loss 0.564 (5.4 it/s)
  step 2000/15420 loss 0.454 (5.5 it/s)
  step 2200/15420 loss 0.347 (5.5 it/s)
  step 2400/15420 loss 0.516 (5.5 it/s)
  step 2600/15420 loss 0.601 (5.4 it/s)
  step 2800/15420 loss 0.524 (5.4 it/s)
  step 3000/15420 loss 0.628 (5.4 it/s)
  step 3200/15420 loss 0.378 (5.4 it/s)
  step 3400/15420 loss 0.430 (5.4 it/s)
  step 3600/15420 loss 0.417 (5.4 it/s)
  step 3800/15420 loss 0.215 (5.4 it/s)
  step 4000/15420 loss 0.417 (5.4 it/s)
  step 4200/15420 loss 0.379 (5.4 it/s)
  step 4400/15420 loss 0.350 (5.4 it/s)
  step 4600/15420 loss 0.468 (5.4 it/s)
  step 4800/15420 loss 0.375 (5.4 it/s)
  step 5000/15420 loss 0.619 (5.4 it/s)
[basics] ep1: 5140 batches (267 dropped to match stock count), extra rows in stream {'atom-oneply': 5648, 'arith-oneply': 2376}
  step 5200/15420 loss 0.388 (5.4 it/s)
  step 5400/15420 loss 0.433 (5.4 it/s)
  step 5600/15420 loss 0.345 (5.4 it/s)
  step 5800/15420 loss 0.642 (5.4 it/s)
  step 6000/15420 loss 0.570 (5.4 it/s)
  step 6200/15420 loss 0.380 (5.4 it/s)
  step 6400/15420 loss 0.418 (5.4 it/s)
  step 6600/15420 loss 0.314 (5.4 it/s)
  step 6800/15420 loss 0.701 (5.4 it/s)
  step 7000/15420 loss 0.453 (5.4 it/s)
  step 7200/15420 loss 0.347 (5.4 it/s)
  step 7400/15420 loss 0.316 (5.4 it/s)
  step 7600/15420 loss 0.307 (5.4 it/s)
  step 7800/15420 loss 0.656 (5.4 it/s)
  step 8000/15420 loss 0.537 (5.4 it/s)
  step 8200/15420 loss 0.335 (5.4 it/s)
  step 8400/15420 loss 0.324 (5.4 it/s)
  step 8600/15420 loss 0.325 (5.4 it/s)
  step 8800/15420 loss 0.402 (5.4 it/s)
  step 9000/15420 loss 0.402 (5.4 it/s)
  step 9200/15420 loss 0.201 (5.4 it/s)
  step 9400/15420 loss 0.220 (5.4 it/s)
  step 9600/15420 loss 0.354 (5.5 it/s)
  step 9800/15420 loss 0.347 (5.5 it/s)
  step 10000/15420 loss 0.387 (5.5 it/s)
  step 10200/15420 loss 0.349 (5.5 it/s)
[basics] ep2: 5140 batches (267 dropped to match stock count), extra rows in stream {'atom-oneply': 5749, 'arith-oneply': 2448}
  step 10400/15420 loss 0.522 (5.5 it/s)
  step 10600/15420 loss 0.368 (5.5 it/s)
  step 10800/15420 loss 0.295 (5.4 it/s)
  step 11000/15420 loss 0.454 (5.5 it/s)
  step 11200/15420 loss 0.323 (5.5 it/s)
  step 11400/15420 loss 0.321 (5.5 it/s)
  step 11600/15420 loss 0.361 (5.5 it/s)
  step 11800/15420 loss 0.367 (5.5 it/s)
  step 12000/15420 loss 0.546 (5.5 it/s)
  step 12200/15420 loss 1.007 (5.5 it/s)
  step 12400/15420 loss 0.814 (5.5 it/s)
  step 12600/15420 loss 0.841 (5.5 it/s)
  step 12800/15420 loss 0.347 (5.5 it/s)
  step 13000/15420 loss 0.345 (5.5 it/s)
  step 13200/15420 loss 0.436 (5.5 it/s)
  step 13400/15420 loss 0.414 (5.5 it/s)
  step 13600/15420 loss 0.348 (5.5 it/s)
  step 13800/15420 loss 0.258 (5.5 it/s)
  step 14000/15420 loss 0.304 (5.5 it/s)
  step 14200/15420 loss 0.510 (5.5 it/s)
  step 14400/15420 loss 0.322 (5.5 it/s)
  step 14600/15420 loss 0.272 (5.5 it/s)
  step 14800/15420 loss 0.359 (5.5 it/s)
  step 15000/15420 loss 0.353 (5.5 it/s)
  step 15200/15420 loss 0.313 (5.5 it/s)
  step 15400/15420 loss 0.310 (5.5 it/s)
[basics] saved checkpoints/gallery19m_basicsarith_s3.pt after 15420 steps (2821s)
[gate] weights sha e3da6711b3aaff20
[basics] GATE arm=arith s3 {3: 23, 4: 10, 5: 14, 6: 9, 7: 12} = 68/120 @ 61.41%
