[curric] D2 excision: 165028 -> 164896 rows
[basics] micromodel_atoms_shard0.jsonl: 6000 farmed, 6000 after in-driver band excision
[basics] arm=control seed=3: stock 164490 seq, train 170490 seq, extra {'atom-oneply': 6000, 'arith-oneply': 0}
[curric] D2 excision: 165028 -> 164896 rows
164896 rows; charset 42; uncovered chars: [':', 'C', 'H', 'I', 'S', '_', 'a', 'b', 'c', 'e']
skipped 388 out-of-language rows (strict encode; historically silently mangled)
164490 sequences, vocab 40
model: 18.9M params on mps [fast: bf16 + token-budget]
[curric] NO-OP PASS: 100 tuples + epoch length 5140 match the trainer path
[basics] steps_total 15420 (5140/epoch)
[basics] ep0: 5140 batches (187 dropped to match stock count), extra rows in stream {'atom-oneply': 5820, 'arith-oneply': 0}
  step 200/15420 loss 0.999 (5.1 it/s)
  step 400/15420 loss 0.873 (5.3 it/s)
  step 600/15420 loss 0.876 (5.3 it/s)
  step 800/15420 loss 1.027 (5.3 it/s)
  step 1000/15420 loss 0.479 (5.3 it/s)
  step 1200/15420 loss 0.540 (5.4 it/s)
  step 1400/15420 loss 0.566 (5.4 it/s)
  step 1600/15420 loss 0.481 (5.5 it/s)
  step 1800/15420 loss 0.491 (5.5 it/s)
  step 2000/15420 loss 0.388 (5.5 it/s)
  step 2200/15420 loss 0.448 (5.4 it/s)
  step 2400/15420 loss 0.265 (5.4 it/s)
  step 2600/15420 loss 0.378 (5.4 it/s)
  step 2800/15420 loss 0.469 (5.4 it/s)
  step 3000/15420 loss 0.484 (5.4 it/s)
  step 3200/15420 loss 0.361 (5.4 it/s)
  step 3400/15420 loss 0.465 (5.4 it/s)
  step 3600/15420 loss 0.408 (5.4 it/s)
  step 3800/15420 loss 0.483 (5.4 it/s)
  step 4000/15420 loss 0.399 (5.4 it/s)
  step 4200/15420 loss 0.437 (5.4 it/s)
  step 4400/15420 loss 0.387 (5.4 it/s)
  step 4600/15420 loss 0.371 (5.4 it/s)
  step 4800/15420 loss 0.537 (5.4 it/s)
  step 5000/15420 loss 0.385 (5.4 it/s)
[basics] ep1: 5140 batches (187 dropped to match stock count), extra rows in stream {'atom-oneply': 5706, 'arith-oneply': 0}
  step 5200/15420 loss 0.249 (5.4 it/s)
  step 5400/15420 loss 0.377 (5.4 it/s)
  step 5600/15420 loss 0.376 (5.4 it/s)
  step 5800/15420 loss 0.454 (5.4 it/s)
  step 6000/15420 loss 0.462 (5.4 it/s)
  step 6200/15420 loss 0.381 (5.4 it/s)
  step 6400/15420 loss 0.317 (5.4 it/s)
  step 6600/15420 loss 0.459 (5.4 it/s)
  step 6800/15420 loss 0.298 (5.4 it/s)
  step 7000/15420 loss 0.230 (5.4 it/s)
  step 7200/15420 loss 0.426 (5.4 it/s)
  step 7400/15420 loss 0.377 (5.4 it/s)
  step 7600/15420 loss 0.336 (5.4 it/s)
  step 7800/15420 loss 0.422 (5.4 it/s)
  step 8000/15420 loss 0.325 (5.4 it/s)
  step 8200/15420 loss 0.285 (5.4 it/s)
  step 8400/15420 loss 0.319 (5.4 it/s)
  step 8600/15420 loss 0.301 (5.4 it/s)
  step 8800/15420 loss 0.447 (5.4 it/s)
  step 9000/15420 loss 0.648 (5.4 it/s)
  step 9200/15420 loss 0.781 (5.4 it/s)
  step 9400/15420 loss 0.758 (5.4 it/s)
  step 9600/15420 loss 0.431 (5.4 it/s)
  step 9800/15420 loss 0.420 (5.4 it/s)
  step 10000/15420 loss 0.517 (5.4 it/s)
  step 10200/15420 loss 0.337 (5.4 it/s)
[basics] ep2: 5140 batches (187 dropped to match stock count), extra rows in stream {'atom-oneply': 5850, 'arith-oneply': 0}
  step 10400/15420 loss 0.244 (5.4 it/s)
  step 10600/15420 loss 0.368 (5.4 it/s)
  step 10800/15420 loss 0.180 (5.4 it/s)
  step 11000/15420 loss 0.368 (5.4 it/s)
  step 11200/15420 loss 0.330 (5.4 it/s)
  step 11400/15420 loss 0.254 (5.4 it/s)
  step 11600/15420 loss 0.285 (5.4 it/s)
  step 11800/15420 loss 0.332 (5.4 it/s)
  step 12000/15420 loss 0.514 (5.4 it/s)
  step 12200/15420 loss 0.408 (5.4 it/s)
  step 12400/15420 loss 0.285 (5.4 it/s)
  step 12600/15420 loss 0.291 (5.4 it/s)
  step 12800/15420 loss 0.568 (5.4 it/s)
  step 13000/15420 loss 0.466 (5.4 it/s)
  step 13200/15420 loss 0.391 (5.4 it/s)
  step 13400/15420 loss 0.364 (5.4 it/s)
  step 13600/15420 loss 0.318 (5.4 it/s)
  step 13800/15420 loss 0.227 (5.4 it/s)
  step 14000/15420 loss 0.483 (5.4 it/s)
  step 14200/15420 loss 0.348 (5.4 it/s)
  step 14400/15420 loss 0.344 (5.4 it/s)
  step 14600/15420 loss 0.463 (5.4 it/s)
  step 14800/15420 loss 0.174 (5.4 it/s)
  step 15000/15420 loss 0.291 (5.4 it/s)
  step 15200/15420 loss 0.549 (5.4 it/s)
  step 15400/15420 loss 0.417 (5.4 it/s)
[basics] saved checkpoints/gallery19m_basicscontrol_s3.pt after 15420 steps (2839s)
[gate] weights sha 062816da59448f8b
[basics] GATE arm=control s3 {3: 23, 4: 11, 5: 15, 6: 8, 7: 13} = 70/120 @ 62.79%
