[curric] D2 excision: 165028 -> 164896 rows
[curric] D2 excision: 165028 -> 164896 rows
164896 rows; charset 42; uncovered chars: [':', 'C', 'H', 'I', 'S', '_', 'a', 'b', 'c', 'e']
skipped 388 out-of-language rows (strict encode; historically silently mangled)
164490 sequences, vocab 40
model: 18.9M params on mps [fast: bf16 + token-budget]
[curric] NO-OP PASS: 100 tuples + epoch length 5140 match the trainer path
[softspeed] arm=control seed=3 dev=mps train 164490 seq, steps_total 15420
  step 200/15420 loss 1.019 (4.9 it/s)
  step 400/15420 loss 0.782 (5.0 it/s)
  step 600/15420 loss 0.656 (5.1 it/s)
  step 800/15420 loss 0.896 (5.1 it/s)
  step 1000/15420 loss 0.290 (5.2 it/s)
  step 1200/15420 loss 0.535 (5.2 it/s)
  step 1400/15420 loss 0.442 (5.3 it/s)
  step 1600/15420 loss 0.497 (5.2 it/s)
  step 1800/15420 loss 0.810 (5.3 it/s)
  step 2000/15420 loss 0.767 (5.3 it/s)
  step 2200/15420 loss 0.375 (5.3 it/s)
  step 2400/15420 loss 0.424 (5.3 it/s)
  step 2600/15420 loss 0.650 (5.4 it/s)
  step 2800/15420 loss 0.214 (5.4 it/s)
  step 3000/15420 loss 0.573 (5.3 it/s)
  step 3200/15420 loss 0.608 (5.4 it/s)
  step 3400/15420 loss 0.557 (5.4 it/s)
  step 3600/15420 loss 0.383 (5.4 it/s)
  step 3800/15420 loss 0.415 (5.4 it/s)
  step 4000/15420 loss 0.471 (5.4 it/s)
  step 4200/15420 loss 0.260 (5.4 it/s)
  step 4400/15420 loss 0.482 (5.4 it/s)
  step 4600/15420 loss 0.282 (5.4 it/s)
  step 4800/15420 loss 0.597 (5.4 it/s)
  step 5000/15420 loss 0.438 (5.4 it/s)
  step 5200/15420 loss 0.378 (5.4 it/s)
  step 5400/15420 loss 0.383 (5.4 it/s)
  step 5600/15420 loss 0.386 (5.4 it/s)
  step 5800/15420 loss 0.283 (5.4 it/s)
  step 6000/15420 loss 0.361 (5.4 it/s)
  step 6200/15420 loss 0.329 (5.4 it/s)
  step 6400/15420 loss 0.368 (5.4 it/s)
  step 6600/15420 loss 0.711 (5.4 it/s)
  step 6800/15420 loss 0.378 (5.4 it/s)
  step 7000/15420 loss 0.687 (5.4 it/s)
  step 7200/15420 loss 0.348 (5.4 it/s)
  step 7400/15420 loss 0.592 (5.4 it/s)
  step 7600/15420 loss 0.392 (5.4 it/s)
  step 7800/15420 loss 0.330 (5.4 it/s)
  step 8000/15420 loss 0.337 (5.4 it/s)
  step 8200/15420 loss 0.422 (5.4 it/s)
  step 8400/15420 loss 0.439 (5.4 it/s)
  step 8600/15420 loss 0.366 (5.4 it/s)
  step 8800/15420 loss 0.344 (5.4 it/s)
  step 9000/15420 loss 0.267 (5.4 it/s)
  step 9200/15420 loss 0.346 (5.4 it/s)
  step 9400/15420 loss 0.630 (5.4 it/s)
  step 9600/15420 loss 0.347 (5.4 it/s)
  step 9800/15420 loss 0.283 (5.4 it/s)
  step 10000/15420 loss 0.389 (5.4 it/s)
  step 10200/15420 loss 0.397 (5.4 it/s)
  step 10400/15420 loss 0.277 (5.5 it/s)
  step 10600/15420 loss 0.353 (5.4 it/s)
  step 10800/15420 loss 0.438 (5.5 it/s)
  step 11000/15420 loss 0.363 (5.5 it/s)
  step 11200/15420 loss 0.282 (5.5 it/s)
  step 11400/15420 loss 0.341 (5.5 it/s)
  step 11600/15420 loss 0.341 (5.5 it/s)
  step 11800/15420 loss 0.410 (5.5 it/s)
  step 12000/15420 loss 0.366 (5.5 it/s)
  step 12200/15420 loss 0.366 (5.5 it/s)
  step 12400/15420 loss 0.554 (5.5 it/s)
  step 12600/15420 loss 0.223 (5.5 it/s)
  step 12800/15420 loss 0.287 (5.5 it/s)
  step 13000/15420 loss 0.352 (5.5 it/s)
  step 13200/15420 loss 0.350 (5.5 it/s)
  step 13400/15420 loss 0.310 (5.5 it/s)
  step 13600/15420 loss 0.378 (5.5 it/s)
  step 13800/15420 loss 0.767 (5.5 it/s)
  step 14000/15420 loss 0.373 (5.5 it/s)
  step 14200/15420 loss 0.335 (5.5 it/s)
  step 14400/15420 loss 0.242 (5.5 it/s)
  step 14600/15420 loss 0.350 (5.4 it/s)
  step 14800/15420 loss 0.428 (5.4 it/s)
  step 15000/15420 loss 0.334 (5.4 it/s)
  step 15200/15420 loss 0.700 (5.4 it/s)
  step 15400/15420 loss 0.492 (5.5 it/s)
[softspeed] saved checkpoints/gallery19m_softspeed_control_s3.pt after 15420 steps (2829s), soft positions 0
[gate] weights sha 5660d3ab508e872e
[softspeed] GATE arm=control s3 {3: 21, 4: 8, 5: 15, 6: 7, 7: 11} = 62/120 @ 59.27% | mass 0.6255 | 2829s train
