[curric] D2 excision: 165028 -> 164896 rows
[curric] D2 excision: 165028 -> 164896 rows
164896 rows; charset 42; uncovered chars: [':', 'C', 'H', 'I', 'S', '_', 'a', 'b', 'c', 'e']
skipped 388 out-of-language rows (strict encode; historically silently mangled)
164490 sequences, vocab 40
model: 18.9M params on mps [fast: bf16 + token-budget]
[curric] NO-OP PASS: 100 tuples + epoch length 5140 match the trainer path
[softspeed] census: 4347 groups, 25852 conflicted rows, collapsed diet 143571
[softspeed] arm=soft seed=3 dev=mps train 143183 seq, steps_total 13422
  step 200/13422 loss 1.036 (4.7 it/s)
  step 400/13422 loss 0.661 (4.9 it/s)
  step 600/13422 loss 0.577 (5.0 it/s)
  step 800/13422 loss 0.477 (5.1 it/s)
  step 1000/13422 loss 0.526 (5.1 it/s)
  step 1200/13422 loss 0.451 (5.1 it/s)
  step 1400/13422 loss 0.688 (5.2 it/s)
  step 1600/13422 loss 0.568 (5.2 it/s)
  step 1800/13422 loss 0.452 (5.2 it/s)
  step 2000/13422 loss 0.626 (5.1 it/s)
  step 2200/13422 loss 0.445 (5.1 it/s)
  step 2400/13422 loss 0.414 (5.1 it/s)
  step 2600/13422 loss 0.319 (5.1 it/s)
  step 2800/13422 loss 0.398 (5.1 it/s)
  step 3000/13422 loss 0.438 (5.1 it/s)
  step 3200/13422 loss 0.391 (5.1 it/s)
  step 3400/13422 loss 0.370 (5.1 it/s)
  step 3600/13422 loss 0.363 (5.1 it/s)
  step 3800/13422 loss 0.440 (5.2 it/s)
  step 4000/13422 loss 0.409 (5.2 it/s)
  step 4200/13422 loss 0.369 (5.1 it/s)
  step 4400/13422 loss 0.467 (5.2 it/s)
  step 4600/13422 loss 0.407 (5.2 it/s)
  step 4800/13422 loss 0.394 (5.2 it/s)
  step 5000/13422 loss 0.400 (5.2 it/s)
  step 5200/13422 loss 0.399 (5.2 it/s)
  step 5400/13422 loss 0.184 (5.2 it/s)
  step 5600/13422 loss 0.353 (5.2 it/s)
  step 5800/13422 loss 0.381 (5.2 it/s)
  step 6000/13422 loss 0.362 (5.2 it/s)
  step 6200/13422 loss 0.354 (5.2 it/s)
  step 6400/13422 loss 0.663 (5.2 it/s)
  step 6600/13422 loss 0.224 (5.2 it/s)
  step 6800/13422 loss 0.403 (5.2 it/s)
  step 7000/13422 loss 0.426 (5.2 it/s)
  step 7200/13422 loss 0.358 (5.2 it/s)
  step 7400/13422 loss 0.362 (5.2 it/s)
  step 7600/13422 loss 0.368 (5.2 it/s)
  step 7800/13422 loss 0.282 (5.2 it/s)
  step 8000/13422 loss 0.364 (5.2 it/s)
  step 8200/13422 loss 0.543 (5.2 it/s)
  step 8400/13422 loss 0.345 (5.2 it/s)
  step 8600/13422 loss 0.216 (5.2 it/s)
  step 8800/13422 loss 0.347 (5.2 it/s)
  step 9000/13422 loss 0.570 (5.2 it/s)
  step 9200/13422 loss 0.290 (5.2 it/s)
  step 9400/13422 loss 0.316 (5.2 it/s)
  step 9600/13422 loss 0.346 (5.2 it/s)
  step 9800/13422 loss 0.138 (5.2 it/s)
  step 10000/13422 loss 0.247 (5.3 it/s)
  step 10200/13422 loss 0.386 (5.3 it/s)
  step 10400/13422 loss 0.377 (5.3 it/s)
  step 10600/13422 loss 0.414 (5.3 it/s)
  step 10800/13422 loss 0.334 (5.3 it/s)
  step 11000/13422 loss 0.396 (5.3 it/s)
  step 11200/13422 loss 0.338 (5.3 it/s)
  step 11400/13422 loss 0.477 (5.3 it/s)
  step 11600/13422 loss 0.448 (5.3 it/s)
  step 11800/13422 loss 0.358 (5.3 it/s)
  step 12000/13422 loss 0.338 (5.3 it/s)
  step 12200/13422 loss 0.348 (5.3 it/s)
  step 12400/13422 loss 0.296 (5.3 it/s)
  step 12600/13422 loss 0.299 (5.3 it/s)
  step 12800/13422 loss 0.308 (5.3 it/s)
  step 13000/13422 loss 0.272 (5.3 it/s)
  step 13200/13422 loss 0.558 (5.3 it/s)
  step 13400/13422 loss 0.273 (5.3 it/s)
[softspeed] saved checkpoints/gallery19m_softspeed_soft_s3.pt after 13422 steps (2551s), soft positions 15105
[gate] weights sha b3138422c87a5236
[softspeed] GATE arm=soft s3 {3: 21, 4: 8, 5: 14, 6: 9, 7: 12} = 64/120 @ 58.88% | mass 0.6180 | 2551s train
