[curric] D2 excision: 165028 -> 164896 rows
[sgfail] sgq_control_s27_lr0.0003 step 0: ce 3.893 rank5..8 [21.14, 21.56, 22.04, 22.54] lstsq held ratio [0.048, 0.032, 0.017, 0.004] rf [0.086, 0.083, 0.081, 0.078]  (16s)
[sgfail] sgq_control_s27_lr0.0003 step 463: ce 0.924 rank5..8 [28.57, 33.12, 30.9, 21.61] lstsq held ratio [0.525, 0.395, 0.222, 0.052] rf [0.619, 0.554, 0.388, 0.206]  (32s)
[sgfail] sgq_control_s27_lr0.0003 step 1028: ce 0.645 rank5..8 [37.73, 45.0, 45.73, 25.44] lstsq held ratio [0.918, 0.821, 0.638, 0.118] rf [0.939, 0.909, 0.757, 0.314]  (48s)
[sgfail] sgq_control_s27_lr0.0003 step 2056: ce 0.527 rank5..8 [42.9, 46.51, 50.05, 22.61] lstsq held ratio [1.028, 0.951, 0.798, 0.262] rf [1.063, 1.043, 0.909, 0.293]  (64s)
[sgfail] sgq_control_s27_lr0.0003 step 3084: ce 0.475 rank5..8 [46.7, 45.42, 51.99, 19.37] lstsq held ratio [1.065, 1.009, 0.894, 0.469] rf [1.118, 1.107, 1.001, 0.287]  (80s)
[sgfail] sgq_control_s27_lr0.0003 step 5140: ce 0.427 rank5..8 [47.72, 36.48, 46.42, 17.34] lstsq held ratio [1.069, 1.036, 0.952, 0.843] rf [1.118, 1.105, 1.005, 0.339]  (96s)
[sgfail] sgq_control_s27_lr0.0003 step 7196: ce 0.395 rank5..8 [46.69, 28.47, 40.13, 16.75] lstsq held ratio [1.104, 1.075, 0.989, 1.075] rf [1.167, 1.146, 1.033, 0.329]  (112s)
[sgfail] sgq_control_s27_lr0.0003 step 10280: ce 0.367 rank5..8 [46.28, 23.53, 34.98, 16.62] lstsq held ratio [1.101, 1.08, 0.997, 1.109] rf [1.175, 1.144, 1.022, 0.307]  (127s)
[sgfail] sgq_control_s27_lr0.0003 step 12336: ce 0.352 rank5..8 [45.8, 22.77, 34.02, 16.27] lstsq held ratio [1.052, 1.043, 0.983, 1.107] rf [1.1, 1.078, 0.996, 0.296]  (143s)
[sgfail] sgq_control_s27_lr0.0003 step 15420: ce 0.347 rank5..8 [46.12, 22.22, 33.35, 16.22] lstsq held ratio [1.046, 1.035, 0.986, 1.105] rf [1.088, 1.065, 0.99, 0.286]  (158s)
[sgfail] sgq_sg_linear_plr0.0003_s27_lr0.0003 step 463: ce 1.705 rank5..8 [9.27, 8.13, 7.33, 6.51] lstsq held ratio [0.639, 0.899, 1.005, 0.993] rf [0.106, 0.079, 0.084, 0.079] online [1.216, 1.174, 1.153, 1.099] pgcos [0.036, 0.462, 0.362, 0.159] (183s)
[sgfail] sgq_sg_linear_plr0.0003_s27_lr0.0003 step 1028: ce 1.445 rank5..8 [8.02, 8.55, 8.83, 8.88] lstsq held ratio [1.056, 1.047, 1.028, 1.021] rf [0.374, 0.227, 0.156, 0.121] online [1.654, 1.836, 1.769, 1.468] pgcos [0.144, 0.185, 0.269, -0.068] (207s)
[sgfail] sgq_sg_linear_plr0.0003_s27_lr0.0003 step 2056: ce 1.214 rank5..8 [12.06, 12.48, 13.55, 13.2] lstsq held ratio [1.087, 1.081, 1.073, 1.066] rf [0.664, 0.497, 0.253, 0.166] online [1.493, 1.521, 1.523, 1.417] pgcos [0.121, 0.056, -0.037, 0.087] (231s)
[sgfail] sgq_sg_linear_plr0.0003_s27_lr0.0003 step 3084: ce 1.119 rank5..8 [13.66, 14.99, 16.84, 15.74] lstsq held ratio [1.106, 1.107, 1.107, 1.08] rf [0.856, 0.66, 0.403, 0.202] online [1.634, 1.472, 1.666, 1.558] pgcos [0.083, 0.201, -0.014, 0.142] (255s)
[sgfail] sgq_sg_linear_plr0.0003_s27_lr0.0003 step 5140: ce 1.047 rank5..8 [16.66, 19.68, 22.25, 19.81] lstsq held ratio [1.036, 1.1, 1.087, 1.07] rf [0.862, 0.772, 0.509, 0.228] online [1.194, 1.29, 1.322, 1.325] pgcos [0.208, 0.115, 0.265, 0.273] (279s)
[sgfail] sgq_sg_linear_plr0.0003_s27_lr0.0003 step 7196: ce 0.994 rank5..8 [19.8, 24.61, 28.36, 23.29] lstsq held ratio [1.043, 1.047, 1.077, 1.071] rf [0.906, 0.787, 0.554, 0.216] online [1.058, 1.108, 1.188, 1.306] pgcos [0.22, 0.197, 0.132, 0.088] (304s)
[sgfail] sgq_sg_linear_plr0.0003_s27_lr0.0003 step 10280: ce 0.937 rank5..8 [24.17, 31.19, 34.57, 25.31] lstsq held ratio [1.038, 1.052, 1.074, 1.05] rf [0.976, 0.931, 0.665, 0.22] online [1.025, 1.041, 1.096, 1.137] pgcos [0.22, 0.251, 0.185, -0.018] (328s)
[sgfail] sgq_sg_linear_plr0.0003_s27_lr0.0003 step 12336: ce 0.871 rank5..8 [26.23, 33.9, 38.2, 26.73] lstsq held ratio [1.05, 1.09, 1.088, 1.084] rf [1.089, 0.926, 0.614, 0.241] online [1.014, 1.02, 1.036, 1.048] pgcos [0.134, 0.18, 0.195, 0.134] (352s)
[sgfail] sgq_sg_linear_plr0.0003_s27_lr0.0003 step 15420: ce 0.843 rank5..8 [27.35, 34.86, 39.32, 27.56] lstsq held ratio [1.037, 1.048, 1.081, 1.091] rf [0.973, 0.906, 0.693, 0.245] online [1.0, 1.0, 1.001, 1.003] pgcos [0.066, 0.033, -0.009, -0.115] (377s)
[sgfail] sgq_sg_linear_plr3e-05_s27_lr0.0003 step 463: ce 1.827 rank5..8 [4.07, 4.07, 4.51, 4.92] lstsq held ratio [0.942, 0.936, 0.968, 0.98] rf [0.094, 0.059, 0.066, 0.059] online [1.594, 1.564, 1.248, 1.164] pgcos [0.068, -0.376, 0.034, 0.114] (404s)
[sgfail] sgq_sg_linear_plr3e-05_s27_lr0.0003 step 1028: ce 1.550 rank5..8 [5.86, 6.13, 6.05, 5.89] lstsq held ratio [1.073, 1.052, 1.032, 1.021] rf [0.194, 0.143, 0.103, 0.11] online [1.605, 1.589, 1.556, 1.416] pgcos [-0.122, -0.141, -0.186, -0.097] (429s)
[sgfail] sgq_sg_linear_plr3e-05_s27_lr0.0003 step 2056: ce 1.373 rank5..8 [7.59, 8.25, 8.17, 8.21] lstsq held ratio [1.105, 1.058, 1.041, 1.033] rf [0.589, 0.335, 0.268, 0.147] online [1.307, 1.347, 1.255, 1.174] pgcos [0.107, -0.011, 0.048, 0.304] (454s)
[sgfail] sgq_sg_linear_plr3e-05_s27_lr0.0003 step 3084: ce 1.257 rank5..8 [9.54, 10.83, 10.79, 10.43] lstsq held ratio [1.097, 1.058, 1.043, 1.054] rf [0.785, 0.59, 0.452, 0.157] online [1.166, 1.167, 1.194, 1.263] pgcos [0.293, 0.182, 0.47, 0.224] (479s)
[sgfail] sgq_sg_linear_plr3e-05_s27_lr0.0003 step 5140: ce 1.149 rank5..8 [12.64, 15.04, 14.96, 12.31] lstsq held ratio [1.276, 1.099, 1.074, 1.073] rf [1.175, 0.688, 0.538, 0.186] online [1.077, 1.115, 1.13, 1.246] pgcos [0.056, 0.032, 0.169, 0.014] (503s)
[sgfail] sgq_sg_linear_plr3e-05_s27_lr0.0003 step 7196: ce 1.070 rank5..8 [13.89, 17.44, 17.81, 14.78] lstsq held ratio [1.262, 1.179, 1.097, 1.06] rf [1.123, 0.943, 0.562, 0.201] online [1.055, 1.109, 1.157, 1.213] pgcos [0.182, 0.162, 0.138, -0.031] (528s)
[sgfail] sgq_sg_linear_plr3e-05_s27_lr0.0003 step 10280: ce 0.996 rank5..8 [15.69, 20.8, 20.74, 15.84] lstsq held ratio [1.182, 1.116, 1.102, 1.078] rf [1.067, 0.891, 0.674, 0.231] online [1.029, 1.057, 1.091, 1.11] pgcos [0.299, 0.323, 0.433, 0.172] (553s)
[sgfail] sgq_sg_linear_plr3e-05_s27_lr0.0003 step 12336: ce 0.954 rank5..8 [17.26, 22.74, 22.65, 17.08] lstsq held ratio [1.142, 1.105, 1.09, 1.088] rf [1.003, 0.987, 0.752, 0.251] online [1.011, 1.022, 1.03, 1.042] pgcos [0.036, 0.095, 0.218, 0.118] (577s)
[sgfail] sgq_sg_linear_plr3e-05_s27_lr0.0003 step 15420: ce 0.925 rank5..8 [17.96, 24.27, 23.93, 17.87] lstsq held ratio [1.092, 1.09, 1.084, 1.104] rf [0.984, 0.891, 0.773, 0.267] online [1.0, 1.0, 1.001, 1.003] pgcos [0.113, 0.112, 0.035, -0.095] (602s)
[sgfail] sgq_sg_mlp256_plr0.0003_s27_lr0.0003 step 463: ce 2.872 rank5..8 [1.0, 1.0, 1.0, 1.0] lstsq held ratio [3.835, 1.218, 0.7, 0.675] rf [2.239, 0.744, 0.143, 0.117] online [592.441, 1081.688, 273.193, 2252.822] pgcos [-0.069, 0.072, -0.056, 0.144] (626s)
[sgfail] sgq_sg_mlp256_plr0.0003_s27_lr0.0003 step 1028: ce 3.002 rank5..8 ['negative eigenvalue -0.15874096617809824 below tolerance', 'negative eigenvalue -0.6829352986511635 below tolerance', 'negative eigenvalue -1.1978276055145096 below tolerance', 'negative eigenvalue -1.3146956906517597 below tolerance'] lstsq held ratio [0.952, 0.946, 0.964, 0.964] rf [0.95, 0.946, 0.963, 0.963] online [268472.158, 215990.085, 227903.213, 164293.549] pgcos [0.356, 0.188, -0.492, -0.53] (651s)
[sgfail] sgq_sg_mlp256_plr0.0003_s27_lr0.0003 step 2056: ce 3.003 rank5..8 ['negative eigenvalue -6.256650702522704 below tolerance', 'negative eigenvalue -54.87968782433518 below tolerance', 'negative eigenvalue -146.54949765542742 below tolerance', 'negative eigenvalue -251.2473880626627 below tolerance'] lstsq held ratio [0.991, 0.982, 0.982, 0.982] rf [0.991, 0.982, 0.982, 0.982] online [377877.75, 495560.009, 1048359.064, 1920570.146] pgcos [0.515, 0.647, -0.304, -0.596] (674s)
[sgfail] sgq_sg_mlp256_plr0.0003_s27_lr0.0003 step 3084: ce 2.990 rank5..8 ['negative eigenvalue -13.118775241340295 below tolerance', 'negative eigenvalue -173.88629607101478 below tolerance', 'negative eigenvalue -737.7778190266954 below tolerance', 'negative eigenvalue -2837.2072595973277 below tolerance'] lstsq held ratio [0.993, 0.984, 0.984, 0.984] rf [0.993, 0.984, 0.984, 0.984] online [8720.861, 19929.145, 64992.994, 383505.174] pgcos [0.355, 0.731, 0.011, -0.377] (697s)
[sgfail] sgq_sg_mlp256_plr0.0003_s27_lr0.0003 step 5140: ce 2.984 rank5..8 ['negative eigenvalue -15.330386197655631 below tolerance', 'negative eigenvalue -219.69025797099323 below tolerance', 'negative eigenvalue -1332.630089045541 below tolerance', 'negative eigenvalue -26880.168367307197 below tolerance'] lstsq held ratio [0.994, 0.986, 0.986, 0.986] rf [0.993, 0.986, 0.986, 0.986] online [1.004, 1.023, 1.177, 141.08] pgcos [0.552, 0.309, 0.334, -0.092] (720s)
[sgfail] sgq_sg_mlp256_plr0.0003_s27_lr0.0003 step 7196: ce 2.997 rank5..8 ['negative eigenvalue -13.630322809531151 below tolerance', 'negative eigenvalue -218.9153787923384 below tolerance', 'negative eigenvalue -1395.2745290727532 below tolerance', 'negative eigenvalue -31844.464287868155 below tolerance'] lstsq held ratio [0.99, 0.984, 0.984, 0.984] rf [0.99, 0.984, 0.984, 0.984] online [1.005, 1.005, 1.005, 1.005] pgcos [-0.666, -0.845, -0.765, -0.77] (744s)
[sgfail] sgq_sg_mlp256_plr0.0003_s27_lr0.0003 step 10280: ce 2.979 rank5..8 ['negative eigenvalue -12.646913267290527 below tolerance', 'negative eigenvalue -198.18813082273627 below tolerance', 'negative eigenvalue -1288.7329031818151 below tolerance', 'negative eigenvalue -30642.50849772577 below tolerance'] lstsq held ratio [0.987, 0.991, 0.991, 0.992] rf [0.987, 0.991, 0.991, 0.991] online [1.013, 1.011, 1.01, 1.008] pgcos [-0.889, -0.957, -0.868, -0.847] (767s)
[sgfail] sgq_sg_mlp256_plr0.0003_s27_lr0.0003 step 12336: ce 2.980 rank5..8 [1.0, 'negative eigenvalue -187.78914419919803 below tolerance', 'negative eigenvalue -1254.1550441196073 below tolerance', 'negative eigenvalue -31942.38213904069 below tolerance'] lstsq held ratio [0.969, 0.983, 0.983, 0.983] rf [0.969, 0.983, 0.982, 0.982] online [1.005, 1.005, 1.004, 1.004] pgcos [-0.358, -0.844, -0.77, -0.788] (790s)
[sgfail] sgq_sg_mlp256_plr0.0003_s27_lr0.0003 step 15420: ce 2.978 rank5..8 [1.0, 1.0, 'negative eigenvalue -1101.770028987958 below tolerance', 'negative eigenvalue -29631.8737743935 below tolerance'] lstsq held ratio [0.948, 0.974, 0.98, 0.98] rf [0.948, 0.973, 0.98, 0.98] online [1.002, 1.002, 1.002, 1.002] pgcos [-0.262, -0.896, -0.744, -0.751] (813s)
[sgfail] sgq_sg_mlp256_plr3e-05_s27_lr0.0003 step 463: ce 2.371 rank5..8 [2.43, 2.37, 2.33, 2.31] lstsq held ratio [0.843, 0.828, 0.823, 0.822] rf [0.058, 0.047, 0.047, 0.047] online [1.017, 1.01, 1.033, 1.038] pgcos [0.05, 0.309, 0.014, -0.461] (839s)
[sgfail] sgq_sg_mlp256_plr3e-05_s27_lr0.0003 step 1028: ce 1.859 rank5..8 [5.72, 5.71, 5.85, 6.15] lstsq held ratio [0.997, 0.985, 0.971, 0.972] rf [0.193, 0.163, 0.14, 0.114] online [1.153, 1.074, 1.072, 1.05] pgcos [0.381, 0.191, 0.098, 0.184] (864s)
[sgfail] sgq_sg_mlp256_plr3e-05_s27_lr0.0003 step 2056: ce 1.629 rank5..8 [5.18, 5.7, 5.72, 5.79] lstsq held ratio [1.031, 1.005, 0.999, 1.006] rf [0.352, 0.218, 0.176, 0.148] online [1.103, 1.138, 1.085, 1.162] pgcos [0.298, 0.391, 0.439, 0.049] (888s)
[sgfail] sgq_sg_mlp256_plr3e-05_s27_lr0.0003 step 3084: ce 1.578 rank5..8 [2.42, 2.9, 3.27, 3.79] lstsq held ratio [1.133, 1.127, 1.108, 1.07] rf [0.729, 0.419, 0.306, 0.141] online [1.034, 1.056, 1.048, 1.089] pgcos [0.205, 0.202, 0.364, 0.328] (912s)
[sgfail] sgq_sg_mlp256_plr3e-05_s27_lr0.0003 step 5140: ce 2.997 rank5..8 ['negative eigenvalue -10.931896662157575 below tolerance', 'negative eigenvalue -11.06837760224206 below tolerance', 'negative eigenvalue -10.784140173750602 below tolerance', 'negative eigenvalue -10.920225267961612 below tolerance'] lstsq held ratio [0.976, 0.975, 0.975, 0.975] rf [0.975, 0.975, 0.975, 0.975] online [42650.323, 17561.342, 23261.577, 19689.843] pgcos [0.005, -0.36, 0.012, 0.088] (935s)
[sgfail] sgq_sg_mlp256_plr3e-05_s27_lr0.0003 step 7196: ce 3.020 rank5..8 ['negative eigenvalue -750.0325557190442 below tolerance', 'negative eigenvalue -754.1064236827775 below tolerance', 'negative eigenvalue -761.1211536568726 below tolerance', 'negative eigenvalue -788.8175748147875 below tolerance'] lstsq held ratio [0.989, 0.989, 0.989, 0.989] rf [0.989, 0.989, 0.989, 0.989] online [3992.901, 2450.869, 8071.254, 24196.138] pgcos [0.005, -0.328, -0.076, 0.068] (959s)
[sgfail] sgq_sg_mlp256_plr3e-05_s27_lr0.0003 step 10280: ce 2.989 rank5..8 ['negative eigenvalue -5526.202632179593 below tolerance', 'negative eigenvalue -5329.5382563697085 below tolerance', 'negative eigenvalue -5714.627464861673 below tolerance', 'negative eigenvalue -5393.356905311551 below tolerance'] lstsq held ratio [0.982, 0.982, 0.982, 0.982] rf [0.982, 0.982, 0.982, 0.982] online [35020.934, 515217.645, 263735.907, 148421.413] pgcos [0.012, -0.294, 0.172, -0.132] (982s)
[sgfail] sgq_sg_mlp256_plr3e-05_s27_lr0.0003 step 12336: ce 2.980 rank5..8 ['negative eigenvalue -7148.487927829512 below tolerance', 'negative eigenvalue -6988.494873122053 below tolerance', 'negative eigenvalue -6762.990599772435 below tolerance', 'negative eigenvalue -7128.319546324842 below tolerance'] lstsq held ratio [0.977, 0.978, 0.978, 0.978] rf [0.977, 0.977, 0.977, 0.977] online [1.018, 1.624, 1.307, 9.957] pgcos [-0.16, -0.172, -0.017, 0.003] (1005s)
[sgfail] sgq_sg_mlp256_plr3e-05_s27_lr0.0003 step 15420: ce 2.978 rank5..8 ['negative eigenvalue -7016.85352581631 below tolerance', 'negative eigenvalue -7123.650882270813 below tolerance', 'negative eigenvalue -7154.48057015983 below tolerance', 'negative eigenvalue -6605.145589883222 below tolerance'] lstsq held ratio [0.978, 0.978, 0.978, 0.978] rf [0.977, 0.977, 0.977, 0.977] online [1.002, 1.002, 1.002, 1.042] pgcos [-0.774, -0.762, -0.749, -0.121] (1028s)
[sgfail] written logs/sgfail0/desk.json
