[liverun] armed prgd0 pid 5197 commit fac6231c worktree main:llmopt sentinel .git/liverun.lock
[prgd0] h=1 top/trace 0.2500 PR 4.000 eig [1.0001, 1.0, 1.0, 0.9999] (3 s)
[prgd0] h=5 top/trace 0.2500 PR 4.000 eig [1.0001, 1.0, 1.0, 0.9999] (4 s)
[prgd0] h=20 top/trace 0.2500 PR 4.000 eig [1.0001, 1.0001, 0.9999, 0.9999] (4 s)
[prgd0] h=100 top/trace 0.2506 PR 4.000 eig [1.0022, 1.0, 0.9999, 0.9978] (5 s)
[prgd0] h=300 top/trace 0.2528 PR 4.000 eig [1.0112, 0.9997, 0.9992, 0.9899] (6 s)
[prgd0] h=900 top/trace 0.3748 PR 3.665 eig [1.4991, 0.9807, 0.7801, 0.7401] (6 s)
[prgd0] h=1800 top/trace 0.3954 PR 3.488 eig [1.5817, 1.056, 0.8257, 0.5365] (7 s)
[prgd0] h=3080 top/trace 0.4096 PR 3.469 eig [1.6383, 0.9499, 0.8263, 0.5856] (8 s)
[prgd0] h=4500 top/trace 0.4299 PR 3.369 eig [1.7197, 0.8947, 0.817, 0.5686] (8 s)
[prgd0] h=6000 top/trace 0.4316 PR 3.360 eig [1.7262, 0.8918, 0.8169, 0.5651] (9 s)
[prgd0] h=7200 top/trace 0.4312 PR 3.362 eig [1.7246, 0.8934, 0.8167, 0.5653] (10 s)
[prgd0] h=8220 top/trace 0.4310 PR 3.363 eig [1.7242, 0.8937, 0.8168, 0.5654] (10 s)
[prgd0] window 1->5 norms [0.03723, 0.03758, 0.03758, 0.03758] top/trace 0.2500212015150475 PR 3.9999999864747107
[prgd0] window 5->20 norms [0.0562, 0.05334, 0.05334, 0.05334] top/trace 0.2501542779610722 PR 3.9999992615770927
[prgd0] window 20->100 norms [0.11977, 0.01354, 0.01353, 0.01356] top/trace 0.25528446788379605 PR 3.9990643972888487
[prgd0] window 100->300 norms [0.16811, 0.01165, 0.01143, 0.01104] top/trace 0.30559080593437526 PR 3.930617519248275
[prgd0] window 300->900 norms [1.94093, 0.09069, 0.09263, 0.05217] top/trace 0.5161762122305633 PR 2.82407822548101
[prgd0] window 900->1800 norms [4.45671, 0.98159, 1.89734, 1.03341] top/trace 0.39829447471997453 PR 3.469021284000136
[prgd0] window 1800->3080 norms [5.01751, 2.0998, 3.05949, 2.24257] top/trace 0.43627212389231096 PR 3.3386372892804075
[prgd0] window 3080->4500 norms [3.07339, 1.55257, 2.05433, 1.6872] top/trace 0.48868320414719285 PR 3.047596810312716
[prgd0] window 4500->6000 norms [1.64292, 0.78665, 1.19891, 0.88279] top/trace 0.5174630208489245 PR 2.8818460248187177
[prgd0] window 6000->7200 norms [0.44875, 0.22322, 0.29618, 0.24048] top/trace 0.487270179751828 PR 3.0517407160010337
[prgd0] window 7200->8220 norms [0.07208, 0.03541, 0.04576, 0.0351] top/trace 0.4827776113135277 PR 3.088433408847879
[prgd0] primary_M300-900_v_R900-1800: R1 0.01362932776689168, R2 -0.009606687427518572, R3 0.0015922351729355055
[prgd0] alt_M100-300_v_R300-900: R1 0.0038974437892324893, R2 0.002047487579747459, R3 0.004560475553957142
[prgd0] alt_M300-900_v_R1800-3080: R1 -0.0012157317452458681, R2 0.0052311596834320895, R3 -0.0014795113598631052
[prgd0] alt_M900-1800_v_R900-1800_lag0: R1 0.021033080740907182, R2 0.09666002912595348, R3 0.06699155820503506
[prgd0] alt_M900-1800_v_R1800-3080: R1 -0.004118440702897586, R2 -0.017691065380330627, R3 -0.01124271152507043
[prgd0] alt_M300-900_v_R300-900_lag0: R1 -0.3394138727270249, R2 -0.3760712519712094, R3 0.28062394574417704
[prgd0] two_window_M300-1800_v_R900-3080: R1 0.007280509427139787, R2 0.037044889030827644, R3 0.017607277018716325
[prgd0] DONE  receipt logs/prgd0/desk.json wall 45.1 s
[liverun] disarmed prgd0 rc 0
