[liverun] armed frozenbb1 pid 71971 commit 579a135d worktree /Users/artin/code/llmopt sentinel /Users/artin/code/llmopt/.git/liverun.lock
=== seed 24 MODE=bp 2026-09-10T06:37:01Z ===
[curric] D2 excision: 165028 -> 164896 rows
[fb] mode=bp k_bp=8 seed=24 cell=fb_full_s24_lr0.0003: stock 164490 seq
[curric] D2 excision: 165028 -> 164896 rows
164896 rows; charset 42; uncovered chars: [':', 'C', 'H', 'I', 'S', '_', 'a', 'b', 'c', 'e']
skipped 388 out-of-language rows (strict encode; historically silently mangled)
164490 sequences, vocab 40
model: 18.9M params on mps [fast: bf16 + token-budget]
[curric] NO-OP PASS: 100 tuples + epoch length 5140 match the trainer path
[fb] stream digests verified stock e0..e2
[fb] steps_total 15420 (5140/epoch) peak lr 0.0003
[fb] ep0: 5140 batches
  step 200/15420 loss 1.030 (5.2 it/s)
  step 400/15420 loss 0.812 (5.3 it/s)
  step 600/15420 loss 0.698 (5.3 it/s)
  step 800/15420 loss 1.048 (5.4 it/s)
  step 1000/15420 loss 0.304 (5.4 it/s)
  step 1200/15420 loss 0.527 (5.4 it/s)
  step 1400/15420 loss 0.447 (5.5 it/s)
  step 1600/15420 loss 0.474 (5.5 it/s)
  step 1800/15420 loss 0.816 (5.5 it/s)
  step 2000/15420 loss 0.751 (5.5 it/s)
  step 2200/15420 loss 0.381 (5.5 it/s)
  step 2400/15420 loss 0.427 (5.5 it/s)
  step 2600/15420 loss 0.631 (5.5 it/s)
  step 2800/15420 loss 0.227 (5.5 it/s)
  step 3000/15420 loss 0.573 (5.5 it/s)
  step 3200/15420 loss 0.607 (5.5 it/s)
  step 3400/15420 loss 0.598 (5.5 it/s)
  step 3600/15420 loss 0.372 (5.5 it/s)
  step 3800/15420 loss 0.400 (5.5 it/s)
  step 4000/15420 loss 0.466 (5.4 it/s)
  step 4200/15420 loss 0.262 (5.4 it/s)
  step 4400/15420 loss 0.514 (5.5 it/s)
  step 4600/15420 loss 0.280 (5.5 it/s)
  step 4800/15420 loss 0.590 (5.5 it/s)
  step 5000/15420 loss 0.424 (5.5 it/s)
[fb] ep1: 5140 batches
  step 5200/15420 loss 0.378 (5.4 it/s)
  step 5400/15420 loss 0.370 (5.5 it/s)
  step 5600/15420 loss 0.378 (5.4 it/s)
  step 5800/15420 loss 0.280 (5.4 it/s)
  step 6000/15420 loss 0.365 (5.4 it/s)
  step 6200/15420 loss 0.315 (5.4 it/s)
  step 6400/15420 loss 0.329 (5.4 it/s)
  step 6600/15420 loss 0.720 (5.4 it/s)
  step 6800/15420 loss 0.379 (5.4 it/s)
  step 7000/15420 loss 0.667 (5.4 it/s)
  step 7200/15420 loss 0.351 (5.4 it/s)
  step 7400/15420 loss 0.591 (5.4 it/s)
  step 7600/15420 loss 0.387 (5.4 it/s)
  step 7800/15420 loss 0.326 (5.4 it/s)
  step 8000/15420 loss 0.319 (5.4 it/s)
  step 8200/15420 loss 0.429 (5.4 it/s)
  step 8400/15420 loss 0.448 (5.4 it/s)
  step 8600/15420 loss 0.370 (5.4 it/s)
  step 8800/15420 loss 0.342 (5.4 it/s)
  step 9000/15420 loss 0.251 (5.4 it/s)
  step 9200/15420 loss 0.346 (5.4 it/s)
  step 9400/15420 loss 0.639 (5.4 it/s)
  step 9600/15420 loss 0.351 (5.4 it/s)
  step 9800/15420 loss 0.271 (5.4 it/s)
  step 10000/15420 loss 0.388 (5.4 it/s)
  step 10200/15420 loss 0.394 (5.4 it/s)
[fb] ep2: 5140 batches
  step 10400/15420 loss 0.271 (5.4 it/s)
  step 10600/15420 loss 0.349 (5.4 it/s)
  step 10800/15420 loss 0.440 (5.4 it/s)
  step 11000/15420 loss 0.364 (5.4 it/s)
  step 11200/15420 loss 0.277 (5.4 it/s)
  step 11400/15420 loss 0.336 (5.4 it/s)
  step 11600/15420 loss 0.339 (5.4 it/s)
  step 11800/15420 loss 0.412 (5.4 it/s)
  step 12000/15420 loss 0.365 (5.4 it/s)
  step 12200/15420 loss 0.363 (5.4 it/s)
  step 12400/15420 loss 0.557 (5.4 it/s)
  step 12600/15420 loss 0.224 (5.4 it/s)
  step 12800/15420 loss 0.283 (5.4 it/s)
  step 13000/15420 loss 0.351 (5.4 it/s)
  step 13200/15420 loss 0.347 (5.4 it/s)
  step 13400/15420 loss 0.310 (5.4 it/s)
  step 13600/15420 loss 0.377 (5.4 it/s)
  step 13800/15420 loss 0.760 (5.4 it/s)
  step 14000/15420 loss 0.374 (5.4 it/s)
  step 14200/15420 loss 0.329 (5.4 it/s)
  step 14400/15420 loss 0.241 (5.4 it/s)
  step 14600/15420 loss 0.347 (5.4 it/s)
  step 14800/15420 loss 0.428 (5.4 it/s)
  step 15000/15420 loss 0.336 (5.4 it/s)
  step 15200/15420 loss 0.694 (5.4 it/s)
  step 15400/15420 loss 0.495 (5.4 it/s)
[fb] saved checkpoints/frozenbb1/fb_full_s24_lr0.0003/final.pt after 15420 steps (2858s)
[fb] receipt appended to logs/frozenbb1/births.jsonl (final state_digest 78fdf6d42408eeb6)
=== seed 24 MODE=zero 2026-09-10T07:25:50Z ===
[curric] D2 excision: 165028 -> 164896 rows
[fb] mode=zero k_bp=4 seed=24 cell=fb_frozen_s24_lr0.0003: stock 164490 seq
[curric] D2 excision: 165028 -> 164896 rows
164896 rows; charset 42; uncovered chars: [':', 'C', 'H', 'I', 'S', '_', 'a', 'b', 'c', 'e']
skipped 388 out-of-language rows (strict encode; historically silently mangled)
164490 sequences, vocab 40
model: 18.9M params on mps [fast: bf16 + token-budget]
[curric] NO-OP PASS: 100 tuples + epoch length 5140 match the trainer path
[fb] stream digests verified stock e0..e2
[fb] zero-credit: 29 frozen tensors, 30 trainable
[fb] steps_total 15420 (5140/epoch) peak lr 0.0003
[fb] ep0: 5140 batches
  step 200/15420 loss 1.081 (8.5 it/s)
  step 400/15420 loss 0.840 (8.7 it/s)
  step 600/15420 loss 0.705 (8.6 it/s)
  step 800/15420 loss 1.027 (8.7 it/s)
  step 1000/15420 loss 0.300 (8.8 it/s)
  step 1200/15420 loss 0.542 (8.8 it/s)
  step 1400/15420 loss 0.452 (8.9 it/s)
  step 1600/15420 loss 0.477 (8.9 it/s)
  step 1800/15420 loss 0.798 (8.9 it/s)
  step 2000/15420 loss 0.754 (8.9 it/s)
  step 2200/15420 loss 0.381 (9.0 it/s)
  step 2400/15420 loss 0.443 (9.0 it/s)
  step 2600/15420 loss 0.631 (9.0 it/s)
  step 2800/15420 loss 0.221 (9.0 it/s)
  step 3000/15420 loss 0.574 (9.0 it/s)
  step 3200/15420 loss 0.607 (9.0 it/s)
  step 3400/15420 loss 0.563 (9.0 it/s)
  step 3600/15420 loss 0.376 (9.0 it/s)
  step 3800/15420 loss 0.403 (9.0 it/s)
  step 4000/15420 loss 0.476 (9.0 it/s)
  step 4200/15420 loss 0.257 (9.0 it/s)
  step 4400/15420 loss 0.532 (9.0 it/s)
  step 4600/15420 loss 0.273 (9.0 it/s)
  step 4800/15420 loss 0.599 (9.0 it/s)
  step 5000/15420 loss 0.417 (9.0 it/s)
[fb] ep1: 5140 batches
  step 5200/15420 loss 0.381 (9.0 it/s)
  step 5400/15420 loss 0.377 (9.0 it/s)
  step 5600/15420 loss 0.384 (9.0 it/s)
  step 5800/15420 loss 0.294 (9.0 it/s)
  step 6000/15420 loss 0.371 (9.0 it/s)
  step 6200/15420 loss 0.314 (9.0 it/s)
  step 6400/15420 loss 0.361 (9.0 it/s)
  step 6600/15420 loss 0.718 (9.0 it/s)
  step 6800/15420 loss 0.376 (9.0 it/s)
  step 7000/15420 loss 0.696 (9.0 it/s)
  step 7200/15420 loss 0.358 (9.0 it/s)
  step 7400/15420 loss 0.593 (9.0 it/s)
  step 7600/15420 loss 0.382 (9.0 it/s)
  step 7800/15420 loss 0.330 (9.0 it/s)
  step 8000/15420 loss 0.332 (9.0 it/s)
  step 8200/15420 loss 0.424 (9.0 it/s)
  step 8400/15420 loss 0.453 (9.0 it/s)
  step 8600/15420 loss 0.376 (9.0 it/s)
  step 8800/15420 loss 0.353 (9.0 it/s)
  step 9000/15420 loss 0.267 (9.0 it/s)
  step 9200/15420 loss 0.343 (9.0 it/s)
  step 9400/15420 loss 0.656 (9.0 it/s)
  step 9600/15420 loss 0.347 (9.0 it/s)
  step 9800/15420 loss 0.281 (9.0 it/s)
  step 10000/15420 loss 0.396 (9.0 it/s)
  step 10200/15420 loss 0.396 (9.0 it/s)
[fb] ep2: 5140 batches
  step 10400/15420 loss 0.279 (9.0 it/s)
  step 10600/15420 loss 0.356 (9.0 it/s)
  step 10800/15420 loss 0.440 (9.0 it/s)
  step 11000/15420 loss 0.363 (9.0 it/s)
  step 11200/15420 loss 0.292 (9.1 it/s)
  step 11400/15420 loss 0.346 (9.1 it/s)
  step 11600/15420 loss 0.341 (9.1 it/s)
  step 11800/15420 loss 0.414 (9.1 it/s)
  step 12000/15420 loss 0.367 (9.1 it/s)
  step 12200/15420 loss 0.366 (9.1 it/s)
  step 12400/15420 loss 0.569 (9.1 it/s)
  step 12600/15420 loss 0.223 (9.1 it/s)
  step 12800/15420 loss 0.290 (9.1 it/s)
  step 13000/15420 loss 0.352 (9.1 it/s)
  step 13200/15420 loss 0.353 (9.1 it/s)
  step 13400/15420 loss 0.308 (9.1 it/s)
  step 13600/15420 loss 0.378 (9.1 it/s)
  step 13800/15420 loss 0.765 (9.1 it/s)
  step 14000/15420 loss 0.378 (9.1 it/s)
  step 14200/15420 loss 0.335 (9.1 it/s)
  step 14400/15420 loss 0.242 (9.1 it/s)
  step 14600/15420 loss 0.351 (9.1 it/s)
  step 14800/15420 loss 0.424 (9.1 it/s)
  step 15000/15420 loss 0.340 (9.1 it/s)
  step 15200/15420 loss 0.709 (9.1 it/s)
  step 15400/15420 loss 0.504 (9.1 it/s)
[fb] zero-credit freeze law verified: 29 tensors bit-identical to W_0
[fb] saved checkpoints/frozenbb1/fb_frozen_s24_lr0.0003/final.pt after 15420 steps (1703s)
[fb] receipt appended to logs/frozenbb1/births.jsonl (final state_digest ec476ac1eb8ea17a)
=== seed 25 MODE=zero 2026-09-10T07:55:18Z ===
[curric] D2 excision: 165028 -> 164896 rows
[fb] mode=zero k_bp=4 seed=25 cell=fb_frozen_s25_lr0.0003: stock 164490 seq
[curric] D2 excision: 165028 -> 164896 rows
164896 rows; charset 42; uncovered chars: [':', 'C', 'H', 'I', 'S', '_', 'a', 'b', 'c', 'e']
skipped 388 out-of-language rows (strict encode; historically silently mangled)
164490 sequences, vocab 40
model: 18.9M params on mps [fast: bf16 + token-budget]
[curric] NO-OP PASS: 100 tuples + epoch length 5140 match the trainer path
[fb] stream digests verified stock e0..e2
[fb] zero-credit: 29 frozen tensors, 30 trainable
[fb] steps_total 15420 (5140/epoch) peak lr 0.0003
[fb] ep0: 5140 batches
  step 200/15420 loss 1.073 (8.5 it/s)
  step 400/15420 loss 0.831 (8.7 it/s)
  step 600/15420 loss 0.693 (8.7 it/s)
  step 800/15420 loss 0.944 (8.8 it/s)
  step 1000/15420 loss 0.307 (8.9 it/s)
  step 1200/15420 loss 0.522 (8.9 it/s)
  step 1400/15420 loss 0.465 (8.9 it/s)
  step 1600/15420 loss 0.495 (8.9 it/s)
  step 1800/15420 loss 0.817 (8.9 it/s)
  step 2000/15420 loss 0.776 (9.0 it/s)
  step 2200/15420 loss 0.390 (9.0 it/s)
  step 2400/15420 loss 0.438 (9.0 it/s)
  step 2600/15420 loss 0.650 (9.0 it/s)
  step 2800/15420 loss 0.227 (9.0 it/s)
  step 3000/15420 loss 0.591 (9.0 it/s)
  step 3200/15420 loss 0.622 (9.0 it/s)
  step 3400/15420 loss 0.572 (9.0 it/s)
  step 3600/15420 loss 0.375 (9.0 it/s)
  step 3800/15420 loss 0.411 (9.0 it/s)
  step 4000/15420 loss 0.465 (9.0 it/s)
  step 4200/15420 loss 0.258 (9.0 it/s)
  step 4400/15420 loss 0.542 (9.0 it/s)
  step 4600/15420 loss 0.286 (9.0 it/s)
  step 4800/15420 loss 0.595 (9.0 it/s)
  step 5000/15420 loss 0.426 (9.0 it/s)
[fb] ep1: 5140 batches
  step 5200/15420 loss 0.379 (9.0 it/s)
  step 5400/15420 loss 0.375 (9.0 it/s)
  step 5600/15420 loss 0.392 (9.0 it/s)
  step 5800/15420 loss 0.286 (9.0 it/s)
  step 6000/15420 loss 0.370 (9.0 it/s)
  step 6200/15420 loss 0.325 (9.0 it/s)
  step 6400/15420 loss 0.359 (9.0 it/s)
  step 6600/15420 loss 0.732 (9.0 it/s)
  step 6800/15420 loss 0.381 (9.0 it/s)
  step 7000/15420 loss 0.681 (9.0 it/s)
  step 7200/15420 loss 0.364 (9.0 it/s)
  step 7400/15420 loss 0.593 (9.0 it/s)
  step 7600/15420 loss 0.392 (9.0 it/s)
  step 7800/15420 loss 0.337 (9.0 it/s)
  step 8000/15420 loss 0.342 (9.0 it/s)
  step 8200/15420 loss 0.426 (9.0 it/s)
  step 8400/15420 loss 0.454 (9.1 it/s)
  step 8600/15420 loss 0.364 (9.1 it/s)
  step 8800/15420 loss 0.348 (9.0 it/s)
  step 9000/15420 loss 0.264 (9.0 it/s)
  step 9200/15420 loss 0.343 (9.0 it/s)
  step 9400/15420 loss 0.636 (9.0 it/s)
  step 9600/15420 loss 0.349 (9.1 it/s)
  step 9800/15420 loss 0.280 (9.0 it/s)
  step 10000/15420 loss 0.388 (9.1 it/s)
  step 10200/15420 loss 0.394 (9.1 it/s)
[fb] ep2: 5140 batches
  step 10400/15420 loss 0.272 (9.1 it/s)
  step 10600/15420 loss 0.355 (9.1 it/s)
  step 10800/15420 loss 0.437 (9.1 it/s)
  step 11000/15420 loss 0.361 (9.1 it/s)
  step 11200/15420 loss 0.298 (9.1 it/s)
  step 11400/15420 loss 0.345 (9.1 it/s)
  step 11600/15420 loss 0.339 (9.1 it/s)
  step 11800/15420 loss 0.415 (9.1 it/s)
  step 12000/15420 loss 0.372 (9.1 it/s)
  step 12200/15420 loss 0.369 (9.1 it/s)
  step 12400/15420 loss 0.555 (9.1 it/s)
  step 12600/15420 loss 0.223 (9.1 it/s)
  step 12800/15420 loss 0.289 (9.1 it/s)
  step 13000/15420 loss 0.357 (9.1 it/s)
  step 13200/15420 loss 0.351 (9.1 it/s)
  step 13400/15420 loss 0.310 (9.1 it/s)
  step 13600/15420 loss 0.379 (9.1 it/s)
  step 13800/15420 loss 0.777 (9.1 it/s)
  step 14000/15420 loss 0.376 (9.1 it/s)
  step 14200/15420 loss 0.335 (9.1 it/s)
  step 14400/15420 loss 0.243 (9.1 it/s)
  step 14600/15420 loss 0.348 (9.1 it/s)
  step 14800/15420 loss 0.423 (9.1 it/s)
  step 15000/15420 loss 0.333 (9.1 it/s)
  step 15200/15420 loss 0.711 (9.1 it/s)
  step 15400/15420 loss 0.505 (9.1 it/s)
[fb] zero-credit freeze law verified: 29 tensors bit-identical to W_0
[fb] saved checkpoints/frozenbb1/fb_frozen_s25_lr0.0003/final.pt after 15420 steps (1702s)
[fb] receipt appended to logs/frozenbb1/births.jsonl (final state_digest 75ce897841ab443d)
=== seed 25 MODE=bp 2026-09-10T08:24:45Z ===
[curric] D2 excision: 165028 -> 164896 rows
[fb] mode=bp k_bp=8 seed=25 cell=fb_full_s25_lr0.0003: stock 164490 seq
[curric] D2 excision: 165028 -> 164896 rows
164896 rows; charset 42; uncovered chars: [':', 'C', 'H', 'I', 'S', '_', 'a', 'b', 'c', 'e']
skipped 388 out-of-language rows (strict encode; historically silently mangled)
164490 sequences, vocab 40
model: 18.9M params on mps [fast: bf16 + token-budget]
[curric] NO-OP PASS: 100 tuples + epoch length 5140 match the trainer path
[fb] stream digests verified stock e0..e2
[fb] steps_total 15420 (5140/epoch) peak lr 0.0003
[fb] ep0: 5140 batches
  step 200/15420 loss 1.015 (5.4 it/s)
  step 400/15420 loss 0.774 (5.5 it/s)
  step 600/15420 loss 0.688 (5.4 it/s)
  step 800/15420 loss 0.878 (5.5 it/s)
  step 1000/15420 loss 0.319 (5.5 it/s)
  step 1200/15420 loss 0.544 (5.5 it/s)
  step 1400/15420 loss 0.443 (5.5 it/s)
  step 1600/15420 loss 0.464 (5.5 it/s)
  step 1800/15420 loss 0.807 (5.5 it/s)
  step 2000/15420 loss 0.733 (5.6 it/s)
  step 2200/15420 loss 0.379 (5.6 it/s)
  step 2400/15420 loss 0.425 (5.6 it/s)
  step 2600/15420 loss 0.636 (5.6 it/s)
  step 2800/15420 loss 0.220 (5.6 it/s)
  step 3000/15420 loss 0.561 (5.5 it/s)
  step 3200/15420 loss 0.611 (5.5 it/s)
  step 3400/15420 loss 0.589 (5.5 it/s)
  step 3600/15420 loss 0.376 (5.5 it/s)
  step 3800/15420 loss 0.410 (5.5 it/s)
  step 4000/15420 loss 0.466 (5.5 it/s)
  step 4200/15420 loss 0.259 (5.5 it/s)
  step 4400/15420 loss 0.556 (5.5 it/s)
  step 4600/15420 loss 0.290 (5.5 it/s)
  step 4800/15420 loss 0.577 (5.5 it/s)
  step 5000/15420 loss 0.430 (5.5 it/s)
[fb] ep1: 5140 batches
  step 5200/15420 loss 0.376 (5.5 it/s)
  step 5400/15420 loss 0.374 (5.5 it/s)
  step 5600/15420 loss 0.368 (5.5 it/s)
  step 5800/15420 loss 0.294 (5.5 it/s)
  step 6000/15420 loss 0.372 (5.5 it/s)
  step 6200/15420 loss 0.315 (5.5 it/s)
  step 6400/15420 loss 0.353 (5.5 it/s)
  step 6600/15420 loss 0.720 (5.5 it/s)
  step 6800/15420 loss 0.379 (5.5 it/s)
  step 7000/15420 loss 0.659 (5.5 it/s)
  step 7200/15420 loss 0.346 (5.5 it/s)
  step 7400/15420 loss 0.588 (5.5 it/s)
  step 7600/15420 loss 0.387 (5.5 it/s)
  step 7800/15420 loss 0.333 (5.5 it/s)
  step 8000/15420 loss 0.338 (5.5 it/s)
  step 8200/15420 loss 0.427 (5.5 it/s)
  step 8400/15420 loss 0.441 (5.5 it/s)
  step 8600/15420 loss 0.366 (5.5 it/s)
  step 8800/15420 loss 0.343 (5.5 it/s)
  step 9000/15420 loss 0.261 (5.5 it/s)
  step 9200/15420 loss 0.337 (5.5 it/s)
  step 9400/15420 loss 0.629 (5.5 it/s)
  step 9600/15420 loss 0.345 (5.5 it/s)
  step 9800/15420 loss 0.276 (5.5 it/s)
  step 10000/15420 loss 0.391 (5.5 it/s)
  step 10200/15420 loss 0.394 (5.5 it/s)
[fb] ep2: 5140 batches
  step 10400/15420 loss 0.272 (5.5 it/s)
  step 10600/15420 loss 0.353 (5.5 it/s)
  step 10800/15420 loss 0.438 (5.5 it/s)
  step 11000/15420 loss 0.363 (5.5 it/s)
  step 11200/15420 loss 0.272 (5.5 it/s)
  step 11400/15420 loss 0.343 (5.5 it/s)
  step 11600/15420 loss 0.342 (5.5 it/s)
  step 11800/15420 loss 0.414 (5.5 it/s)
  step 12000/15420 loss 0.362 (5.5 it/s)
  step 12200/15420 loss 0.366 (5.5 it/s)
  step 12400/15420 loss 0.553 (5.5 it/s)
  step 12600/15420 loss 0.223 (5.5 it/s)
  step 12800/15420 loss 0.284 (5.5 it/s)
  step 13000/15420 loss 0.355 (5.5 it/s)
  step 13200/15420 loss 0.352 (5.5 it/s)
  step 13400/15420 loss 0.309 (5.5 it/s)
  step 13600/15420 loss 0.379 (5.5 it/s)
  step 13800/15420 loss 0.761 (5.5 it/s)
  step 14000/15420 loss 0.375 (5.5 it/s)
  step 14200/15420 loss 0.327 (5.5 it/s)
  step 14400/15420 loss 0.241 (5.5 it/s)
  step 14600/15420 loss 0.346 (5.5 it/s)
  step 14800/15420 loss 0.426 (5.5 it/s)
  step 15000/15420 loss 0.336 (5.5 it/s)
  step 15200/15420 loss 0.696 (5.5 it/s)
  step 15400/15420 loss 0.489 (5.5 it/s)
[fb] saved checkpoints/frozenbb1/fb_full_s25_lr0.0003/final.pt after 15420 steps (2810s)
[fb] receipt appended to logs/frozenbb1/births.jsonl (final state_digest 677026a5d2876f42)
=== seed 26 MODE=bp 2026-09-10T09:12:44Z ===
[curric] D2 excision: 165028 -> 164896 rows
[fb] mode=bp k_bp=8 seed=26 cell=fb_full_s26_lr0.0003: stock 164490 seq
[curric] D2 excision: 165028 -> 164896 rows
164896 rows; charset 42; uncovered chars: [':', 'C', 'H', 'I', 'S', '_', 'a', 'b', 'c', 'e']
skipped 388 out-of-language rows (strict encode; historically silently mangled)
164490 sequences, vocab 40
model: 18.9M params on mps [fast: bf16 + token-budget]
[curric] NO-OP PASS: 100 tuples + epoch length 5140 match the trainer path
[fb] stream digests verified stock e0..e2
[fb] steps_total 15420 (5140/epoch) peak lr 0.0003
[fb] ep0: 5140 batches
  step 200/15420 loss 1.035 (5.4 it/s)
  step 400/15420 loss 0.800 (5.5 it/s)
  step 600/15420 loss 0.693 (5.4 it/s)
  step 800/15420 loss 1.004 (5.5 it/s)
  step 1000/15420 loss 0.288 (5.5 it/s)
  step 1200/15420 loss 0.524 (5.5 it/s)
  step 1400/15420 loss 0.451 (5.5 it/s)
  step 1600/15420 loss 0.472 (5.5 it/s)
  step 1800/15420 loss 0.807 (5.5 it/s)
  step 2000/15420 loss 0.801 (5.6 it/s)
  step 2200/15420 loss 0.370 (5.6 it/s)
  step 2400/15420 loss 0.437 (5.6 it/s)
  step 2600/15420 loss 0.634 (5.6 it/s)
  step 2800/15420 loss 0.213 (5.6 it/s)
  step 3000/15420 loss 0.584 (5.5 it/s)
  step 3200/15420 loss 0.600 (5.5 it/s)
  step 3400/15420 loss 0.560 (5.5 it/s)
  step 3600/15420 loss 0.382 (5.5 it/s)
  step 3800/15420 loss 0.412 (5.6 it/s)
  step 4000/15420 loss 0.469 (5.5 it/s)
  step 4200/15420 loss 0.255 (5.5 it/s)
  step 4400/15420 loss 0.511 (5.6 it/s)
  step 4600/15420 loss 0.293 (5.6 it/s)
  step 4800/15420 loss 0.569 (5.5 it/s)
  step 5000/15420 loss 0.439 (5.6 it/s)
[fb] ep1: 5140 batches
  step 5200/15420 loss 0.372 (5.5 it/s)
  step 5400/15420 loss 0.380 (5.6 it/s)
  step 5600/15420 loss 0.386 (5.5 it/s)
  step 5800/15420 loss 0.282 (5.5 it/s)
  step 6000/15420 loss 0.367 (5.5 it/s)
  step 6200/15420 loss 0.316 (5.5 it/s)
  step 6400/15420 loss 0.364 (5.5 it/s)
  step 6600/15420 loss 0.740 (5.5 it/s)
  step 6800/15420 loss 0.376 (5.5 it/s)
  step 7000/15420 loss 0.675 (5.5 it/s)
  step 7200/15420 loss 0.347 (5.5 it/s)
  step 7400/15420 loss 0.597 (5.5 it/s)
  step 7600/15420 loss 0.393 (5.5 it/s)
  step 7800/15420 loss 0.326 (5.5 it/s)
  step 8000/15420 loss 0.340 (5.5 it/s)
  step 8200/15420 loss 0.422 (5.5 it/s)
  step 8400/15420 loss 0.440 (5.5 it/s)
  step 8600/15420 loss 0.370 (5.5 it/s)
  step 8800/15420 loss 0.341 (5.5 it/s)
  step 9000/15420 loss 0.257 (5.5 it/s)
  step 9200/15420 loss 0.338 (5.5 it/s)
  step 9400/15420 loss 0.615 (5.5 it/s)
  step 9600/15420 loss 0.348 (5.5 it/s)
  step 9800/15420 loss 0.278 (5.5 it/s)
  step 10000/15420 loss 0.390 (5.5 it/s)
  step 10200/15420 loss 0.397 (5.5 it/s)
[fb] ep2: 5140 batches
  step 10400/15420 loss 0.274 (5.5 it/s)
  step 10600/15420 loss 0.352 (5.5 it/s)
  step 10800/15420 loss 0.439 (5.5 it/s)
  step 11000/15420 loss 0.367 (5.5 it/s)
  step 11200/15420 loss 0.280 (5.5 it/s)
  step 11400/15420 loss 0.338 (5.5 it/s)
  step 11600/15420 loss 0.343 (5.5 it/s)
  step 11800/15420 loss 0.408 (5.5 it/s)
  step 12000/15420 loss 0.364 (5.5 it/s)
  step 12200/15420 loss 0.365 (5.5 it/s)
  step 12400/15420 loss 0.553 (5.5 it/s)
  step 12600/15420 loss 0.223 (5.5 it/s)
  step 12800/15420 loss 0.282 (5.5 it/s)
  step 13000/15420 loss 0.351 (5.5 it/s)
  step 13200/15420 loss 0.348 (5.5 it/s)
  step 13400/15420 loss 0.311 (5.5 it/s)
  step 13600/15420 loss 0.376 (5.5 it/s)
  step 13800/15420 loss 0.756 (5.5 it/s)
  step 14000/15420 loss 0.375 (5.5 it/s)
  step 14200/15420 loss 0.330 (5.5 it/s)
  step 14400/15420 loss 0.242 (5.5 it/s)
  step 14600/15420 loss 0.350 (5.5 it/s)
  step 14800/15420 loss 0.428 (5.5 it/s)
  step 15000/15420 loss 0.337 (5.5 it/s)
  step 15200/15420 loss 0.704 (5.5 it/s)
  step 15400/15420 loss 0.486 (5.5 it/s)
[fb] saved checkpoints/frozenbb1/fb_full_s26_lr0.0003/final.pt after 15420 steps (2805s)
[fb] receipt appended to logs/frozenbb1/births.jsonl (final state_digest fe845465aa84d9f6)
=== seed 26 MODE=zero 2026-09-10T10:00:39Z ===
[curric] D2 excision: 165028 -> 164896 rows
[fb] mode=zero k_bp=4 seed=26 cell=fb_frozen_s26_lr0.0003: stock 164490 seq
[curric] D2 excision: 165028 -> 164896 rows
164896 rows; charset 42; uncovered chars: [':', 'C', 'H', 'I', 'S', '_', 'a', 'b', 'c', 'e']
skipped 388 out-of-language rows (strict encode; historically silently mangled)
164490 sequences, vocab 40
model: 18.9M params on mps [fast: bf16 + token-budget]
[curric] NO-OP PASS: 100 tuples + epoch length 5140 match the trainer path
[fb] stream digests verified stock e0..e2
[fb] zero-credit: 29 frozen tensors, 30 trainable
[fb] steps_total 15420 (5140/epoch) peak lr 0.0003
[fb] ep0: 5140 batches
  step 200/15420 loss 1.063 (8.4 it/s)
  step 400/15420 loss 0.843 (8.7 it/s)
  step 600/15420 loss 0.701 (8.6 it/s)
  step 800/15420 loss 0.966 (8.7 it/s)
  step 1000/15420 loss 0.313 (8.8 it/s)
  step 1200/15420 loss 0.541 (8.8 it/s)
  step 1400/15420 loss 0.464 (8.9 it/s)
  step 1600/15420 loss 0.472 (8.9 it/s)
  step 1800/15420 loss 0.817 (8.9 it/s)
  step 2000/15420 loss 0.775 (8.9 it/s)
  step 2200/15420 loss 0.378 (9.0 it/s)
  step 2400/15420 loss 0.434 (9.0 it/s)
  step 2600/15420 loss 0.643 (9.0 it/s)
  step 2800/15420 loss 0.220 (9.0 it/s)
  step 3000/15420 loss 0.607 (8.9 it/s)
  step 3200/15420 loss 0.618 (9.0 it/s)
  step 3400/15420 loss 0.547 (9.0 it/s)
  step 3600/15420 loss 0.366 (9.0 it/s)
  step 3800/15420 loss 0.413 (9.0 it/s)
  step 4000/15420 loss 0.471 (9.0 it/s)
  step 4200/15420 loss 0.262 (9.0 it/s)
  step 4400/15420 loss 0.535 (9.0 it/s)
  step 4600/15420 loss 0.288 (9.0 it/s)
  step 4800/15420 loss 0.607 (9.0 it/s)
  step 5000/15420 loss 0.435 (9.0 it/s)
[fb] ep1: 5140 batches
  step 5200/15420 loss 0.374 (9.0 it/s)
  step 5400/15420 loss 0.381 (9.0 it/s)
  step 5600/15420 loss 0.389 (9.0 it/s)
  step 5800/15420 loss 0.280 (9.0 it/s)
  step 6000/15420 loss 0.367 (9.0 it/s)
  step 6200/15420 loss 0.315 (9.0 it/s)
  step 6400/15420 loss 0.359 (9.0 it/s)
  step 6600/15420 loss 0.724 (9.0 it/s)
  step 6800/15420 loss 0.376 (9.0 it/s)
  step 7000/15420 loss 0.692 (9.0 it/s)
  step 7200/15420 loss 0.353 (9.0 it/s)
  step 7400/15420 loss 0.619 (9.0 it/s)
  step 7600/15420 loss 0.397 (9.0 it/s)
  step 7800/15420 loss 0.329 (9.0 it/s)
  step 8000/15420 loss 0.341 (9.0 it/s)
  step 8200/15420 loss 0.425 (9.0 it/s)
  step 8400/15420 loss 0.438 (9.0 it/s)
  step 8600/15420 loss 0.374 (9.0 it/s)
  step 8800/15420 loss 0.353 (9.0 it/s)
  step 9000/15420 loss 0.266 (9.0 it/s)
  step 9200/15420 loss 0.338 (9.0 it/s)
  step 9400/15420 loss 0.662 (9.0 it/s)
  step 9600/15420 loss 0.349 (9.0 it/s)
  step 9800/15420 loss 0.281 (9.0 it/s)
  step 10000/15420 loss 0.389 (9.0 it/s)
  step 10200/15420 loss 0.396 (9.0 it/s)
[fb] ep2: 5140 batches
  step 10400/15420 loss 0.275 (9.0 it/s)
  step 10600/15420 loss 0.359 (9.0 it/s)
  step 10800/15420 loss 0.440 (9.0 it/s)
  step 11000/15420 loss 0.361 (9.0 it/s)
  step 11200/15420 loss 0.297 (9.0 it/s)
  step 11400/15420 loss 0.345 (9.1 it/s)
  step 11600/15420 loss 0.342 (9.1 it/s)
  step 11800/15420 loss 0.417 (9.1 it/s)
  step 12000/15420 loss 0.369 (9.1 it/s)
  step 12200/15420 loss 0.365 (9.0 it/s)
  step 12400/15420 loss 0.560 (9.1 it/s)
  step 12600/15420 loss 0.223 (9.1 it/s)
  step 12800/15420 loss 0.285 (9.1 it/s)
  step 13000/15420 loss 0.360 (9.0 it/s)
  step 13200/15420 loss 0.349 (9.1 it/s)
  step 13400/15420 loss 0.314 (9.1 it/s)
  step 13600/15420 loss 0.377 (9.1 it/s)
  step 13800/15420 loss 0.759 (9.1 it/s)
  step 14000/15420 loss 0.376 (9.1 it/s)
  step 14200/15420 loss 0.333 (9.1 it/s)
  step 14400/15420 loss 0.241 (9.1 it/s)
  step 14600/15420 loss 0.350 (9.1 it/s)
  step 14800/15420 loss 0.426 (9.1 it/s)
  step 15000/15420 loss 0.338 (9.0 it/s)
  step 15200/15420 loss 0.723 (9.0 it/s)
  step 15400/15420 loss 0.502 (9.1 it/s)
[fb] zero-credit freeze law verified: 29 tensors bit-identical to W_0
[fb] saved checkpoints/frozenbb1/fb_frozen_s26_lr0.0003/final.pt after 15420 steps (1704s)
[fb] receipt appended to logs/frozenbb1/births.jsonl (final state_digest e9fc8c1dd172abec)
=== gates + replication law 2026-09-10T10:30:08Z ===
[curric] D2 excision: 165028 -> 164896 rows
[gate] weights sha 1cb53e0595a34049
[fb] fb_frozen_s24_lr0.0003: gate 63 valid 58.85
[gate] weights sha 9e53a18520ffa7f9
[fb] fb_full_s24_lr0.0003: gate 61 valid 60.1
[gate] weights sha 7f80017b983a18d6
[fb] fb_frozen_s25_lr0.0003: gate 61 valid 60.44
[gate] weights sha 60dbd2daea19702f
[fb] fb_full_s25_lr0.0003: gate 64 valid 61.06
[gate] weights sha d5a60b98b58980d5
[fb] fb_frozen_s26_lr0.0003: gate 59 valid 57.86
[gate] weights sha 2dbf61402c46df29
[fb] fb_full_s26_lr0.0003: gate 62 valid 60.81
[fb] replication: {"deltas": [2, -3, -3], "CONTROL_ADEQUATE": true, "verdict": "REPLICATES"}
[liverun] disarmed frozenbb1 rc 0
