  L7 SOLVED: -4*log(x)*sin(2*x) + 2*cos(2*x)/x
  L7 SOLVED: 4*x*(3*x*cos(3*x) + 2)*exp(sin(3*x))
  L7 SOLVED: 5*(3*(x - 3)*log(3 - x) + (9*x**2 + 1)*atan(3*x))/((x - 3)*(9*x**2 + 1))
  L7 SOLVED: 48*x + 24
  L7 SOLVED: 2*((8*x + 1)*(4*x**2 + 1)*atan(2*x) + 2*(4*x**2 + x + 1)*log(4*x**2 + x + 1))/((4*x**2 + 1)*(4*x**2 + x + 1))
  L7 SOLVED: -12*sin(4*x)
  L7 SOLVED: 3*((5*x + 4)*log(5*x + 4) + 5*(x**2 + 1)*atan(x))/((5*x + 4)*(x**2 + 1))
  L7 SOLVED: 6*(4*x + 1)*cos(log(2*x**2 + x + 3))/(2*x**2 + x + 3)
  L7 SOLVED: -3*tan(3*x)
  L7 SOLVED: -5*tan(x)
  L7 SOLVED: 4*(x*log(x)*cos(x) + 1)*exp(sin(x))/x
  L7 SOLVED: 4*log(x)*sin(x)*sin(cos(x)) + 4*cos(cos(x))/x
  L7 SOLVED: (3*(x + 2)*log(x + 2) + (9*x**2 + 1)*atan(3*x))/((x + 2)*(9*x**2 + 1))
45M champion L7: 13/24
  L8 SOLVED: 5*((3 - 4*x)*sin(log(x*(2*x - 3))) + (2*x - 3)*cos(log(x*(2*x - 3))))/(2*x - 3)
  L8 SOLVED: 8*x*cos(log(4*x**2 + 3))/(4*x**2 + 3)
45M champion L8: 2/24
  L7 SOLVED: -4*log(x)*sin(2*x) + 2*cos(2*x)/x
  L7 SOLVED: 4*x*(3*x*cos(3*x) + 2)*exp(sin(3*x))
  L7 SOLVED: 5*(3*(x - 3)*log(3 - x) + (9*x**2 + 1)*atan(3*x))/((x - 3)*(9*x**2 + 1))
  L7 SOLVED: 48*x + 24
  L7 SOLVED: 2*((8*x + 1)*(4*x**2 + 1)*atan(2*x) + 2*(4*x**2 + x + 1)*log(4*x**2 + x + 1))/((4*x**2 + 1)*(4*x**2 + x + 1))
  L7 SOLVED: -12*sin(4*x)
  L7 SOLVED: 3*((5*x + 4)*log(5*x + 4) + 5*(x**2 + 1)*atan(x))/((5*x + 4)*(x**2 + 1))
  L7 SOLVED: 6*(4*x + 1)*cos(log(2*x**2 + x + 3))/(2*x**2 + x + 3)
  L7 SOLVED: -5*tan(x)
  L7 SOLVED: 4*(x*log(x)*cos(x) + 1)*exp(sin(x))/x
  L7 SOLVED: 4*log(x)*sin(x)*sin(cos(x)) + 4*cos(cos(x))/x
  L7 SOLVED: (3*(x + 2)*log(x + 2) + (9*x**2 + 1)*atan(3*x))/((x + 2)*(9*x**2 + 1))
113M 6-epoch L7: 12/24
  L8 SOLVED: 3*(6*x**2 - 4*x + (2*x + 1)*(3*x - 1)*log(6*x + 3) + 4)/((2*x + 1)*sqrt(3*x**2 - 2*x + 2))
  L8 SOLVED: 5*((3 - 4*x)*sin(log(x*(2*x - 3))) + (2*x - 3)*cos(log(x*(2*x - 3))))/(2*x - 3)
  L8 SOLVED: 3*(5*x**3 + 9*x + 2)/(2*sqrt(x**3 + 3*x + 1))
  L8 SOLVED: 8*x*cos(log(4*x**2 + 3))/(4*x**2 + 3)
  L8 SOLVED: 3*(2*(x + 2)*(8*x - 3) + (4*x**2 - 3*x + 4)*log(4*x**2 - 3*x + 4))/(2*sqrt(x + 2)*(4*x**2 - 3*x + 4))
113M 6-epoch L8: 5/24
  L7 SOLVED: -4*log(x)*sin(2*x) + 2*cos(2*x)/x
  L7 SOLVED: 4*x*(3*x*cos(3*x) + 2)*exp(sin(3*x))
  L7 SOLVED: 48*x + 24
  L7 SOLVED: 2*((8*x + 1)*(4*x**2 + 1)*atan(2*x) + 2*(4*x**2 + x + 1)*log(4*x**2 + x + 1))/((4*x**2 + 1)*(4*x**2 + x + 1))
  L7 SOLVED: -12*sin(4*x)
  L7 SOLVED: 3*((5*x + 4)*log(5*x + 4) + 5*(x**2 + 1)*atan(x))/((5*x + 4)*(x**2 + 1))
  L7 SOLVED: 6*(4*x + 1)*cos(log(2*x**2 + x + 3))/(2*x**2 + x + 3)
  L7 SOLVED: -3*tan(3*x)
  L7 SOLVED: -5*tan(x)
  L7 SOLVED: 4*(x*log(x)*cos(x) + 1)*exp(sin(x))/x
  L7 SOLVED: 4*log(x)*sin(x)*sin(cos(x)) + 4*cos(cos(x))/x
  L7 SOLVED: (3*(x + 2)*log(x + 2) + (9*x**2 + 1)*atan(3*x))/((x + 2)*(9*x**2 + 1))
ternary 6-epoch L7: 12/24
  L8 SOLVED: 5*((3 - 4*x)*sin(log(x*(2*x - 3))) + (2*x - 3)*cos(log(x*(2*x - 3))))/(2*x - 3)
  L8 SOLVED: 3*(5*x**3 + 9*x + 2)/(2*sqrt(x**3 + 3*x + 1))
  L8 SOLVED: 8*x*cos(log(4*x**2 + 3))/(4*x**2 + 3)
  L8 SOLVED: 3*(2*(x + 2)*(8*x - 3) + (4*x**2 - 3*x + 4)*log(4*x**2 - 3*x + 4))/(2*sqrt(x + 2)*(4*x**2 - 3*x + 4))
ternary 6-epoch L8: 4/24
PROBES_DONE
