[curric] D2 excision: 165028 -> 164896 rows
[sg] mode=sg k_bp=4 seed=27 cell=sgq_sg_mlp256_plr3e-05_s27_lr0.0003: stock 164490 seq
[curric] D2 excision: 165028 -> 164896 rows
164896 rows; charset 42; uncovered chars: [':', 'C', 'H', 'I', 'S', '_', 'a', 'b', 'c', 'e']
skipped 388 out-of-language rows (strict encode; historically silently mangled)
164490 sequences, vocab 40
model: 18.9M params on mps [fast: bf16 + token-budget]
[curric] NO-OP PASS: 100 tuples + epoch length 5140 match the trainer path
[sg] stream digests verified stock e0..e2
[sg] frozen backbone: 29 frozen tensors, 30 trainable
[sg] predictors mlp256 x 4 (829952 params) plr 3e-05 seed 1027; constants {"4": 5.463976915041008e-06, "5": 4.4793102230019846e-06, "6": 3.5639423549823054e-06, "7": 2.440559644129858e-06} (audit sha 1d310c41afd2)
[sg] steps_total 15420 (5140/epoch) peak lr 0.0003
[sg] ep0: 5140 batches
  step 200/15420 loss 3.073 (4.6 it/s) pred_mse 0.004 (baseline 0.004) align b4:0.190 b5:0.170 b6:0.143 b7:0.112
  step 400/15420 loss 2.628 (4.7 it/s) pred_mse 0.010 (baseline 0.010) align b4:0.142 b5:0.130 b6:0.127 b7:0.062
  step 600/15420 loss 2.072 (4.7 it/s) pred_mse 0.007 (baseline 0.007) align b4:0.112 b5:0.070 b6:0.053 b7:0.027
  step 800/15420 loss 2.426 (4.7 it/s) pred_mse 0.032 (baseline 0.033) align b4:0.053 b5:0.096 b6:0.059 b7:0.056
  step 1000/15420 loss 1.924 (4.7 it/s) pred_mse 0.003 (baseline 0.003) align b4:0.087 b5:0.075 b6:0.096 b7:0.084
  step 1200/15420 loss 1.707 (4.7 it/s) pred_mse 0.001 (baseline 0.001) align b4:0.050 b5:0.058 b6:0.065 b7:0.061
  step 1400/15420 loss 1.530 (4.8 it/s) pred_mse 0.003 (baseline 0.003) align b4:0.063 b5:0.084 b6:0.057 b7:0.078
  step 1600/15420 loss 1.554 (4.7 it/s) pred_mse 0.002 (baseline 0.002) align b4:0.013 b5:0.044 b6:0.033 b7:0.054
  step 1800/15420 loss 1.809 (4.8 it/s) pred_mse 0.000 (baseline 0.000) align b4:0.042 b5:0.034 b6:0.039 b7:0.042
  step 2000/15420 loss 1.745 (4.8 it/s) pred_mse 0.001 (baseline 0.001) align b4:0.035 b5:0.132 b6:0.102 b7:0.072
  step 2200/15420 loss 1.407 (4.8 it/s) pred_mse 0.001 (baseline 0.001) align b4:-0.021 b5:-0.010 b6:0.015 b7:-0.008
  step 2400/15420 loss 1.520 (4.7 it/s) pred_mse 0.001 (baseline 0.001) align b4:-0.074 b5:-0.062 b6:-0.058 b7:-0.032
  step 2600/15420 loss 1.837 (4.7 it/s) pred_mse 0.000 (baseline 0.000) align b4:0.088 b5:0.128 b6:0.095 b7:0.168
  step 2800/15420 loss 1.576 (4.6 it/s) pred_mse 0.000 (baseline 0.000) align b4:0.020 b5:0.037 b6:0.017 b7:0.020
  step 3000/15420 loss 1.684 (4.6 it/s) pred_mse 0.000 (baseline 0.000) align b4:-0.002 b5:0.007 b6:-0.010 b7:0.031
  step 3200/15420 loss 1.680 (4.4 it/s) pred_mse 0.000 (baseline 0.000) align b4:0.043 b5:0.041 b6:0.073 b7:0.157
  step 3400/15420 loss 2.071 (4.4 it/s) pred_mse 0.000 (baseline 0.000) align b4:-0.012 b5:-0.036 b6:-0.005 b7:-0.004
  step 3600/15420 loss 1.375 (4.4 it/s) pred_mse 0.000 (baseline 0.000) align b4:0.020 b5:0.041 b6:0.055 b7:0.084
  step 3800/15420 loss 1.752 (4.4 it/s) pred_mse 0.001 (baseline 0.001) align b4:0.019 b5:0.042 b6:0.035 b7:0.140
  step 4000/15420 loss 3.044 (4.3 it/s) pred_mse 0.000 (baseline 0.000) align b4:-0.008 b5:0.005 b6:-0.006 b7:-0.008
  step 4200/15420 loss 3.084 (4.4 it/s) pred_mse 0.000 (baseline 0.000) align b4:-0.001 b5:-0.002 b6:-0.002 b7:-0.003
  step 4400/15420 loss 3.113 (4.4 it/s) pred_mse 0.000 (baseline 0.000) align b4:0.001 b5:0.004 b6:-0.003 b7:-0.002
  step 4600/15420 loss 2.983 (4.4 it/s) pred_mse 0.000 (baseline 0.000) align b4:0.005 b5:-0.017 b6:0.004 b7:0.012
  step 4800/15420 loss 3.039 (4.4 it/s) pred_mse 0.000 (baseline 0.000) align b4:0.000 b5:-0.011 b6:0.008 b7:0.010
  step 5000/15420 loss 3.016 (4.4 it/s) pred_mse 0.000 (baseline 0.000) align b4:0.004 b5:-0.029 b6:0.005 b7:0.014
[sg] ep1: 5140 batches
  step 5200/15420 loss 2.958 (4.4 it/s) pred_mse 0.000 (baseline 0.000) align b4:-0.001 b5:0.004 b6:-0.003 b7:-0.007
  step 5400/15420 loss 3.095 (4.4 it/s) pred_mse 0.000 (baseline 0.000) align b4:-0.002 b5:-0.005 b6:-0.009 b7:-0.015
  step 5600/15420 loss 2.999 (4.3 it/s) pred_mse 0.000 (baseline 0.000) align b4:0.005 b5:-0.018 b6:0.001 b7:0.013
  step 5800/15420 loss 3.048 (4.3 it/s) pred_mse 0.000 (baseline 0.000) align b4:0.001 b5:-0.009 b6:-0.009 b7:-0.002
  step 6000/15420 loss 2.969 (4.3 it/s) pred_mse 0.000 (baseline 0.000) align b4:-0.002 b5:-0.007 b6:-0.007 b7:-0.008
  step 6200/15420 loss 2.899 (4.3 it/s) pred_mse 0.000 (baseline 0.000) align b4:-0.001 b5:-0.006 b6:-0.000 b7:-0.002
  step 6400/15420 loss 3.144 (4.3 it/s) pred_mse 0.000 (baseline 0.000) align b4:0.004 b5:-0.014 b6:-0.007 b7:0.003
  step 6600/15420 loss 3.081 (4.2 it/s) pred_mse 0.000 (baseline 0.000) align b4:-0.000 b5:-0.011 b6:0.009 b7:0.019
  step 6800/15420 loss 2.964 (4.3 it/s) pred_mse 0.000 (baseline 0.000) align b4:-0.002 b5:-0.005 b6:-0.005 b7:-0.005
  step 7000/15420 loss 3.002 (4.3 it/s) pred_mse 0.000 (baseline 0.000) align b4:-0.001 b5:-0.007 b6:0.008 b7:0.013
  step 7200/15420 loss 2.949 (4.2 it/s) pred_mse 0.000 (baseline 0.000) align b4:-0.005 b5:-0.012 b6:-0.005 b7:-0.006
  step 7400/15420 loss 3.087 (4.1 it/s) pred_mse 0.000 (baseline 0.000) align b4:0.003 b5:-0.016 b6:0.004 b7:0.011
  step 7600/15420 loss 3.221 (4.1 it/s) pred_mse 0.000 (baseline 0.000) align b4:0.007 b5:0.008 b6:-0.004 b7:0.010
  step 7800/15420 loss 2.884 (4.1 it/s) pred_mse 0.000 (baseline 0.000) align b4:0.002 b5:-0.002 b6:0.003 b7:0.002
  step 8000/15420 loss 2.967 (4.1 it/s) pred_mse 0.000 (baseline 0.000) align b4:-0.002 b5:-0.007 b6:-0.006 b7:-0.002
  step 8200/15420 loss 3.022 (4.2 it/s) pred_mse 0.000 (baseline 0.000) align b4:-0.005 b5:0.011 b6:-0.006 b7:-0.015
  step 8400/15420 loss 3.096 (4.2 it/s) pred_mse 0.000 (baseline 0.000) align b4:0.002 b5:0.005 b6:-0.006 b7:-0.004
  step 8600/15420 loss 2.978 (4.2 it/s) pred_mse 0.000 (baseline 0.000) align b4:-0.003 b5:-0.004 b6:-0.005 b7:-0.006
  step 8800/15420 loss 3.057 (4.1 it/s) pred_mse 0.000 (baseline 0.000) align b4:0.005 b5:0.011 b6:0.005 b7:0.007
  step 9000/15420 loss 3.003 (4.1 it/s) pred_mse 0.000 (baseline 0.000) align b4:0.005 b5:-0.007 b6:-0.001 b7:0.001
  step 9200/15420 loss 2.952 (4.1 it/s) pred_mse 0.000 (baseline 0.000) align b4:-0.002 b5:-0.007 b6:-0.004 b7:-0.006
  step 9400/15420 loss 3.007 (4.1 it/s) pred_mse 0.000 (baseline 0.000) align b4:0.011 b5:0.001 b6:0.010 b7:0.009
  step 9600/15420 loss 2.911 (4.1 it/s) pred_mse 0.000 (baseline 0.000) align b4:0.000 b5:0.022 b6:0.002 b7:0.001
  step 9800/15420 loss 3.188 (4.1 it/s) pred_mse 0.000 (baseline 0.000) align b4:0.009 b5:-0.010 b6:0.071 b7:-0.218
  step 10000/15420 loss 2.983 (4.1 it/s) pred_mse 0.000 (baseline 0.000) align b4:-0.017 b5:0.033 b6:0.002 b7:-0.001
  step 10200/15420 loss 2.992 (4.1 it/s) pred_mse 0.000 (baseline 0.000) align b4:-0.028 b5:0.033 b6:-0.018 b7:0.002
[sg] ep2: 5140 batches
  step 10400/15420 loss 3.055 (4.1 it/s) pred_mse 0.000 (baseline 0.000) align b4:0.008 b5:-0.024 b6:0.001 b7:-0.003
  step 10600/15420 loss 2.971 (4.0 it/s) pred_mse 0.000 (baseline 0.000) align b4:-0.004 b5:0.011 b6:-0.005 b7:0.005
  step 10800/15420 loss 3.044 (4.0 it/s) pred_mse 0.000 (baseline 0.000) align b4:-0.020 b5:0.030 b6:-0.027 b7:-0.008
  step 11000/15420 loss 3.073 (4.0 it/s) pred_mse 0.000 (baseline 0.000) align b4:-0.006 b5:0.010 b6:-0.004 b7:0.018
  step 11200/15420 loss 2.910 (4.0 it/s) pred_mse 0.000 (baseline 0.000) align b4:0.005 b5:-0.005 b6:0.016 b7:-0.015
  step 11400/15420 loss 2.939 (4.0 it/s) pred_mse 0.000 (baseline 0.000) align b4:0.000 b5:0.001 b6:0.005 b7:-0.005
  step 11600/15420 loss 2.987 (4.0 it/s) pred_mse 0.000 (baseline 0.000) align b4:0.000 b5:0.007 b6:0.006 b7:0.005
  step 11800/15420 loss 3.098 (3.8 it/s) pred_mse 0.000 (baseline 0.000) align b4:0.008 b5:-0.002 b6:-0.023 b7:0.012
  step 12000/15420 loss 2.970 (3.8 it/s) pred_mse 0.000 (baseline 0.000) align b4:0.000 b5:0.009 b6:0.002 b7:-0.001
  step 12200/15420 loss 2.974 (3.8 it/s) pred_mse 0.000 (baseline 0.000) align b4:0.005 b5:0.009 b6:0.001 b7:-0.001
  step 12400/15420 loss 2.969 (3.7 it/s) pred_mse 0.000 (baseline 0.000) align b4:-0.021 b5:-0.007 b6:0.007 b7:-0.004
  step 12600/15420 loss 3.058 (3.7 it/s) pred_mse 0.000 (baseline 0.000) align b4:0.009 b5:0.003 b6:0.002 b7:0.003
  step 12800/15420 loss 2.976 (3.7 it/s) pred_mse 0.000 (baseline 0.000) align b4:-0.015 b5:-0.006 b6:-0.004 b7:0.004
  step 13000/15420 loss 2.983 (3.7 it/s) pred_mse 0.000 (baseline 0.000) align b4:0.025 b5:0.012 b6:0.009 b7:-0.001
  step 13200/15420 loss 2.970 (3.6 it/s) pred_mse 0.000 (baseline 0.000) align b4:0.009 b5:0.008 b6:0.007 b7:0.002
  step 13400/15420 loss 2.968 (3.6 it/s) pred_mse 0.000 (baseline 0.000) align b4:-0.021 b5:-0.005 b6:-0.008 b7:-0.001
  step 13600/15420 loss 2.948 (3.6 it/s) pred_mse 0.000 (baseline 0.000) align b4:0.100 b5:0.069 b6:0.071 b7:-0.001
  step 13800/15420 loss 3.185 (3.6 it/s) pred_mse 0.000 (baseline 0.000) align b4:0.161 b5:0.130 b6:0.135 b7:0.015
  step 14000/15420 loss 2.962 (3.6 it/s) pred_mse 0.000 (baseline 0.000) align b4:0.025 b5:0.024 b6:0.023 b7:-0.001
  step 14200/15420 loss 2.990 (3.5 it/s) pred_mse 0.000 (baseline 0.000) align b4:-0.005 b5:-0.004 b6:-0.004 b7:0.002
  step 14400/15420 loss 3.075 (3.5 it/s) pred_mse 0.000 (baseline 0.000) align b4:0.001 b5:-0.001 b6:-0.001 b7:-0.001
  step 14600/15420 loss 2.948 (3.5 it/s) pred_mse 0.000 (baseline 0.000) align b4:0.016 b5:0.017 b6:0.016 b7:-0.001
  step 14800/15420 loss 3.042 (3.5 it/s) pred_mse 0.000 (baseline 0.000) align b4:0.081 b5:0.078 b6:0.077 b7:0.009
  step 15000/15420 loss 3.003 (3.5 it/s) pred_mse 0.000 (baseline 0.000) align b4:0.048 b5:0.045 b6:0.045 b7:0.005
  step 15200/15420 loss 3.120 (3.5 it/s) pred_mse 0.000 (baseline 0.000) align b4:-0.083 b5:-0.083 b6:-0.081 b7:-0.002
  step 15400/15420 loss 2.808 (3.5 it/s) pred_mse 0.000 (baseline 0.000) align b4:0.007 b5:0.008 b6:0.010 b7:-0.007
[sg] freeze law verified: 29 tensors bit-identical to W_0
[sg] saved checkpoints/sgwriter1/sgq_sg_mlp256_plr3e-05_s27_lr0.0003/final.pt after 15420 steps (4381s)
[sg] receipt appended to logs/sgwriter1/qual.jsonl (final state_digest fa3ac77f4c3379f8)
