[curric] D2 excision: 165028 -> 164896 rows
[sg] mode=sg k_bp=4 seed=27 cell=sgq_sg_mlp256_plr0.0003_s27_lr0.0003: stock 164490 seq
[curric] D2 excision: 165028 -> 164896 rows
164896 rows; charset 42; uncovered chars: [':', 'C', 'H', 'I', 'S', '_', 'a', 'b', 'c', 'e']
skipped 388 out-of-language rows (strict encode; historically silently mangled)
164490 sequences, vocab 40
model: 18.9M params on mps [fast: bf16 + token-budget]
[curric] NO-OP PASS: 100 tuples + epoch length 5140 match the trainer path
[sg] stream digests verified stock e0..e2
[sg] frozen backbone: 29 frozen tensors, 30 trainable
[sg] predictors mlp256 x 4 (829952 params) plr 0.0003 seed 1027; constants {"4": 5.463976915041008e-06, "5": 4.4793102230019846e-06, "6": 3.5639423549823054e-06, "7": 2.440559644129858e-06} (audit sha 1d310c41afd2)
[sg] steps_total 15420 (5140/epoch) peak lr 0.0003
[sg] ep0: 5140 batches
  step 200/15420 loss 2.429 (4.7 it/s) pred_mse 0.277 (baseline 0.288) align b4:0.215 b5:0.227 b6:0.194 b7:0.191
  step 400/15420 loss 2.186 (4.7 it/s) pred_mse 0.001 (baseline 0.000) align b4:0.100 b5:-0.008 b6:0.023 b7:0.010
  step 600/15420 loss 2.999 (4.7 it/s) pred_mse 0.000 (baseline 0.000) align b4:-0.005 b5:0.004 b6:0.003 b7:0.005
  step 800/15420 loss 3.179 (4.7 it/s) pred_mse 0.000 (baseline 0.000) align b4:-0.004 b5:0.007 b6:0.024 b7:0.036
  step 1000/15420 loss 3.138 (4.8 it/s) pred_mse 0.000 (baseline 0.000) align b4:0.003 b5:-0.003 b6:-0.002 b7:-0.006
  step 1200/15420 loss 3.037 (4.8 it/s) pred_mse 0.000 (baseline 0.000) align b4:-0.003 b5:0.003 b6:-0.004 b7:-0.004
  step 1400/15420 loss 2.978 (4.8 it/s) pred_mse 0.000 (baseline 0.000) align b4:0.001 b5:-0.003 b6:-0.008 b7:-0.011
  step 1600/15420 loss 2.978 (4.8 it/s) pred_mse 0.000 (baseline 0.000) align b4:-0.000 b5:-0.003 b6:-0.008 b7:-0.010
  step 1800/15420 loss 3.020 (4.8 it/s) pred_mse 0.000 (baseline 0.000) align b4:-0.004 b5:0.001 b6:-0.010 b7:-0.017
  step 2000/15420 loss 2.910 (4.8 it/s) pred_mse 0.000 (baseline 0.000) align b4:0.002 b5:-0.001 b6:-0.008 b7:-0.015
  step 2200/15420 loss 2.873 (4.9 it/s) pred_mse 0.000 (baseline 0.000) align b4:0.007 b5:0.001 b6:-0.002 b7:-0.007
  step 2400/15420 loss 2.909 (4.8 it/s) pred_mse 0.000 (baseline 0.000) align b4:0.005 b5:-0.001 b6:-0.001 b7:-0.006
  step 2600/15420 loss 2.983 (4.8 it/s) pred_mse 0.000 (baseline 0.000) align b4:-0.006 b5:0.002 b6:-0.005 b7:-0.012
  step 2800/15420 loss 3.082 (4.6 it/s) pred_mse 0.000 (baseline 0.000) align b4:-0.003 b5:0.008 b6:0.002 b7:0.002
  step 3000/15420 loss 2.956 (4.6 it/s) pred_mse 0.000 (baseline 0.000) align b4:-0.004 b5:0.008 b6:0.000 b7:-0.008
  step 3200/15420 loss 3.036 (4.4 it/s) pred_mse 0.000 (baseline 0.000) align b4:-0.009 b5:-0.001 b6:-0.004 b7:-0.012
  step 3400/15420 loss 3.203 (4.4 it/s) pred_mse 0.000 (baseline 0.000) align b4:-0.005 b5:0.004 b6:0.001 b7:-0.001
  step 3600/15420 loss 2.914 (4.4 it/s) pred_mse 0.000 (baseline 0.000) align b4:0.003 b5:0.003 b6:0.003 b7:0.002
  step 3800/15420 loss 2.887 (4.4 it/s) pred_mse 0.000 (baseline 0.000) align b4:0.004 b5:-0.000 b6:-0.001 b7:0.001
  step 4000/15420 loss 3.063 (4.2 it/s) pred_mse 0.000 (baseline 0.000) align b4:-0.005 b5:-0.005 b6:-0.004 b7:-0.005
  step 4200/15420 loss 3.124 (4.2 it/s) pred_mse 0.000 (baseline 0.000) align b4:-0.003 b5:-0.004 b6:0.000 b7:-0.001
  step 4400/15420 loss 3.146 (4.2 it/s) pred_mse 0.000 (baseline 0.000) align b4:-0.004 b5:-0.005 b6:-0.003 b7:0.001
  step 4600/15420 loss 2.954 (4.3 it/s) pred_mse 0.000 (baseline 0.000) align b4:-0.000 b5:0.004 b6:0.004 b7:0.002
  step 4800/15420 loss 3.010 (4.3 it/s) pred_mse 0.000 (baseline 0.000) align b4:-0.001 b5:-0.003 b6:0.003 b7:-0.005
  step 5000/15420 loss 3.069 (4.3 it/s) pred_mse 0.000 (baseline 0.000) align b4:-0.020 b5:-0.002 b6:0.008 b7:0.003
[sg] ep1: 5140 batches
  step 5200/15420 loss 3.007 (4.3 it/s) pred_mse 0.000 (baseline 0.000) align b4:0.036 b5:0.017 b6:0.004 b7:0.003
  step 5400/15420 loss 3.119 (4.3 it/s) pred_mse 0.000 (baseline 0.000) align b4:0.035 b5:0.027 b6:0.010 b7:0.002
  step 5600/15420 loss 2.952 (4.2 it/s) pred_mse 0.000 (baseline 0.000) align b4:-0.084 b5:-0.083 b6:-0.060 b7:-0.001
  step 5800/15420 loss 3.047 (4.2 it/s) pred_mse 0.000 (baseline 0.000) align b4:-0.081 b5:-0.081 b6:-0.077 b7:-0.001
  step 6000/15420 loss 2.967 (4.2 it/s) pred_mse 0.000 (baseline 0.000) align b4:0.018 b5:0.018 b6:0.017 b7:0.004
  step 6200/15420 loss 2.894 (4.2 it/s) pred_mse 0.000 (baseline 0.000) align b4:0.039 b5:0.038 b6:0.038 b7:0.008
  step 6400/15420 loss 3.092 (4.2 it/s) pred_mse 0.000 (baseline 0.000) align b4:-0.079 b5:-0.080 b6:-0.079 b7:-0.030
  step 6600/15420 loss 3.050 (4.2 it/s) pred_mse 0.000 (baseline 0.000) align b4:0.005 b5:0.004 b6:-0.001 b7:-0.011
  step 6800/15420 loss 2.955 (4.2 it/s) pred_mse 0.000 (baseline 0.000) align b4:0.007 b5:0.008 b6:0.007 b7:0.006
  step 7000/15420 loss 2.974 (4.2 it/s) pred_mse 0.000 (baseline 0.000) align b4:-0.014 b5:-0.012 b6:-0.013 b7:-0.014
  step 7200/15420 loss 2.937 (4.1 it/s) pred_mse 0.000 (baseline 0.000) align b4:-0.010 b5:-0.008 b6:-0.007 b7:-0.006
  step 7400/15420 loss 3.011 (4.0 it/s) pred_mse 0.000 (baseline 0.000) align b4:-0.058 b5:-0.056 b6:-0.057 b7:-0.057
  step 7600/15420 loss 3.165 (4.0 it/s) pred_mse 0.000 (baseline 0.000) align b4:-0.081 b5:-0.086 b6:-0.084 b7:0.004
  step 7800/15420 loss 2.927 (4.0 it/s) pred_mse 0.000 (baseline 0.000) align b4:0.076 b5:0.075 b6:0.074 b7:0.070
  step 8000/15420 loss 2.959 (4.0 it/s) pred_mse 0.000 (baseline 0.000) align b4:-0.013 b5:-0.013 b6:-0.015 b7:-0.016
  step 8200/15420 loss 3.090 (4.0 it/s) pred_mse 0.000 (baseline 0.000) align b4:0.107 b5:0.106 b6:0.109 b7:0.115
  step 8400/15420 loss 3.092 (4.1 it/s) pred_mse 0.000 (baseline 0.000) align b4:0.006 b5:0.001 b6:0.000 b7:0.001
  step 8600/15420 loss 2.966 (4.1 it/s) pred_mse 0.000 (baseline 0.000) align b4:-0.020 b5:-0.018 b6:-0.017 b7:-0.015
  step 8800/15420 loss 3.063 (4.0 it/s) pred_mse 0.000 (baseline 0.000) align b4:0.038 b5:0.035 b6:0.033 b7:0.032
  step 9000/15420 loss 2.987 (3.9 it/s) pred_mse 0.000 (baseline 0.000) align b4:-0.051 b5:-0.055 b6:-0.057 b7:-0.058
  step 9200/15420 loss 2.957 (4.0 it/s) pred_mse 0.000 (baseline 0.000) align b4:0.022 b5:0.022 b6:0.021 b7:0.018
  step 9400/15420 loss 3.004 (4.0 it/s) pred_mse 0.000 (baseline 0.000) align b4:0.002 b5:0.001 b6:-0.001 b7:0.015
  step 9600/15420 loss 2.901 (4.0 it/s) pred_mse 0.000 (baseline 0.000) align b4:0.007 b5:0.016 b6:0.030 b7:0.048
  step 9800/15420 loss 2.881 (4.0 it/s) pred_mse 0.000 (baseline 0.000) align b4:-0.053 b5:-0.056 b6:-0.059 b7:-0.061
  step 10000/15420 loss 2.979 (4.0 it/s) pred_mse 0.000 (baseline 0.000) align b4:0.012 b5:0.014 b6:0.014 b7:0.014
  step 10200/15420 loss 3.042 (4.0 it/s) pred_mse 0.000 (baseline 0.000) align b4:0.086 b5:0.083 b6:0.087 b7:0.091
[sg] ep2: 5140 batches
  step 10400/15420 loss 3.039 (4.0 it/s) pred_mse 0.000 (baseline 0.000) align b4:-0.067 b5:-0.068 b6:-0.066 b7:-0.065
  step 10600/15420 loss 3.000 (3.9 it/s) pred_mse 0.000 (baseline 0.000) align b4:0.066 b5:0.065 b6:0.065 b7:0.065
  step 10800/15420 loss 3.081 (3.9 it/s) pred_mse 0.000 (baseline 0.000) align b4:0.148 b5:0.149 b6:0.151 b7:0.152
  step 11000/15420 loss 3.064 (3.9 it/s) pred_mse 0.000 (baseline 0.000) align b4:-0.016 b5:-0.009 b6:-0.003 b7:0.007
  step 11200/15420 loss 2.913 (3.9 it/s) pred_mse 0.000 (baseline 0.000) align b4:-0.072 b5:-0.067 b6:-0.068 b7:-0.069
  step 11400/15420 loss 2.939 (3.9 it/s) pred_mse 0.000 (baseline 0.000) align b4:0.001 b5:0.001 b6:-0.000 b7:-0.003
  step 11600/15420 loss 2.987 (3.9 it/s) pred_mse 0.000 (baseline 0.000) align b4:-0.006 b5:-0.004 b6:-0.004 b7:-0.006
  step 11800/15420 loss 3.101 (3.7 it/s) pred_mse 0.000 (baseline 0.000) align b4:0.124 b5:0.118 b6:0.116 b7:0.114
  step 12000/15420 loss 2.968 (3.7 it/s) pred_mse 0.000 (baseline 0.000) align b4:0.015 b5:0.013 b6:0.011 b7:0.010
  step 12200/15420 loss 2.974 (3.7 it/s) pred_mse 0.000 (baseline 0.000) align b4:0.014 b5:0.014 b6:0.016 b7:0.018
  step 12400/15420 loss 2.968 (3.6 it/s) pred_mse 0.000 (baseline 0.000) align b4:-0.067 b5:-0.060 b6:-0.058 b7:-0.056
  step 12600/15420 loss 3.057 (3.6 it/s) pred_mse 0.000 (baseline 0.000) align b4:0.027 b5:0.024 b6:0.023 b7:0.024
  step 12800/15420 loss 2.977 (3.6 it/s) pred_mse 0.000 (baseline 0.000) align b4:0.004 b5:0.002 b6:-0.002 b7:-0.008
  step 13000/15420 loss 2.983 (3.6 it/s) pred_mse 0.000 (baseline 0.000) align b4:0.027 b5:0.027 b6:0.026 b7:0.026
  step 13200/15420 loss 2.970 (3.5 it/s) pred_mse 0.000 (baseline 0.000) align b4:0.007 b5:0.007 b6:0.005 b7:0.002
  step 13400/15420 loss 2.968 (3.5 it/s) pred_mse 0.000 (baseline 0.000) align b4:-0.036 b5:-0.036 b6:-0.037 b7:-0.037
  step 13600/15420 loss 2.948 (3.5 it/s) pred_mse 0.000 (baseline 0.000) align b4:0.043 b5:0.050 b6:0.061 b7:0.073
  step 13800/15420 loss 3.184 (3.5 it/s) pred_mse 0.000 (baseline 0.000) align b4:0.097 b5:0.079 b6:0.075 b7:0.084
  step 14000/15420 loss 2.962 (3.5 it/s) pred_mse 0.000 (baseline 0.000) align b4:0.005 b5:0.011 b6:0.018 b7:0.021
  step 14200/15420 loss 2.990 (3.5 it/s) pred_mse 0.000 (baseline 0.000) align b4:-0.004 b5:-0.002 b6:-0.000 b7:0.001
  step 14400/15420 loss 3.074 (3.5 it/s) pred_mse 0.000 (baseline 0.000) align b4:-0.005 b5:-0.007 b6:-0.007 b7:-0.007
  step 14600/15420 loss 2.948 (3.4 it/s) pred_mse 0.000 (baseline 0.000) align b4:-0.002 b5:0.000 b6:0.001 b7:0.000
  step 14800/15420 loss 3.042 (3.4 it/s) pred_mse 0.000 (baseline 0.000) align b4:0.078 b5:0.072 b6:0.072 b7:0.072
  step 15000/15420 loss 3.003 (3.4 it/s) pred_mse 0.000 (baseline 0.000) align b4:0.050 b5:0.049 b6:0.049 b7:0.051
  step 15200/15420 loss 3.121 (3.4 it/s) pred_mse 0.000 (baseline 0.000) align b4:-0.038 b5:-0.030 b6:-0.029 b7:-0.031
  step 15400/15420 loss 2.808 (3.4 it/s) pred_mse 0.000 (baseline 0.000) align b4:-0.018 b5:-0.010 b6:-0.010 b7:-0.012
[sg] freeze law verified: 29 tensors bit-identical to W_0
[sg] saved checkpoints/sgwriter1/sgq_sg_mlp256_plr0.0003_s27_lr0.0003/final.pt after 15420 steps (4550s)
[sg] receipt appended to logs/sgwriter1/qual.jsonl (final state_digest 6a5e1f6ea731b843)
