[umoe] ARM=soft seed=3 dev=cuda params 0.93M aux=0.0
[p3-r5] D2 excision: 132870 -> 132741 rows (129 band-touching excised)
/home/a/code/llmopt/scratch/umoe_conserve.py:419: UserWarning: Converting a tensor with requires_grad=True to a scalar may lead to unexpected behavior.
Consider using tensor.detach() first. (Triggered internally at /__w/pytorch/pytorch/torch/csrc/autograd/generated/python_variable_methods.cpp:822.)
  print(f"  ep{ep} step {step} loss {float(loss):.3f}",
  ep0 step 500 loss 0.768
  ep0 step 1000 loss 0.727
  ep0 step 1500 loss 0.505
  ep0 step 2000 loss 0.229
  ep0 step 2500 loss 0.461
  ep0 step 3000 loss 0.893
  ep0 step 3500 loss 0.634
  ep0 step 4000 loss 0.412
  ep0 step 4500 loss 0.549
  ep0 step 5000 loss 0.448
  ep0 step 5500 loss 0.314
  ep0 step 6000 loss 0.589
  ep0 step 6500 loss 0.237
  ep0 step 7000 loss 0.312
  ep0 step 7500 loss 0.253
  ep0 step 8000 loss 0.405
  ep0 step 8500 loss 0.416
  ep0 step 9000 loss 0.751
  ep0 step 9500 loss 0.424
  ep0 step 10000 loss 0.447
  ep0 step 10500 loss 0.425
  ep0 step 11000 loss 0.516
  ep0 step 11500 loss 0.423
  ep0 step 12000 loss 0.394
  ep0 step 12500 loss 0.313
  ep0 step 13000 loss 0.281
  ep0 step 13500 loss 0.373
  ep0 step 14000 loss 0.418
  ep0 step 14500 loss 0.594
  ep0 step 15000 loss 0.418
  ep0 step 15500 loss 0.400
  ep0 step 16000 loss 0.423
  ep0 step 16500 loss 0.356
  ep1 step 17000 loss 0.334
  ep1 step 17500 loss 0.407
  ep1 step 18000 loss 0.250
  ep1 step 18500 loss 0.370
  ep1 step 19000 loss 0.414
  ep1 step 19500 loss 0.393
  ep1 step 20000 loss 0.368
  ep1 step 20500 loss 0.397
  ep1 step 21000 loss 0.425
  ep1 step 21500 loss 0.395
  ep1 step 22000 loss 0.337
  ep1 step 22500 loss 0.435
  ep1 step 23000 loss 0.367
  ep1 step 23500 loss 0.377
  ep1 step 24000 loss 0.500
  ep1 step 24500 loss 0.580
  ep1 step 25000 loss 0.380
  ep1 step 25500 loss 0.343
  ep1 step 26000 loss 0.255
  ep1 step 26500 loss 0.381
  ep1 step 27000 loss 0.475
  ep1 step 27500 loss 0.379
  ep1 step 28000 loss 0.424
  ep1 step 28500 loss 0.224
  ep1 step 29000 loss 0.236
  ep1 step 29500 loss 0.266
  ep1 step 30000 loss 0.383
  ep1 step 30500 loss 0.261
  ep1 step 31000 loss 0.401
  ep1 step 31500 loss 0.350
  ep1 step 32000 loss 0.436
  ep1 step 32500 loss 0.365
  ep1 step 33000 loss 0.377
  ep2 step 33500 loss 0.316
  ep2 step 34000 loss 0.238
  ep2 step 34500 loss 0.216
  ep2 step 35000 loss 0.385
  ep2 step 35500 loss 0.377
  ep2 step 36000 loss 0.296
  ep2 step 36500 loss 0.377
  ep2 step 37000 loss 0.353
  ep2 step 37500 loss 0.368
  ep2 step 38000 loss 0.308
  ep2 step 38500 loss 0.377
  ep2 step 39000 loss 0.377
  ep2 step 39500 loss 0.247
  ep2 step 40000 loss 0.342
  ep2 step 40500 loss 0.322
  ep2 step 41000 loss 0.508
  ep2 step 41500 loss 0.372
  ep2 step 42000 loss 0.270
  ep2 step 42500 loss 0.328
  ep2 step 43000 loss 0.373
  ep2 step 43500 loss 0.375
  ep2 step 44000 loss 0.416
  ep2 step 44500 loss 0.520
  ep2 step 45000 loss 0.497
  ep2 step 45500 loss 0.413
  ep2 step 46000 loss 0.360
  ep2 step 46500 loss 0.343
  ep2 step 47000 loss 0.336
  ep2 step 47500 loss 0.376
  ep2 step 48000 loss 0.310
  ep2 step 48500 loss 0.263
  ep2 step 49000 loss 0.401
  ep2 step 49500 loss 0.391
[gate] weights sha 6d58580e27812f8d
[gate] ARM=soft solves {3: 17, 4: 5, 5: 15, 6: 7, 7: 9}/120 valid 48.455882352941174
[probe corr] per-block mean pairwise expert corr: [0.003, 0.004, 0.009, -0.004, 0.009, 0.009, 0.011, 0.009] | mean 0.0062
[probe usage] L0 expert shares [0.176, 0.173, 0.389, 0.262]
[probe MI] adjacent-layer MI [0.112, 0.1569, 0.1359, 0.1922, 0.137, 0.1057, 0.1069] | shuffle [0.0003, 0.0004, 0.0005, 0.0001, 0.0005, 0.0006, 0.0001] | ratio 366.8x
[probe meter] experts M=1.56 kurt=3.83 (0.79M params)
