[umoe] ARM=soft seed=2 dev=cuda params 0.93M aux=0.0
[p3-r5] D2 excision: 132870 -> 132741 rows (129 band-touching excised)
/home/a/code/llmopt/scratch/umoe_conserve.py:419: UserWarning: Converting a tensor with requires_grad=True to a scalar may lead to unexpected behavior.
Consider using tensor.detach() first. (Triggered internally at /__w/pytorch/pytorch/torch/csrc/autograd/generated/python_variable_methods.cpp:822.)
  print(f"  ep{ep} step {step} loss {float(loss):.3f}",
  ep0 step 500 loss 0.829
  ep0 step 1000 loss 0.753
  ep0 step 1500 loss 0.504
  ep0 step 2000 loss 0.683
  ep0 step 2500 loss 0.479
  ep0 step 3000 loss 0.877
  ep0 step 3500 loss 0.590
  ep0 step 4000 loss 0.414
  ep0 step 4500 loss 0.506
  ep0 step 5000 loss 0.431
  ep0 step 5500 loss 0.328
  ep0 step 6000 loss 0.563
  ep0 step 6500 loss 0.266
  ep0 step 7000 loss 0.285
  ep0 step 7500 loss 0.264
  ep0 step 8000 loss 0.443
  ep0 step 8500 loss 0.413
  ep0 step 9000 loss 0.660
  ep0 step 9500 loss 0.456
  ep0 step 10000 loss 0.443
  ep0 step 10500 loss 0.408
  ep0 step 11000 loss 0.527
  ep0 step 11500 loss 0.433
  ep0 step 12000 loss 0.393
  ep0 step 12500 loss 0.254
  ep0 step 13000 loss 0.284
  ep0 step 13500 loss 0.383
  ep0 step 14000 loss 0.414
  ep0 step 14500 loss 0.634
  ep0 step 15000 loss 0.419
  ep0 step 15500 loss 0.381
  ep0 step 16000 loss 0.412
  ep0 step 16500 loss 0.355
  ep1 step 17000 loss 0.323
  ep1 step 17500 loss 0.369
  ep1 step 18000 loss 0.246
  ep1 step 18500 loss 0.380
  ep1 step 19000 loss 0.413
  ep1 step 19500 loss 0.371
  ep1 step 20000 loss 0.328
  ep1 step 20500 loss 0.397
  ep1 step 21000 loss 0.410
  ep1 step 21500 loss 0.388
  ep1 step 22000 loss 0.337
  ep1 step 22500 loss 0.409
  ep1 step 23000 loss 0.360
  ep1 step 23500 loss 0.386
  ep1 step 24000 loss 0.493
  ep1 step 24500 loss 0.571
  ep1 step 25000 loss 0.386
  ep1 step 25500 loss 0.358
  ep1 step 26000 loss 0.248
  ep1 step 26500 loss 0.386
  ep1 step 27000 loss 0.453
  ep1 step 27500 loss 0.384
  ep1 step 28000 loss 0.470
  ep1 step 28500 loss 0.224
  ep1 step 29000 loss 0.237
  ep1 step 29500 loss 0.285
  ep1 step 30000 loss 0.380
  ep1 step 30500 loss 0.265
  ep1 step 31000 loss 0.406
  ep1 step 31500 loss 0.348
  ep1 step 32000 loss 0.460
  ep1 step 32500 loss 0.357
  ep1 step 33000 loss 0.383
  ep2 step 33500 loss 0.305
  ep2 step 34000 loss 0.245
  ep2 step 34500 loss 0.223
  ep2 step 35000 loss 0.449
  ep2 step 35500 loss 0.359
  ep2 step 36000 loss 0.302
  ep2 step 36500 loss 0.364
  ep2 step 37000 loss 0.356
  ep2 step 37500 loss 0.367
  ep2 step 38000 loss 0.307
  ep2 step 38500 loss 0.376
  ep2 step 39000 loss 0.371
  ep2 step 39500 loss 0.250
  ep2 step 40000 loss 0.350
  ep2 step 40500 loss 0.349
  ep2 step 41000 loss 0.515
  ep2 step 41500 loss 0.342
  ep2 step 42000 loss 0.289
  ep2 step 42500 loss 0.330
  ep2 step 43000 loss 0.372
  ep2 step 43500 loss 0.370
  ep2 step 44000 loss 0.424
  ep2 step 44500 loss 0.485
  ep2 step 45000 loss 0.541
  ep2 step 45500 loss 0.404
  ep2 step 46000 loss 0.351
  ep2 step 46500 loss 0.336
  ep2 step 47000 loss 0.333
  ep2 step 47500 loss 0.380
  ep2 step 48000 loss 0.328
  ep2 step 48500 loss 0.301
  ep2 step 49000 loss 0.400
  ep2 step 49500 loss 0.390
[gate] weights sha 060bd0cfa3d29857
[gate] ARM=soft solves {3: 21, 4: 5, 5: 15, 6: 7, 7: 11}/120 valid 53.28947368421053
[probe corr] per-block mean pairwise expert corr: [0.006, 0.009, 0.008, 0.012, 0.003, 0.006, 0.004, 0.009] | mean 0.0071
[probe usage] L0 expert shares [0.35, 0.116, 0.219, 0.315]
[probe MI] adjacent-layer MI [0.1752, 0.1532, 0.091, 0.1351, 0.1767, 0.0543, 0.1074] | shuffle [0.0003, 0.0008, 0.0003, 0.0002, 0.0003, 0.0011, 0.0002] | ratio 275.6x
[probe meter] experts M=1.53 kurt=3.93 (0.79M params)
