[wd0s] experts 256 | smoke False | budget 1,711,276,032 B
[wd0s] arm S1-T         1,660,944,418 B <= 1,711,276,032 ? True (2.0625 bpw)
[wd0s] arm S1-U4        1,660,944,419 B <= 1,711,276,032 ? True (2.0625 bpw)
[wd0s] arm S2           1,660,944,440 B <= 1,711,276,032 ? True (2.0625 bpw)
[wd0s] arm W32          1,661,337,652 B <= 1,711,276,032 ? True (2.0630 bpw)
[wd0s] arm W32-shuf20260816 1,661,337,676 B <= 1,711,276,032 ? True (2.0630 bpw)
[wd0s] arm W32-shuf20260817 1,661,337,676 B <= 1,711,276,032 ? True (2.0630 bpw)
[wd0s] arm W32-shuf20260818 1,661,337,676 B <= 1,711,276,032 ? True (2.0630 bpw)
[wd0s] arm W4           1,660,950,579 B <= 1,711,276,032 ? True (2.0625 bpw)
[wd0s] arm W4-shuf20260816 1,660,950,603 B <= 1,711,276,032 ? True (2.0625 bpw)
[wd0s] arm W8           1,660,969,011 B <= 1,711,276,032 ? True (2.0625 bpw)
[wd0s] arm W8-shuf20260816 1,660,969,035 B <= 1,711,276,032 ? True (2.0625 bpw)
  [pass1] 16/256 (204 MiB, 143s)
  [pass1] 32/256 (408 MiB, 283s)
  [pass1] 48/256 (612 MiB, 421s)
  [pass1] 64/256 (816 MiB, 557s)
  [pass1] 80/256 (1020 MiB, 695s)
  [pass1] 96/256 (1224 MiB, 838s)
  [pass1] 112/256 (1428 MiB, 988s)
  [pass1] 128/256 (1632 MiB, 1133s)
  [pass1] 144/256 (1836 MiB, 1278s)
  [pass1] 160/256 (2040 MiB, 1416s)
  [pass1] 176/256 (2244 MiB, 1555s)
  [pass1] 192/256 (2448 MiB, 1693s)
  [pass1] 208/256 (2652 MiB, 1828s)
  [pass1] 224/256 (2856 MiB, 1966s)
  [pass1] 240/256 (3060 MiB, 2105s)
  [pass1] 256/256 (3264 MiB, 2243s)
[wd0s] PASS1 2243s fetched 3264 MiB
[wd0s] S2 DP levels w1: [-0.62353515625, -0.2171630859375, 0.11419677734375, 0.52099609375]
[wd0s] S2 DP levels w3: [-0.52587890625, -0.114013671875, 0.2158203125, 0.62890625]
[wd0s] S2 DP levels w2: [-0.62939453125, -0.2159423828125, 0.1136474609375, 0.52734375]
  [vq] W4/w1 stage 1/1 (6s)
  [vq] W4/w3 stage 1/1 (11s)
  [vq] W4/w2 stage 1/1 (17s)
  [vq] W4-shuf20260816/w1 stage 1/1 (23s)
  [vq] W4-shuf20260816/w3 stage 1/1 (28s)
  [vq] W4-shuf20260816/w2 stage 1/1 (34s)
  [vq] W8/w1 stage 1/2 (40s)
  [vq] W8/w1 stage 2/2 (46s)
  [vq] W8/w3 stage 1/2 (52s)
  [vq] W8/w3 stage 2/2 (58s)
  [vq] W8/w2 stage 1/2 (64s)
  [vq] W8/w2 stage 2/2 (70s)
  [vq] W8-shuf20260816/w1 stage 1/2 (76s)
  [vq] W8-shuf20260816/w1 stage 2/2 (82s)
  [vq] W8-shuf20260816/w3 stage 1/2 (88s)
  [vq] W8-shuf20260816/w3 stage 2/2 (94s)
  [vq] W8-shuf20260816/w2 stage 1/2 (100s)
  [vq] W8-shuf20260816/w2 stage 2/2 (106s)
  [vq] W32/w1 stage 1/8 (114s)
  [vq] W32/w1 stage 2/8 (123s)
  [vq] W32/w1 stage 3/8 (131s)
  [vq] W32/w1 stage 4/8 (139s)
  [vq] W32/w1 stage 5/8 (146s)
  [vq] W32/w1 stage 6/8 (155s)
  [vq] W32/w1 stage 7/8 (163s)
  [vq] W32/w1 stage 8/8 (171s)
  [vq] W32/w3 stage 1/8 (179s)
  [vq] W32/w3 stage 2/8 (187s)
  [vq] W32/w3 stage 3/8 (195s)
  [vq] W32/w3 stage 4/8 (203s)
  [vq] W32/w3 stage 5/8 (211s)
  [vq] W32/w3 stage 6/8 (219s)
  [vq] W32/w3 stage 7/8 (227s)
  [vq] W32/w3 stage 8/8 (235s)
  [vq] W32/w2 stage 1/8 (243s)
  [vq] W32/w2 stage 2/8 (251s)
  [vq] W32/w2 stage 3/8 (259s)
  [vq] W32/w2 stage 4/8 (267s)
  [vq] W32/w2 stage 5/8 (276s)
  [vq] W32/w2 stage 6/8 (284s)
  [vq] W32/w2 stage 7/8 (292s)
  [vq] W32/w2 stage 8/8 (300s)
  [vq] W32-shuf20260816/w1 stage 1/8 (308s)
  [vq] W32-shuf20260816/w1 stage 2/8 (316s)
  [vq] W32-shuf20260816/w1 stage 3/8 (324s)
  [vq] W32-shuf20260816/w1 stage 4/8 (332s)
  [vq] W32-shuf20260816/w1 stage 5/8 (340s)
  [vq] W32-shuf20260816/w1 stage 6/8 (348s)
  [vq] W32-shuf20260816/w1 stage 7/8 (356s)
  [vq] W32-shuf20260816/w1 stage 8/8 (364s)
  [vq] W32-shuf20260816/w3 stage 1/8 (372s)
  [vq] W32-shuf20260816/w3 stage 2/8 (380s)
  [vq] W32-shuf20260816/w3 stage 3/8 (389s)
  [vq] W32-shuf20260816/w3 stage 4/8 (397s)
  [vq] W32-shuf20260816/w3 stage 5/8 (405s)
  [vq] W32-shuf20260816/w3 stage 6/8 (413s)
  [vq] W32-shuf20260816/w3 stage 7/8 (421s)
  [vq] W32-shuf20260816/w3 stage 8/8 (429s)
  [vq] W32-shuf20260816/w2 stage 1/8 (437s)
  [vq] W32-shuf20260816/w2 stage 2/8 (445s)
  [vq] W32-shuf20260816/w2 stage 3/8 (453s)
  [vq] W32-shuf20260816/w2 stage 4/8 (461s)
  [vq] W32-shuf20260816/w2 stage 5/8 (469s)
  [vq] W32-shuf20260816/w2 stage 6/8 (477s)
  [vq] W32-shuf20260816/w2 stage 7/8 (485s)
  [vq] W32-shuf20260816/w2 stage 8/8 (493s)
  [vq] W32-shuf20260817/w1 stage 1/8 (501s)
  [vq] W32-shuf20260817/w1 stage 2/8 (509s)
  [vq] W32-shuf20260817/w1 stage 3/8 (517s)
  [vq] W32-shuf20260817/w1 stage 4/8 (525s)
  [vq] W32-shuf20260817/w1 stage 5/8 (533s)
  [vq] W32-shuf20260817/w1 stage 6/8 (542s)
  [vq] W32-shuf20260817/w1 stage 7/8 (550s)
  [vq] W32-shuf20260817/w1 stage 8/8 (559s)
  [vq] W32-shuf20260817/w3 stage 1/8 (567s)
  [vq] W32-shuf20260817/w3 stage 2/8 (576s)
  [vq] W32-shuf20260817/w3 stage 3/8 (584s)
  [vq] W32-shuf20260817/w3 stage 4/8 (593s)
  [vq] W32-shuf20260817/w3 stage 5/8 (602s)
  [vq] W32-shuf20260817/w3 stage 6/8 (610s)
  [vq] W32-shuf20260817/w3 stage 7/8 (619s)
  [vq] W32-shuf20260817/w3 stage 8/8 (627s)
  [vq] W32-shuf20260817/w2 stage 1/8 (636s)
  [vq] W32-shuf20260817/w2 stage 2/8 (644s)
  [vq] W32-shuf20260817/w2 stage 3/8 (653s)
  [vq] W32-shuf20260817/w2 stage 4/8 (662s)
  [vq] W32-shuf20260817/w2 stage 5/8 (670s)
  [vq] W32-shuf20260817/w2 stage 6/8 (679s)
  [vq] W32-shuf20260817/w2 stage 7/8 (688s)
  [vq] W32-shuf20260817/w2 stage 8/8 (696s)
  [vq] W32-shuf20260818/w1 stage 1/8 (705s)
  [vq] W32-shuf20260818/w1 stage 2/8 (713s)
  [vq] W32-shuf20260818/w1 stage 3/8 (722s)
  [vq] W32-shuf20260818/w1 stage 4/8 (730s)
  [vq] W32-shuf20260818/w1 stage 5/8 (739s)
  [vq] W32-shuf20260818/w1 stage 6/8 (748s)
  [vq] W32-shuf20260818/w1 stage 7/8 (756s)
  [vq] W32-shuf20260818/w1 stage 8/8 (765s)
  [vq] W32-shuf20260818/w3 stage 1/8 (774s)
  [vq] W32-shuf20260818/w3 stage 2/8 (782s)
  [vq] W32-shuf20260818/w3 stage 3/8 (791s)
  [vq] W32-shuf20260818/w3 stage 4/8 (799s)
  [vq] W32-shuf20260818/w3 stage 5/8 (808s)
  [vq] W32-shuf20260818/w3 stage 6/8 (817s)
  [vq] W32-shuf20260818/w3 stage 7/8 (825s)
  [vq] W32-shuf20260818/w3 stage 8/8 (834s)
  [vq] W32-shuf20260818/w2 stage 1/8 (845s)
  [vq] W32-shuf20260818/w2 stage 2/8 (853s)
  [vq] W32-shuf20260818/w2 stage 3/8 (862s)
  [vq] W32-shuf20260818/w2 stage 4/8 (870s)
  [vq] W32-shuf20260818/w2 stage 5/8 (879s)
  [vq] W32-shuf20260818/w2 stage 6/8 (888s)
  [vq] W32-shuf20260818/w2 stage 7/8 (897s)
  [vq] W32-shuf20260818/w2 stage 8/8 (906s)
[wd0s] codebook phase 906s (wall 2700s) walled=[]
  [pass2] 8/256 (282s)
  [pass2] 16/256 (563s)
  [pass2] 24/256 (846s)
  [pass2] 32/256 (1132s)
  [pass2] 40/256 (1413s)
  [pass2] 48/256 (1690s)
  [pass2] 56/256 (1960s)
  [pass2] 64/256 (2232s)
  [pass2] 72/256 (2505s)
  [pass2] 80/256 (2776s)
  [pass2] 88/256 (3051s)
  [pass2] 96/256 (3321s)
  [pass2] 104/256 (3590s)
  [pass2] 112/256 (3860s)
  [pass2] 120/256 (4130s)
  [pass2] 128/256 (4398s)
  [pass2] 136/256 (4667s)
  [pass2] 144/256 (4935s)
  [pass2] 152/256 (5204s)
  [pass2] 160/256 (5471s)
  [pass2] 168/256 (5738s)
  [pass2] 176/256 (6008s)
  [pass2] 184/256 (6279s)
  [pass2] 192/256 (6546s)
  [pass2] 200/256 (6814s)
  [pass2] 208/256 (7082s)
  [pass2] 216/256 (7350s)
  [pass2] 224/256 (7619s)
  [pass2] 232/256 (7888s)
  [pass2] 240/256 (8162s)
  [pass2] 248/256 (8437s)
  [pass2] 256/256 (8712s)

[wd0s] operator_layer {"S1-T": 0.799746, "S1-U4": 0.658509, "S2": 0.37763, "W4": 0.327518, "W8": 0.357037, "W32": 0.377761, "W4-shuf20260816": 0.327565, "W8-shuf20260816": 0.357121, "W32-shuf20260816": 0.377735, "W32-shuf20260817": 0.377726, "W32-shuf20260818": 0.377742}
[wd0s] -> logs/streamwd/pass0s_B1.jsonl wall 11865.9s
