[wd1] budget B1 = 1,711,276,032 B | experts 256 | smoke False
  [pass1] 16/256 experts (204 MiB, 77s)
  [pass1] 32/256 experts (408 MiB, 152s)
  [pass1] 48/256 experts (612 MiB, 225s)
  [pass1] 64/256 experts (816 MiB, 298s)
  [pass1] 80/256 experts (1020 MiB, 370s)
  [pass1] 96/256 experts (1224 MiB, 444s)
  [pass1] 112/256 experts (1428 MiB, 517s)
  [pass1] 128/256 experts (1632 MiB, 590s)
  [pass1] 144/256 experts (1836 MiB, 664s)
  [pass1] 160/256 experts (2040 MiB, 735s)
  [pass1] 176/256 experts (2244 MiB, 807s)
  [pass1] 192/256 experts (2448 MiB, 878s)
  [pass1] 208/256 experts (2652 MiB, 950s)
  [pass1] 224/256 experts (2856 MiB, 1021s)
  [pass1] 240/256 experts (3060 MiB, 1092s)
  [pass1] 256/256 experts (3264 MiB, 1163s)
[wd1] PASS1 done 1163s, fetched 3264 MiB
[wd1] measured ranks  C 1075 (1,711,089,180 B)  D 296 (1,709,330,459 B)  E 541 (1,708,921,883 B)
  [vq] w1 stage 1/8 (8s)
  [vq] w1 stage 2/8 (16s)
  [vq] w1 stage 3/8 (24s)
  [vq] w1 stage 4/8 (32s)
  [vq] w1 stage 5/8 (41s)
  [vq] w1 stage 6/8 (49s)
  [vq] w1 stage 7/8 (57s)
  [vq] w1 stage 8/8 (65s)
  [vq] w3 stage 1/8 (73s)
  [vq] w3 stage 2/8 (82s)
  [vq] w3 stage 3/8 (90s)
  [vq] w3 stage 4/8 (98s)
  [vq] w3 stage 5/8 (106s)
  [vq] w3 stage 6/8 (114s)
  [vq] w3 stage 7/8 (122s)
  [vq] w3 stage 8/8 (131s)
  [vq] w2 stage 1/8 (139s)
  [vq] w2 stage 2/8 (147s)
  [vq] w2 stage 3/8 (155s)
  [vq] w2 stage 4/8 (164s)
  [vq] w2 stage 5/8 (172s)
  [vq] w2 stage 6/8 (180s)
  [vq] w2 stage 7/8 (189s)
  [vq] w2 stage 8/8 (197s)
[wd1] VQ stages complete 8/8 (197s, wall 2700s) -> BAR2-eligible True
  [pass2] 8/256 (155s)
  [pass2] 16/256 (215s)
  [pass2] 24/256 (274s)
  [pass2] 32/256 (335s)
  [pass2] 40/256 (394s)
  [pass2] 48/256 (453s)
  [pass2] 56/256 (512s)
  [pass2] 64/256 (572s)
  [pass2] 72/256 (631s)
  [pass2] 80/256 (691s)
  [pass2] 88/256 (751s)
  [pass2] 96/256 (811s)
  [pass2] 104/256 (870s)
  [pass2] 112/256 (930s)
  [pass2] 120/256 (990s)
  [pass2] 128/256 (1053s)
  [pass2] 136/256 (1113s)
  [pass2] 144/256 (1173s)
  [pass2] 152/256 (1233s)
  [pass2] 160/256 (1293s)
  [pass2] 168/256 (1352s)
  [pass2] 176/256 (1411s)
  [pass2] 184/256 (1472s)
  [pass2] 192/256 (1534s)
  [pass2] 200/256 (1594s)
  [pass2] 208/256 (1652s)
  [pass2] 216/256 (1712s)
  [pass2] 224/256 (1770s)
  [pass2] 232/256 (1828s)
  [pass2] 240/256 (1889s)
  [pass2] 248/256 (1950s)
  [pass2] 256/256 (2009s)

[wd1] FROBENIUS {"A": 0.7695278184736828, "B": 0.34999231642799983, "C": 0.8106005995461036, "D": 0.8164481596949105, "E": 0.847409162118043}
[wd1] -> logs/streamwd/pass12_B1.jsonl  wall 3394.5s
