[wd1] budget B1 = 1,711,276,032 B | experts 256 | smoke False
  [pass1] 16/256 experts (204 MiB, 73s)
  [pass1] 32/256 experts (408 MiB, 144s)
  [pass1] 48/256 experts (612 MiB, 215s)
  [pass1] 64/256 experts (816 MiB, 285s)
  [pass1] 80/256 experts (1020 MiB, 356s)
  [pass1] 96/256 experts (1224 MiB, 428s)
  [pass1] 112/256 experts (1428 MiB, 501s)
  [pass1] 128/256 experts (1632 MiB, 570s)
  [pass1] 144/256 experts (1836 MiB, 639s)
  [pass1] 160/256 experts (2040 MiB, 707s)
  [pass1] 176/256 experts (2244 MiB, 777s)
  [pass1] 192/256 experts (2448 MiB, 848s)
  [pass1] 208/256 experts (2652 MiB, 919s)
  [pass1] 224/256 experts (2856 MiB, 989s)
  [pass1] 240/256 experts (3060 MiB, 1060s)
  [pass1] 256/256 experts (3264 MiB, 1132s)
[wd1] PASS1 done 1132s, fetched 3264 MiB
[wd1] measured ranks  C 1075 (1,711,089,180 B)  D 296 (1,709,330,459 B)  E 541 (1,708,921,883 B)
  [vq] w1 stage 1/8 (8s)
  [vq] w1 stage 2/8 (16s)
  [vq] w1 stage 3/8 (24s)
  [vq] w1 stage 4/8 (32s)
  [vq] w1 stage 5/8 (40s)
  [vq] w1 stage 6/8 (48s)
  [vq] w1 stage 7/8 (57s)
  [vq] w1 stage 8/8 (65s)
  [vq] w3 stage 1/8 (73s)
  [vq] w3 stage 2/8 (81s)
  [vq] w3 stage 3/8 (89s)
  [vq] w3 stage 4/8 (97s)
  [vq] w3 stage 5/8 (105s)
  [vq] w3 stage 6/8 (113s)
  [vq] w3 stage 7/8 (121s)
  [vq] w3 stage 8/8 (129s)
  [vq] w2 stage 1/8 (138s)
  [vq] w2 stage 2/8 (146s)
  [vq] w2 stage 3/8 (154s)
  [vq] w2 stage 4/8 (162s)
  [vq] w2 stage 5/8 (170s)
  [vq] w2 stage 6/8 (178s)
  [vq] w2 stage 7/8 (186s)
  [vq] w2 stage 8/8 (194s)
[wd1] VQ stages complete 8/8 (194s, wall 2700s) -> BAR2-eligible True
  [pass2] 8/256 (156s)
  [pass2] 16/256 (309s)
  [pass2] 24/256 (463s)
  [pass2] 32/256 (615s)
  [pass2] 40/256 (766s)
  [pass2] 48/256 (922s)
  [pass2] 56/256 (1077s)
  [pass2] 64/256 (1231s)
  [pass2] 72/256 (1382s)
  [pass2] 80/256 (1536s)
  [pass2] 88/256 (1691s)
  [pass2] 96/256 (1844s)
  [pass2] 104/256 (2000s)
  [pass2] 112/256 (2154s)
  [pass2] 120/256 (2308s)
  [pass2] 128/256 (2460s)
  [pass2] 136/256 (2614s)
  [pass2] 144/256 (2769s)
  [pass2] 152/256 (2922s)
  [pass2] 160/256 (3074s)
  [pass2] 168/256 (3227s)
  [pass2] 176/256 (3381s)
  [pass2] 184/256 (3533s)
  [pass2] 192/256 (3701s)
  [pass2] 200/256 (3863s)
  [pass2] 208/256 (4026s)
  [pass2] 216/256 (4182s)
  [pass2] 224/256 (4344s)
  [pass2] 232/256 (4509s)
  [pass2] 240/256 (4695s)
  [pass2] 248/256 (4876s)
  [pass2] 256/256 (5032s)
[wd1] arm A bytes 1,711,276,051 <= 1,711,276,032 ? False
[wd1] arm B bytes 1,611,005,982 <= 1,711,276,032 ? True
[wd1] arm C bytes 1,711,089,180 <= 1,711,276,032 ? True
[wd1] arm D bytes 1,709,330,459 <= 1,711,276,032 ? True
[wd1] arm E bytes 1,708,921,883 <= 1,711,276,032 ? True

[wd1] FROBENIUS {"A": 0.7695278184736828, "B": 0.3500924144521099, "C": 0.8106006060229173, "D": 0.8135898355855792, "E": 0.8474091661059401}
[wd1] -> logs/streamwd/pass12_B1.jsonl  wall 6384.6s
