[v2] device cpu | experts 256 | smoke False
[v2] downloading model-00024-of-00048.safetensors -> /Users/artin/shards/7872f01b1d1f_model-00024-of-00048.safetensors (auth=yes)
  [dl] 1.0/3.3 GiB (18 MiB/s)
  [dl] 2.0/3.3 GiB (18 MiB/s)
  [dl] 3.0/3.3 GiB (18 MiB/s)
[v2] shard cached in 192s (3.34 GiB)
[v2] PASS1 924s
[v2] codebooks 378s
  [pass2] 8/256 (161s)
  [pass2] 16/256 (322s)
  [pass2] 24/256 (483s)
  [pass2] 32/256 (644s)
  [pass2] 40/256 (806s)
  [pass2] 48/256 (967s)
  [pass2] 56/256 (1129s)
  [pass2] 64/256 (1294s)
  [pass2] 72/256 (1458s)
  [pass2] 80/256 (1619s)
  [pass2] 88/256 (1780s)
  [pass2] 96/256 (1941s)
  [pass2] 104/256 (2102s)
  [pass2] 112/256 (2263s)
  [pass2] 120/256 (2425s)
  [pass2] 128/256 (2586s)
  [pass2] 136/256 (2749s)
  [pass2] 144/256 (2918s)
  [pass2] 152/256 (3086s)
  [pass2] 160/256 (3253s)
  [pass2] 168/256 (3421s)
  [pass2] 176/256 (3590s)
  [pass2] 184/256 (3758s)
  [pass2] 192/256 (3920s)
  [pass2] 200/256 (4081s)
  [pass2] 208/256 (4243s)
  [pass2] 216/256 (4407s)
  [pass2] 224/256 (4575s)
  [pass2] 232/256 (4743s)
  [pass2] 240/256 (4915s)
  [pass2] 248/256 (5096s)
  [pass2] 256/256 (5275s)
[v2] operator_layer {"S1-T": 0.799746, "S1-U4": 0.658509, "S2": 0.37763, "W4": 0.327518, "W8": 0.356988, "W32": 0.377668, "W4-shuf20260816": 0.327565, "W8-shuf20260816": 0.356916, "W32-shuf20260816": 0.377715, "W32-shuf20260817": 0.377705, "W32-shuf20260818": 0.377758}
[v2] -> logs/streamwd/v2census_L22.jsonl wall 6771.6s (p1 924 vq 378 p2 5275)
