[curric] D2 excision: 165028 -> 164896 rows
[xterm] micromodel_atoms_shard0.jsonl: 6000 farmed, 6000 after in-driver band excision
[xterm] arm=control seed=3: stock 164490 seq, train 170490 seq, extra {'atom-oneply': 6000, 'xterm-oneply': 0}
[curric] D2 excision: 165028 -> 164896 rows
164896 rows; charset 42; uncovered chars: [':', 'C', 'H', 'I', 'S', '_', 'a', 'b', 'c', 'e']
skipped 388 out-of-language rows (strict encode; historically silently mangled)
164490 sequences, vocab 40
model: 18.9M params on mps [fast: bf16 + token-budget]
[curric] NO-OP PASS: 100 tuples + epoch length 5140 match the trainer path
[xterm] steps_total 15420 (5140/epoch)
[xterm] ep0: 5140 batches (187 dropped to match stock count), extra rows in stream {'atom-oneply': 5820, 'xterm-oneply': 0}
  step 200/15420 loss 0.999 (5.1 it/s)
  step 400/15420 loss 0.873 (5.2 it/s)
  step 600/15420 loss 0.876 (5.3 it/s)
  step 800/15420 loss 1.027 (5.2 it/s)
  step 1000/15420 loss 0.479 (5.3 it/s)
  step 1200/15420 loss 0.540 (5.4 it/s)
  step 1400/15420 loss 0.566 (5.4 it/s)
  step 1600/15420 loss 0.481 (5.4 it/s)
  step 1800/15420 loss 0.483 (5.4 it/s)
  step 2000/15420 loss 0.394 (5.4 it/s)
  step 2200/15420 loss 0.444 (5.4 it/s)
  step 2400/15420 loss 0.255 (5.4 it/s)
  step 2600/15420 loss 0.376 (5.4 it/s)
  step 2800/15420 loss 0.482 (5.4 it/s)
  step 3000/15420 loss 0.488 (5.4 it/s)
  step 3200/15420 loss 0.374 (5.4 it/s)
  step 3400/15420 loss 0.475 (5.4 it/s)
  step 3600/15420 loss 0.406 (5.4 it/s)
  step 3800/15420 loss 0.479 (5.4 it/s)
  step 4000/15420 loss 0.394 (5.4 it/s)
  step 4200/15420 loss 0.439 (5.4 it/s)
  step 4400/15420 loss 0.389 (5.4 it/s)
  step 4600/15420 loss 0.371 (5.4 it/s)
  step 4800/15420 loss 0.542 (5.4 it/s)
  step 5000/15420 loss 0.382 (5.4 it/s)
[xterm] ep1: 5140 batches (187 dropped to match stock count), extra rows in stream {'atom-oneply': 5706, 'xterm-oneply': 0}
  step 5200/15420 loss 0.244 (5.4 it/s)
  step 5400/15420 loss 0.379 (5.4 it/s)
  step 5600/15420 loss 0.382 (5.4 it/s)
  step 5800/15420 loss 0.450 (5.4 it/s)
  step 6000/15420 loss 0.465 (5.4 it/s)
  step 6200/15420 loss 0.384 (5.4 it/s)
  step 6400/15420 loss 0.285 (5.4 it/s)
  step 6600/15420 loss 0.454 (5.4 it/s)
  step 6800/15420 loss 0.302 (5.4 it/s)
  step 7000/15420 loss 0.228 (5.4 it/s)
  step 7200/15420 loss 0.429 (5.4 it/s)
  step 7400/15420 loss 0.369 (5.4 it/s)
  step 7600/15420 loss 0.328 (5.4 it/s)
  step 7800/15420 loss 0.425 (5.4 it/s)
  step 8000/15420 loss 0.325 (5.4 it/s)
  step 8200/15420 loss 0.284 (5.4 it/s)
  step 8400/15420 loss 0.311 (5.4 it/s)
  step 8600/15420 loss 0.297 (5.4 it/s)
  step 8800/15420 loss 0.454 (5.4 it/s)
  step 9000/15420 loss 0.653 (5.4 it/s)
  step 9200/15420 loss 0.791 (5.4 it/s)
  step 9400/15420 loss 0.745 (5.4 it/s)
  step 9600/15420 loss 0.443 (5.4 it/s)
  step 9800/15420 loss 0.419 (5.4 it/s)
  step 10000/15420 loss 0.523 (5.4 it/s)
  step 10200/15420 loss 0.342 (5.4 it/s)
[xterm] ep2: 5140 batches (187 dropped to match stock count), extra rows in stream {'atom-oneply': 5850, 'xterm-oneply': 0}
  step 10400/15420 loss 0.245 (5.4 it/s)
  step 10600/15420 loss 0.369 (5.4 it/s)
  step 10800/15420 loss 0.180 (5.4 it/s)
  step 11000/15420 loss 0.368 (5.4 it/s)
  step 11200/15420 loss 0.332 (5.4 it/s)
  step 11400/15420 loss 0.252 (5.4 it/s)
  step 11600/15420 loss 0.288 (5.4 it/s)
  step 11800/15420 loss 0.335 (5.4 it/s)
  step 12000/15420 loss 0.510 (5.4 it/s)
  step 12200/15420 loss 0.410 (5.4 it/s)
  step 12400/15420 loss 0.282 (5.4 it/s)
  step 12600/15420 loss 0.291 (5.4 it/s)
  step 12800/15420 loss 0.573 (5.4 it/s)
  step 13000/15420 loss 0.467 (5.4 it/s)
  step 13200/15420 loss 0.392 (5.4 it/s)
  step 13400/15420 loss 0.368 (5.4 it/s)
  step 13600/15420 loss 0.319 (5.4 it/s)
  step 13800/15420 loss 0.228 (5.4 it/s)
  step 14000/15420 loss 0.481 (5.4 it/s)
  step 14200/15420 loss 0.342 (5.4 it/s)
  step 14400/15420 loss 0.344 (5.4 it/s)
  step 14600/15420 loss 0.463 (5.4 it/s)
  step 14800/15420 loss 0.174 (5.4 it/s)
  step 15000/15420 loss 0.288 (5.4 it/s)
  step 15200/15420 loss 0.550 (5.4 it/s)
  step 15400/15420 loss 0.418 (5.4 it/s)
[xterm] saved checkpoints/gallery19m_xtermcontrol_s3.pt after 15420 steps (2839s)
[gate] weights sha 7ddd0da82f31ae21
[xterm] GATE arm=control s3 {3: 22, 4: 12, 5: 16, 6: 9, 7: 13} = 72/120 @ 63.93%
