[curric] D2 excision: 165028 -> 164896 rows
[xterm] micromodel_atoms_shard0.jsonl: 6000 farmed, 6000 after in-driver band excision
[xterm] micromodel_xterm_shard0.jsonl: 2600 farmed, 2600 after in-driver band excision
[xterm] arm=xterm seed=3: stock 164490 seq, train 173090 seq, extra {'atom-oneply': 6000, 'xterm-oneply': 2600}
[curric] D2 excision: 165028 -> 164896 rows
164896 rows; charset 42; uncovered chars: [':', 'C', 'H', 'I', 'S', '_', 'a', 'b', 'c', 'e']
skipped 388 out-of-language rows (strict encode; historically silently mangled)
164490 sequences, vocab 40
model: 18.9M params on mps [fast: bf16 + token-budget]
[curric] NO-OP PASS: 100 tuples + epoch length 5140 match the trainer path
[xterm] steps_total 15420 (5140/epoch)
[xterm] ep0: 5140 batches (269 dropped to match stock count), extra rows in stream {'atom-oneply': 5798, 'xterm-oneply': 2486}
  step 200/15420 loss 1.008 (5.3 it/s)
  step 400/15420 loss 0.895 (5.4 it/s)
  step 600/15420 loss 0.698 (5.5 it/s)
  step 800/15420 loss 0.519 (5.5 it/s)
  step 1000/15420 loss 0.476 (5.4 it/s)
  step 1200/15420 loss 0.548 (5.5 it/s)
  step 1400/15420 loss 0.410 (5.5 it/s)
  step 1600/15420 loss 0.419 (5.5 it/s)
  step 1800/15420 loss 0.283 (5.5 it/s)
  step 2000/15420 loss 0.632 (5.5 it/s)
  step 2200/15420 loss 0.243 (5.5 it/s)
  step 2400/15420 loss 0.543 (5.5 it/s)
  step 2600/15420 loss 0.363 (5.5 it/s)
  step 2800/15420 loss 0.452 (5.5 it/s)
  step 3000/15420 loss 0.581 (5.5 it/s)
  step 3200/15420 loss 0.462 (5.5 it/s)
  step 3400/15420 loss 0.396 (5.4 it/s)
  step 3600/15420 loss 0.497 (5.4 it/s)
  step 3800/15420 loss 0.323 (5.4 it/s)
  step 4000/15420 loss 0.428 (5.4 it/s)
  step 4200/15420 loss 0.700 (5.4 it/s)
  step 4400/15420 loss 0.376 (5.4 it/s)
  step 4600/15420 loss 0.383 (5.4 it/s)
  step 4800/15420 loss 0.461 (5.4 it/s)
  step 5000/15420 loss 0.389 (5.4 it/s)
[xterm] ep1: 5140 batches (269 dropped to match stock count), extra rows in stream {'atom-oneply': 5661, 'xterm-oneply': 2487}
  step 5200/15420 loss 0.340 (5.4 it/s)
  step 5400/15420 loss 0.225 (5.4 it/s)
  step 5600/15420 loss 0.519 (5.4 it/s)
  step 5800/15420 loss 0.361 (5.4 it/s)
  step 6000/15420 loss 0.456 (5.4 it/s)
  step 6200/15420 loss 0.351 (5.4 it/s)
  step 6400/15420 loss 0.322 (5.4 it/s)
  step 6600/15420 loss 0.750 (5.4 it/s)
  step 6800/15420 loss 0.284 (5.4 it/s)
  step 7000/15420 loss 0.347 (5.4 it/s)
  step 7200/15420 loss 0.512 (5.4 it/s)
  step 7400/15420 loss 0.350 (5.4 it/s)
  step 7600/15420 loss 0.349 (5.4 it/s)
  step 7800/15420 loss 0.662 (5.4 it/s)
  step 8000/15420 loss 0.390 (5.4 it/s)
  step 8200/15420 loss 0.319 (5.4 it/s)
  step 8400/15420 loss 0.357 (5.4 it/s)
  step 8600/15420 loss 0.374 (5.4 it/s)
  step 8800/15420 loss 0.441 (5.4 it/s)
  step 9000/15420 loss 0.381 (5.4 it/s)
  step 9200/15420 loss 0.595 (5.4 it/s)
  step 9400/15420 loss 0.201 (5.4 it/s)
  step 9600/15420 loss 0.363 (5.4 it/s)
  step 9800/15420 loss 0.309 (5.4 it/s)
  step 10000/15420 loss 0.331 (5.4 it/s)
  step 10200/15420 loss 0.338 (5.4 it/s)
[xterm] ep2: 5140 batches (269 dropped to match stock count), extra rows in stream {'atom-oneply': 5763, 'xterm-oneply': 2455}
  step 10400/15420 loss 0.321 (5.4 it/s)
  step 10600/15420 loss 0.380 (5.4 it/s)
  step 10800/15420 loss 0.369 (5.4 it/s)
  step 11000/15420 loss 0.213 (5.4 it/s)
  step 11200/15420 loss 0.565 (5.4 it/s)
  step 11400/15420 loss 0.318 (5.4 it/s)
  step 11600/15420 loss 0.228 (5.4 it/s)
  step 11800/15420 loss 0.322 (5.4 it/s)
  step 12000/15420 loss 0.572 (5.4 it/s)
  step 12200/15420 loss 0.310 (5.4 it/s)
  step 12400/15420 loss 0.476 (5.4 it/s)
  step 12600/15420 loss 0.333 (5.4 it/s)
  step 12800/15420 loss 0.505 (5.4 it/s)
  step 13000/15420 loss 0.292 (5.4 it/s)
  step 13200/15420 loss 0.262 (5.4 it/s)
  step 13400/15420 loss 0.323 (5.4 it/s)
  step 13600/15420 loss 0.364 (5.4 it/s)
  step 13800/15420 loss 0.308 (5.4 it/s)
  step 14000/15420 loss 0.282 (5.4 it/s)
  step 14200/15420 loss 0.549 (5.4 it/s)
  step 14400/15420 loss 0.326 (5.4 it/s)
  step 14600/15420 loss 0.309 (5.4 it/s)
  step 14800/15420 loss 0.428 (5.4 it/s)
  step 15000/15420 loss 0.301 (5.4 it/s)
  step 15200/15420 loss 0.339 (5.4 it/s)
  step 15400/15420 loss 0.290 (5.4 it/s)
[xterm] saved checkpoints/gallery19m_xtermxterm_s3.pt after 15420 steps (2852s)
[gate] weights sha 7c26fb7b3bc09bef
[xterm] GATE arm=xterm s3 {3: 24, 4: 11, 5: 15, 6: 8, 7: 12} = 70/120 @ 64.14%
